03-02 19:51:14.015  1111  5286 I chatty  : uid=1000(system) Binder:1111_11 expire 3 lines
03-02 19:51:14.185  1111  2816 I chatty  : uid=1000(system) Binder:1111_E expire 30 lines
03-02 19:51:14.342  1111  2094 I chatty  : uid=1000(system) UEventObserver expire 4 lines
03-02 19:51:14.516  1111  2468 I chatty  : uid=1000(system) Binder:1111_6 expire 17 lines
03-02 19:51:14.881 11736 11736 D ActivityThread: ActivityThread,attachApplication
03-02 19:51:15.282 11764 11764 D ActivityThread: ActivityThread,attachApplication
03-02 19:51:15.426  1111  2168 I chatty  : uid=1000(system) ConnectivitySer expire 2 lines
03-02 19:51:15.485  2445  2445 I HwCoreAppHelperService: LocalReceiver receives:android.intent.action.PACKAGE_RESTARTED,pkg:com.huawei.hidisk,uid:1001
03-02 19:51:15.569 11790 11790 D ActivityThread: ActivityThread,attachApplication
03-02 19:51:15.571  1111  1169 I chatty  : uid=1000(system) Binder:1111_1 expire 3 lines
03-02 19:51:15.702  1111  5833 I chatty  : uid=1000(system) Binder:1111_13 expire 4 lines
03-02 19:51:18.275  1111  1469 I chatty  : uid=1000(system) ThirdAppHandler expire 6 lines
03-02 19:51:18.408 11874 11874 D ActivityThread: ActivityThread,attachApplication
03-02 19:51:19.153  1111  2468 I chatty  : uid=1000(system) Binder:1111_6 expire 1 line
03-02 19:51:19.174  1111  2816 I chatty  : uid=1000(system) Binder:1111_E expire 15 lines
03-02 19:51:19.325  1111  1462 I chatty  : uid=1000(system) ActivityManager expire 2 lines
03-02 19:51:19.422 11914 11914 D ActivityThread: ActivityThread,attachApplication
03-02 19:51:19.619  1111  1548 I chatty  : uid=1000(system) android.io expire 12 lines
03-02 19:51:19.747  1111  5833 I chatty  : uid=1000(system) Binder:1111_13 expire 2 lines
03-02 19:51:19.935  1111  5026 I chatty  : uid=1000(system) Binder:1111_10 expire 1 line
03-02 19:51:20.878  1111 11076 I chatty  : uid=1000 system_server expire 8 lines
03-02 19:51:20.955  1111 11767 I chatty  : uid=1000(system) Binder:1111_1E expire 17 lines
03-02 19:51:20.961  1111  1579 I chatty  : uid=1000(system) PowerManagerSer expire 11 lines
03-02 19:51:21.012  1111  1249 I chatty  : uid=1000(system) Binder:1111_2 expire 24 lines
03-02 19:51:21.152  1111  1111 I chatty  : uid=1000 system_server expire 47 lines
03-02 19:51:21.248  1111  2233 I chatty  : uid=1000(system) PhotonicModulat expire 1 line
03-02 19:51:21.248  1111  1549 I chatty  : uid=1000(system) android.display expire 3 lines
03-02 19:51:21.280  1111  2503 I chatty  : uid=1000(system) Binder:1111_9 expire 8 lines
03-02 19:51:21.369  1111  2165 I chatty  : uid=1000(system) WifiP2pService expire 4 lines
03-02 19:51:21.430  1111  1463 I chatty  : uid=1000(system) android.ui expire 2 lines
03-02 19:51:21.583  1111  2151 I chatty  : uid=1000(system) tworkPolicy.uid expire 2 lines
03-02 19:51:21.590   883   907 E SchedPolicy: add_tid_to_cgroup failed; fd=-1
03-02 19:51:21.591  1111  2148 I chatty  : uid=1000(system) NetdConnector expire 4 lines
03-02 19:51:22.047  1111  1663 I chatty  : uid=1000(system) Binder:1111_3 expire 14 lines
03-02 19:51:22.448  1111  7729 I chatty  : uid=1000(system) Binder:1111_17 expire 19 lines
03-02 19:51:23.475  1111  5286 I chatty  : uid=1000(system) Binder:1111_11 expire 6 lines
03-02 19:51:25.166 11958 11958 D ActivityThread: ActivityThread,attachApplication
03-02 19:51:25.694 11995 11995 D ActivityThread: ActivityThread,attachApplication
03-02 19:51:26.311   883   907 E SchedPolicy: add_tid_to_cgroup failed; fd=-1
03-02 19:51:26.315   883   907 I chatty  : uid=0(root) iaware identical 2 lines
03-02 19:51:26.323   883   907 E SchedPolicy: add_tid_to_cgroup failed; fd=-1
03-02 19:51:26.445 12030 12030 D ActivityThread: ActivityThread,attachApplication
03-02 19:51:27.093  1111  2094 I chatty  : uid=1000(system) UEventObserver expire 18 lines
03-02 19:51:27.812  1111  2371 I chatty  : uid=1000(system) watchdog expire 1 line
03-02 19:51:29.078  1111  4041 I chatty  : uid=1000(system) Binder:1111_F expire 8 lines
03-02 19:51:29.544  1111  2815 I chatty  : uid=1000(system) Binder:1111_D expire 4 lines
03-02 19:51:30.119 12295 12295 D ActivityThread: ActivityThread,attachApplication
03-02 19:51:31.176  1111  2816 I chatty  : uid=1000(system) Binder:1111_E expire 12 lines
03-02 19:51:55.747  1111  1111 I chatty  : uid=1000 system_server expire 14 lines
03-02 19:51:55.749  1111  1548 I chatty  : uid=1000(system) android.io expire 61 lines
03-02 19:51:57.815  1111  2371 I chatty  : uid=1000(system) watchdog expire 6 lines
03-02 19:51:59.198  1111  2094 I chatty  : uid=1000(system) UEventObserver expire 69 lines
03-02 19:52:07.368  1111  1475 I chatty  : uid=1000(system) batterystats-sy expire 9 lines
03-02 19:52:07.415  1111  2503 I chatty  : uid=1000(system) Binder:1111_9 expire 5 lines
03-02 19:52:07.418  1111  1249 I chatty  : uid=1000(system) Binder:1111_2 expire 3 lines
03-02 19:52:07.431  1111  1463 I chatty  : uid=1000(system) android.ui expire 1 line
03-02 19:52:07.537 12431 12431 D ActivityThread: ActivityThread,attachApplication
03-02 19:52:08.529  1111  1111 I chatty  : uid=1000 system_server expire 78 lines
03-02 19:52:08.699  1111  1459 I chatty  : uid=1000(system) android.bg expire 1 line
03-02 19:53:25.769  1111  7729 I chatty  : uid=1000(system) Binder:1111_17 expire 1 line
03-02 19:54:57.829  1111  2371 I chatty  : uid=1000(system) watchdog expire 8 lines
03-02 19:54:59.265  1111  1548 I chatty  : uid=1000(system) android.io expire 74 lines
03-02 19:55:03.844  1111  2094 I chatty  : uid=1000(system) UEventObserver expire 81 lines
03-02 19:55:03.875  1111  1111 I chatty  : uid=1000 system_server expire 80 lines
03-02 19:56:00.086  1111  1475 I chatty  : uid=1000(system) batterystats-sy expire 9 lines
03-02 19:58:17.302  1111  2816 I chatty  : uid=1000(system) Binder:1111_E expire 3 lines
03-02 19:58:40.600  1111  2094 I chatty  : uid=1000(system) UEventObserver expire 18 lines
03-02 19:58:40.628  1111  1111 I chatty  : uid=1000 system_server expire 17 lines
03-02 19:58:41.863  1111  1548 I chatty  : uid=1000(system) android.io expire 14 lines
03-02 19:58:57.844  1111  2371 I chatty  : uid=1000(system) watchdog expire 2 lines
03-02 19:59:00.679  2481  2481 W SettingsEx: SettingsEx.Systemex.getString deprecated use Settings.System.getString instead ;callers=com.android.internal.telephony.gsm.HwCustGsmServiceStateManagerImpl.isMccForShowNetname:209 com.android.internal.telephony.gsm.HwCustGsmServiceStateManagerImpl.isShowNetnameByMcc:200 com.android.internal.telephony.gsm.HwCustGsmServiceStateManagerImpl.setOnsDisplayCustomization:151 
03-02 19:59:00.721  1111  1462 I chatty  : uid=1000(system) ActivityManager expire 5 lines
03-02 19:59:00.800  1111  7729 I chatty  : uid=1000(system) Binder:1111_17 expire 5 lines
03-02 19:59:00.826  2481  2481 W SettingsEx: SettingsEx.Systemex.getString deprecated use Settings.System.getString instead ;callers=com.android.internal.telephony.gsm.HwCustGsmServiceStateManagerImpl.isMccForShowNetname:209 com.android.internal.telephony.gsm.HwCustGsmServiceStateManagerImpl.isShowNetnameByMcc:200 com.android.internal.telephony.gsm.HwCustGsmServiceStateManagerImpl.setOnsDisplayCustomization:151 
03-02 19:59:00.847  2481  2481 D Telephony-TelecomAccountRegistry: onServiceStateChanged1 newState : 0, mServiceState : 0
03-02 19:59:22.673  2481  2481 W SettingsEx: SettingsEx.Systemex.getString deprecated use Settings.System.getString instead ;callers=com.android.internal.telephony.gsm.HwCustGsmServiceStateManagerImpl.isMccForShowNetname:209 com.android.internal.telephony.gsm.HwCustGsmServiceStateManagerImpl.isShowNetnameByMcc:200 com.android.internal.telephony.gsm.HwCustGsmServiceStateManagerImpl.setOnsDisplayCustomization:151 
03-02 19:59:22.690  1111  1111 I chatty  : uid=1000 system_server expire 15 lines
03-02 19:59:22.743  2481  2481 W SettingsEx: SettingsEx.Systemex.getString deprecated use Settings.System.getString instead ;callers=com.android.internal.telephony.gsm.HwCustGsmServiceStateManagerImpl.isMccForShowNetname:209 com.android.internal.telephony.gsm.HwCustGsmServiceStateManagerImpl.isShowNetnameByMcc:200 com.android.internal.telephony.gsm.HwCustGsmServiceStateManagerImpl.setOnsDisplayCustomization:151 
03-02 19:59:22.762  2481  2481 D Telephony-TelecomAccountRegistry: onServiceStateChanged1 newState : 0, mServiceState : 0
03-02 19:59:23.975  1111  1548 I chatty  : uid=1000(system) android.io expire 10 lines
03-02 19:59:28.788  1111  2094 I chatty  : uid=1000(system) UEventObserver expire 10 lines
03-02 19:59:36.666  2481  2481 W SettingsEx: SettingsEx.Systemex.getString deprecated use Settings.System.getString instead ;callers=com.android.internal.telephony.gsm.HwCustGsmServiceStateManagerImpl.isMccForShowNetname:209 com.android.internal.telephony.gsm.HwCustGsmServiceStateManagerImpl.isShowNetnameByMcc:200 com.android.internal.telephony.gsm.HwCustGsmServiceStateManagerImpl.setOnsDisplayCustomization:151 
03-02 19:59:36.734  2481  2481 W SettingsEx: SettingsEx.Systemex.getString deprecated use Settings.System.getString instead ;callers=com.android.internal.telephony.gsm.HwCustGsmServiceStateManagerImpl.isMccForShowNetname:209 com.android.internal.telephony.gsm.HwCustGsmServiceStateManagerImpl.isShowNetnameByMcc:200 com.android.internal.telephony.gsm.HwCustGsmServiceStateManagerImpl.setOnsDisplayCustomization:151 
03-02 19:59:36.750  2481  2481 D Telephony-TelecomAccountRegistry: onServiceStateChanged1 newState : 0, mServiceState : 0
03-02 19:59:36.873  1111  1475 I chatty  : uid=1000(system) batterystats-sy expire 3 lines
03-02 19:59:48.260  1111  2140 I chatty  : uid=1000(system) InputReader expire 2 lines
03-02 19:59:48.264  1111  1579 I chatty  : uid=1000(system) PowerManagerSer expire 7 lines
03-02 19:59:48.334  1111  2086 I chatty  : uid=1000(system) android.anim expire 3 lines
03-02 19:59:48.342  1111  2233 I chatty  : uid=1000(system) PhotonicModulat expire 1 line
03-02 19:59:48.342  1111  1549 I chatty  : uid=1000(system) android.display expire 4 lines
03-02 19:59:48.361  1111 12784 I chatty  : uid=1000 system_server expire 54 lines
03-02 19:59:48.424  1111  5026 I chatty  : uid=1000(system) Binder:1111_10 expire 1 line
03-02 19:59:48.433  1111  2168 I chatty  : uid=1000(system) ConnectivitySer expire 4 lines
03-02 19:59:48.478  1111  2142 I chatty  : uid=1000(system) StorageManagerS expire 4 lines
03-02 19:59:48.513   448   453 I vold    : TrimTask running tasks: 0
03-02 19:59:48.514  1111  2815 I chatty  : uid=1000(system) Binder:1111_D expire 1 line
03-02 19:59:48.514  1111  2145 I chatty  : uid=1000(system) VoldConnector expire 1 line
03-02 19:59:48.532  1111  1111 I chatty  : uid=1000 system_server expire 35 lines
03-02 19:59:48.542  1111  2165 I chatty  : uid=1000(system) WifiP2pService expire 3 lines
03-02 19:59:48.631  1111  1463 I chatty  : uid=1000(system) android.ui expire 12 lines
03-02 19:59:48.785  1111  2814 I chatty  : uid=1000(system) Binder:1111_C expire 3 lines
03-02 19:59:49.497 12795 12795 D ActivityThread: ActivityThread,attachApplication
03-02 19:59:52.896  2445  2445 I HwCoreAppHelperService: LocalReceiver receives:android.intent.action.PACKAGE_RESTARTED,pkg:com.huawei.hidisk,uid:1001
03-02 19:59:52.907  1111 10772 I chatty  : uid=1000(system) Binder:1111_1D expire 1 line
03-02 19:59:52.928  1111  2094 I chatty  : uid=1000(system) UEventObserver expire 2 lines
03-02 19:59:54.055  1111  1548 I chatty  : uid=1000(system) android.io expire 14 lines
03-02 19:59:57.848  1111  2371 I chatty  : uid=1000(system) watchdog expire 3 lines
03-02 19:59:59.444  1111  1462 I chatty  : uid=1000(system) ActivityManager expire 11 lines
03-02 19:59:59.485 12844 12844 D ActivityThread: ActivityThread,attachApplication
03-02 19:59:59.487  1111 11767 I chatty  : uid=1000(system) Binder:1111_1E expire 14 lines
03-02 20:00:00.006  1111  1111 I chatty  : uid=1000 system_server expire 27 lines
03-02 20:00:00.094  1111  2478 I chatty  : uid=1000(system) Binder:1111_7 expire 11 lines
03-02 20:00:00.178  1111  2814 I chatty  : uid=1000(system) Binder:1111_C expire 5 lines
03-02 20:00:00.213 12870 12870 D ActivityThread: ActivityThread,attachApplication
03-02 20:00:00.405  1111  2256 I chatty  : uid=1000(system) Binder:1111_4 expire 7 lines
03-02 20:00:00.589 12903 12903 D ActivityThread: ActivityThread,attachApplication
03-02 20:00:00.903  1111  2094 I chatty  : uid=1000(system) UEventObserver expire 18 lines
03-02 20:00:01.506  1111 12784 I chatty  : uid=1000 system_server expire 14 lines
03-02 20:00:02.798  1111  2149 I chatty  : uid=1000(system) NetworkStats expire 7 lines
03-02 20:00:02.818  1111  2148 I chatty  : uid=1000(system) NetdConnector expire 4 lines
03-02 20:00:02.935 12950 12950 D ActivityThread: ActivityThread,attachApplication
03-02 20:00:03.375  1111  2815 I chatty  : uid=1000(system) Binder:1111_D expire 7 lines
03-02 20:00:09.489 12972 12972 D ActivityThread: ActivityThread,attachApplication
03-02 20:00:12.801  1111  1459 I chatty  : uid=1000(system) android.bg expire 1 line
03-02 20:00:33.408  2445  2445 I HwCoreAppHelperService: LocalReceiver receives:android.intent.action.PACKAGE_RESTARTED,pkg:com.huawei.hidisk,uid:1001
03-02 20:00:33.413  1111  2168 I chatty  : uid=1000(system) ConnectivitySer expire 4 lines
03-02 20:00:33.415  1111  1111 I chatty  : uid=1000 system_server expire 11 lines
03-02 20:00:33.419  1111 12784 I chatty  : uid=1000 system_server expire 10 lines
03-02 20:00:36.179  1111  1548 I chatty  : uid=1000(system) android.io expire 8 lines
03-02 20:00:41.038  1111  2094 I chatty  : uid=1000(system) UEventObserver expire 9 lines
03-02 20:00:41.334  2481  2481 W SettingsEx: SettingsEx.Systemex.getString deprecated use Settings.System.getString instead ;callers=com.android.internal.telephony.gsm.HwCustGsmServiceStateManagerImpl.isMccForShowNetname:209 com.android.internal.telephony.gsm.HwCustGsmServiceStateManagerImpl.isShowNetnameByMcc:200 com.android.internal.telephony.gsm.HwCustGsmServiceStateManagerImpl.setOnsDisplayCustomization:151 
03-02 20:00:41.414  2481  2481 W SettingsEx: SettingsEx.Systemex.getString deprecated use Settings.System.getString instead ;callers=com.android.internal.telephony.gsm.HwCustGsmServiceStateManagerImpl.isMccForShowNetname:209 com.android.internal.telephony.gsm.HwCustGsmServiceStateManagerImpl.isShowNetnameByMcc:200 com.android.internal.telephony.gsm.HwCustGsmServiceStateManagerImpl.setOnsDisplayCustomization:151 
03-02 20:00:41.420 13045 13045 D ActivityThread: ActivityThread,attachApplication
03-02 20:00:41.421  1111  7729 I chatty  : uid=1000(system) Binder:1111_17 expire 3 lines
03-02 20:00:41.423  2481  2481 D Telephony-TelecomAccountRegistry: onServiceStateChanged1 newState : 0, mServiceState : 0
03-02 20:00:41.613 13072 13072 D ActivityThread: ActivityThread,attachApplication
03-02 20:00:41.614  1111  1169 I chatty  : uid=1000(system) Binder:1111_1 expire 1 line
03-02 20:00:41.887  1111  2478 I chatty  : uid=1000(system) Binder:1111_7 expire 1 line
03-02 20:00:42.001 13097 13097 D ActivityThread: ActivityThread,attachApplication
03-02 20:00:45.342  1111  1462 I chatty  : uid=1000(system) ActivityManager expire 6 lines
03-02 20:00:45.395 13120 13120 D ActivityThread: ActivityThread,attachApplication
03-02 20:00:46.127 13145 13145 D ActivityThread: ActivityThread,attachApplication
03-02 20:00:46.547 13176 13176 D ActivityThread: ActivityThread,attachApplication
03-02 20:00:46.666  1111 11767 I chatty  : uid=1000(system) Binder:1111_1E expire 3 lines
03-02 20:00:46.736  1111  1111 I chatty  : uid=1000 system_server expire 14 lines
03-02 20:00:49.871  1111 12784 I chatty  : uid=1000 system_server expire 9 lines
03-02 20:00:49.893  2445  2445 I HwCoreAppHelperService: LocalReceiver receives:android.intent.action.PACKAGE_RESTARTED,pkg:com.huawei.hidisk,uid:1001
03-02 20:00:49.953 13225 13225 D ActivityThread: ActivityThread,attachApplication
03-02 20:00:49.954  1111 11784 I chatty  : uid=1000(system) Binder:1111_20 expire 1 line
03-02 20:00:50.174  1111  8734 I chatty  : uid=1000(system) Binder:1111_19 expire 1 line
03-02 20:00:57.123  1111  1475 I chatty  : uid=1000(system) batterystats-sy expire 9 lines
03-02 20:01:00.003  1111  1111 I chatty  : uid=1000 system_server expire 18 lines
03-02 20:01:00.062  1111  8734 I chatty  : uid=1000(system) Binder:1111_19 expire 1 line
03-02 20:01:00.246  1111  1548 I chatty  : uid=1000(system) android.io expire 14 lines
03-02 20:01:05.122  1111  2094 I chatty  : uid=1000(system) UEventObserver expire 15 lines
03-02 20:01:27.854  1111  2371 I chatty  : uid=1000(system) watchdog expire 6 lines
03-02 20:01:39.526  1111  1462 I chatty  : uid=1000(system) ActivityManager expire 4 lines
03-02 20:01:39.581 13300 13300 D ActivityThread: ActivityThread,attachApplication
03-02 20:01:39.583  1111  2508 I chatty  : uid=1000(system) Binder:1111_B expire 1 line
03-02 20:01:42.371  1111  1548 I chatty  : uid=1000(system) android.io expire 41 lines
03-02 20:01:45.256  1111  2094 I chatty  : uid=1000(system) UEventObserver expire 39 lines
03-02 20:01:45.290  1111  1111 I chatty  : uid=1000 system_server expire 38 lines
03-02 20:01:54.041  1111 13348 I chatty  : uid=1000 system_server expire 7 lines
03-02 20:02:00.052  1111  1169 I chatty  : uid=1000(system) Binder:1111_1 expire 3 lines
03-02 20:02:00.514  1111  6896 I chatty  : uid=1000(system) Binder:1111_16 expire 1 line
03-02 20:03:00.066  1111  2256 I chatty  : uid=1000(system) Binder:1111_4 expire 1 line
03-02 20:03:45.158 13387 13387 D ActivityThread: ActivityThread,attachApplication
03-02 20:03:45.652  1111  2094 I chatty  : uid=1000(system) UEventObserver expire 12 lines
03-02 20:03:45.693  1111  1111 I chatty  : uid=1000 system_server expire 16 lines
03-02 20:03:45.703  1111  1548 I chatty  : uid=1000(system) android.io expire 11 lines
03-02 20:04:02.098  1111 13422 I chatty  : uid=1000 system_server expire 12 lines
03-02 20:04:18.806  1111  1548 I chatty  : uid=1000(system) android.io expire 11 lines
03-02 20:04:25.794  1111  2094 I chatty  : uid=1000(system) UEventObserver expire 16 lines
03-02 20:04:25.830  1111  1111 I chatty  : uid=1000 system_server expire 14 lines
03-02 20:04:27.868  1111  2371 I chatty  : uid=1000(system) watchdog expire 2 lines
03-02 20:04:34.511  2445  2445 I HwCoreAppHelperService: LocalReceiver receives:android.intent.action.PACKAGE_RESTARTED,pkg:com.huawei.hidisk,uid:1001
03-02 20:04:34.514  1111  2815 I chatty  : uid=1000(system) Binder:1111_D expire 1 line
03-02 20:04:34.515  1111  2168 I chatty  : uid=1000(system) ConnectivitySer expire 4 lines
03-02 20:04:41.875  1111  1475 I chatty  : uid=1000(system) batterystats-sy expire 9 lines
03-02 20:04:51.840  2275  2275 W PowerUI : unknown intent: Intent { act=android.intent.action.ACTION_POWER_DISCONNECTED flg=0x4000010 (has extras) }
03-02 20:04:51.842  1111  1462 I chatty  : uid=1000(system) ActivityManager expire 6 lines
03-02 20:04:51.853  1111  2094 I chatty  : uid=1000(system) UEventObserver expire 16 lines
03-02 20:04:51.856  1111  1579 I chatty  : uid=1000(system) PowerManagerSer expire 2 lines
03-02 20:04:51.864  1111  1459 I chatty  : uid=1000(system) android.bg expire 2 lines
03-02 20:04:51.872  1111  1111 I chatty  : uid=1000 system_server expire 26 lines
03-02 20:04:51.889  1111  1548 I chatty  : uid=1000(system) android.io expire 6 lines
03-02 20:04:51.894  1111  5770 I chatty  : uid=1000(system) Binder:1111_12 expire 9 lines
03-02 20:04:52.037  1111  5026 I chatty  : uid=1000(system) Binder:1111_10 expire 3 lines
03-02 20:04:52.201  1111  2148 I chatty  : uid=1000(system) NetdConnector expire 4 lines
03-02 20:04:52.451  1111 11767 I chatty  : uid=1000(system) Binder:1111_1E expire 24 lines
03-02 20:04:56.852  1111  2086 I chatty  : uid=1000(system) android.anim expire 3 lines
03-02 20:04:56.905  1111  2091 I chatty  : uid=1000(system) HwBatteryServic expire 5 lines
03-02 20:04:56.954  2275  2275 W PowerUI : unknown intent: Intent { act=android.intent.action.ACTION_POWER_CONNECTED flg=0x4000010 (has extras) }
03-02 20:04:57.025 13459 13459 D ActivityThread: ActivityThread,attachApplication
03-02 20:04:57.109 13472 13472 D ActivityThread: ActivityThread,attachApplication
03-02 20:04:57.111  1111  8734 I chatty  : uid=1000(system) Binder:1111_19 expire 2 lines
03-02 20:04:57.205  1111  2816 I chatty  : uid=1000(system) Binder:1111_E expire 6 lines
03-02 20:04:57.528 13508 13508 D ActivityThread: ActivityThread,attachApplication
03-02 20:04:58.079  1111  2478 I chatty  : uid=1000(system) Binder:1111_7 expire 6 lines
03-02 20:04:58.235 13547 13547 D ActivityThread: ActivityThread,attachApplication
03-02 20:04:58.287 13508 13508 W ContextImpl: Calling a method in the system process without a qualified user: android.app.ContextImpl.startService:1656 android.content.ContextWrapper.startService:644 android.content.ContextWrapper.startService:644 com.android.settings.deviceinfo.UsbReceiver.startUsbService:282 com.android.settings.deviceinfo.UsbReceiver.onUsbStateReceive:159 
03-02 20:04:58.326 13508 13508 W ContextImpl: Calling a method in the system process without a qualified user: android.app.ContextImpl.startService:1656 android.content.ContextWrapper.startService:644 android.content.ContextWrapper.startService:644 com.android.settings.deviceinfo.UsbReceiver.startUsbService:282 com.android.settings.deviceinfo.UsbReceiver.onUsbStateReceive:216 
03-02 20:04:58.439 13508 13508 W ContextImpl: Calling a method in the system process without a qualified user: android.app.ContextImpl.startService:1656 android.content.ContextWrapper.startService:644 android.content.ContextWrapper.startService:644 com.android.settings.deviceinfo.UsbReceiver.startUsbService:282 com.android.settings.deviceinfo.UsbReceiver.onUsbStateReceive:159 
03-02 20:04:58.442 13508 13508 W ContextImpl: Calling a method in the system process without a qualified user: android.app.ContextImpl.startService:1656 android.content.ContextWrapper.startService:644 android.content.ContextWrapper.startService:644 com.android.settings.deviceinfo.UsbReceiver.startUsbService:282 com.android.settings.deviceinfo.UsbReceiver.onUsbStateReceive:216 
03-02 20:04:59.298  1111  4041 I chatty  : uid=1000(system) Binder:1111_F expire 7 lines
03-02 20:04:59.380 13598 13598 D ActivityThread: ActivityThread,attachApplication
03-02 20:04:59.481  1111  2468 I chatty  : uid=1000(system) Binder:1111_6 expire 13 lines
03-02 20:05:07.137  1111 13422 I chatty  : uid=1000 system_server expire 16 lines
03-02 20:05:07.186  1111  7729 I chatty  : uid=1000(system) Binder:1111_17 expire 1 line
03-02 20:05:07.189  2445  2445 I HwCoreAppHelperService: LocalReceiver receives:android.intent.action.PACKAGE_RESTARTED,pkg:com.huawei.hidisk,uid:1001
03-02 20:05:07.373  1111  1111 I chatty  : uid=1000 system_server expire 21 lines
03-02 20:05:10.113  1111  1548 I chatty  : uid=1000(system) android.io expire 14 lines
03-02 20:05:13.944  1111  2094 I chatty  : uid=1000(system) UEventObserver expire 10 lines
03-02 20:05:27.872  1111  2371 I chatty  : uid=1000(system) watchdog expire 3 lines
03-02 20:05:28.617  1111  2816 I chatty  : uid=1000(system) Binder:1111_E expire 12 lines
03-02 20:05:28.626  1111  5770 I chatty  : uid=1000(system) Binder:1111_12 expire 13 lines
03-02 20:05:51.054  1111 11784 I chatty  : uid=1000(system) Binder:1111_20 expire 8 lines
03-02 20:05:51.080  1111  2151 I chatty  : uid=1000(system) tworkPolicy.uid expire 3 lines
03-02 20:05:51.081  1111  2086 I chatty  : uid=1000(system) android.anim expire 9 lines
03-02 20:05:51.097  2445  7986 D FaceRecognizeService: resetTimeout begin!
03-02 20:05:51.097  1111  1111 I chatty  : uid=1000 system_server expire 21 lines
03-02 20:05:51.098  2445  2721 E FaceRecognizeService: handleMessage EVT = 1002
03-02 20:05:51.098  2445  2721 D AntiBruteForceProcessor: Reset facerecognize lockout, clearAttemptCounter=true
03-02 20:05:51.111  2445  2721 D AntiBruteForceProcessor: resetTotalFailedTimes current total times = 0
03-02 20:05:51.147  1111  2148 I chatty  : uid=1000(system) NetdConnector expire 8 lines
03-02 20:05:51.170  2275  2275 V KeyguardDisplayManager: hide
03-02 20:05:51.174  1111  9658 I chatty  : uid=1000(system) Binder:1111_1B expire 4 lines
03-02 20:05:51.175  2275  2275 V KeyguardViewMediator: updateInputRestrictedLocked 1 isInputApp = false, inputRestricted = false
03-02 20:05:51.212  1111  1463 I chatty  : uid=1000(system) android.ui expire 1 line
03-02 20:05:51.226  1111 10696 I chatty  : uid=1000(system) Binder:1111_1C expire 5 lines
03-02 20:05:51.232  1111  5770 I chatty  : uid=1000(system) Binder:1111_12 expire 2 lines
03-02 20:05:51.243  1111  1462 I chatty  : uid=1000(system) ActivityManager expire 10 lines
03-02 20:05:51.318  1111  1249 I chatty  : uid=1000(system) Binder:1111_2 expire 1 line
03-02 20:05:51.341 13733 13733 D ActivityThread: ActivityThread,attachApplication
03-02 20:05:51.342  1111  2816 I chatty  : uid=1000(system) Binder:1111_E expire 8 lines
03-02 20:05:51.452  1111  2165 I chatty  : uid=1000(system) WifiP2pService expire 3 lines
03-02 20:05:51.479  1111  2094 I chatty  : uid=1000(system) UEventObserver expire 10 lines
03-02 20:05:52.209  1111  1548 I chatty  : uid=1000(system) android.io expire 10 lines
03-02 20:05:52.511  1111  7729 I chatty  : uid=1000(system) Binder:1111_17 expire 8 lines
03-02 20:06:08.064   883   907 W SchedPolicy: add_tid_to_cgroup failed to write '13858' (Permission denied); fd=5
03-02 20:06:08.064   883   907 E SchedPolicy: set_cpuset_policy failed err=-22, tid=13858, policy=1
03-02 20:06:08.065   883   907 W SchedPolicy: add_tid_to_cgroup failed to write '13858' (Permission denied); fd=5
03-02 20:06:08.065   883   907 E SchedPolicy: set_cpuset_policy failed err=-22, tid=13858, policy=1
03-02 20:06:08.066   883   907 W SchedPolicy: add_tid_to_cgroup failed to write '13859' (Permission denied); fd=5
03-02 20:06:08.066   883   907 E SchedPolicy: set_cpuset_policy failed err=-22, tid=13859, policy=1
03-02 20:06:08.068   883   907 W SchedPolicy: add_tid_to_cgroup failed to write '13859' (Permission denied); fd=5
03-02 20:06:08.068   883   907 E SchedPolicy: set_cpuset_policy failed err=-22, tid=13859, policy=1
03-02 20:06:10.159  1111  1111 I chatty  : uid=1000 system_server expire 16 lines
03-02 20:06:11.163  1111 13873 I chatty  : uid=1000 system_server expire 12 lines
03-02 20:06:11.185  1111  1549 I chatty  : uid=1000(system) android.display expire 1 line
03-02 20:06:12.205 13875 13875 D ActivityThread: ActivityThread,attachApplication
03-02 20:06:12.206  1111  8206 I chatty  : uid=1000(system) Binder:1111_18 expire 3 lines
03-02 20:06:19.421 13905 13905 D ActivityThread: ActivityThread,attachApplication
03-02 20:06:22.276  1111  1548 I chatty  : uid=1000(system) android.io expire 10 lines
03-02 20:06:26.184  1111  2094 I chatty  : uid=1000(system) UEventObserver expire 6 lines
03-02 20:06:43.902   883   907 W SchedPolicy: add_tid_to_cgroup failed to write '13965' (Permission denied); fd=5
03-02 20:06:43.902   883   907 E SchedPolicy: set_cpuset_policy failed err=-22, tid=13965, policy=1
03-02 20:06:43.905  1111  1462 I chatty  : uid=1000(system) ActivityManager expire 10 lines
03-02 20:06:44.930   883   907 W SchedPolicy: add_tid_to_cgroup failed to write '13989' (Permission denied); fd=5
03-02 20:06:44.930   883   907 E SchedPolicy: set_cpuset_policy failed err=-22, tid=13989, policy=1
03-02 20:06:44.930   883   907 W SchedPolicy: add_tid_to_cgroup failed to write '13990' (Permission denied); fd=5
03-02 20:06:44.930   883   907 E SchedPolicy: set_cpuset_policy failed err=-22, tid=13990, policy=1
03-02 20:06:44.931   883   907 W SchedPolicy: add_tid_to_cgroup failed to write '13989' (Permission denied); fd=5
03-02 20:06:44.931   883   907 E SchedPolicy: set_cpuset_policy failed err=-22, tid=13989, policy=1
03-02 20:06:44.931   883   907 W SchedPolicy: add_tid_to_cgroup failed to write '13991' (Permission denied); fd=5
03-02 20:06:44.931   883   907 E SchedPolicy: set_cpuset_policy failed err=-22, tid=13991, policy=1
03-02 20:06:44.932   883   907 W SchedPolicy: add_tid_to_cgroup failed to write '13990' (Permission denied); fd=5
03-02 20:06:44.932   883   907 E SchedPolicy: set_cpuset_policy failed err=-22, tid=13990, policy=1
03-02 20:06:44.932   883   907 W SchedPolicy: add_tid_to_cgroup failed to write '13992' (Permission denied); fd=5
03-02 20:06:44.932   883   907 E SchedPolicy: set_cpuset_policy failed err=-22, tid=13992, policy=1
03-02 20:06:44.933   883   907 W SchedPolicy: add_tid_to_cgroup failed to write '13992' (Permission denied); fd=5
03-02 20:06:44.933   883   907 E SchedPolicy: set_cpuset_policy failed err=-22, tid=13992, policy=1
03-02 20:06:44.935   883   907 W SchedPolicy: add_tid_to_cgroup failed to write '13991' (Permission denied); fd=5
03-02 20:06:44.935   883   907 E SchedPolicy: set_cpuset_policy failed err=-22, tid=13991, policy=1
03-02 20:06:47.233   883   907 W SchedPolicy: add_tid_to_cgroup failed to write '14009' (Permission denied); fd=5
03-02 20:06:47.233   883   907 E SchedPolicy: set_cpuset_policy failed err=-22, tid=14009, policy=1
03-02 20:06:47.234   883   907 W SchedPolicy: add_tid_to_cgroup failed to write '14009' (Permission denied); fd=5
03-02 20:06:47.234   883   907 E SchedPolicy: set_cpuset_policy failed err=-22, tid=14009, policy=1
03-02 20:06:47.235   883   907 W SchedPolicy: add_tid_to_cgroup failed to write '14010' (Permission denied); fd=5
03-02 20:06:47.235   883   907 E SchedPolicy: set_cpuset_policy failed err=-22, tid=14010, policy=1
03-02 20:06:47.236   883   907 W SchedPolicy: add_tid_to_cgroup failed to write '14010' (Permission denied); fd=5
03-02 20:06:47.236   883   907 E SchedPolicy: set_cpuset_policy failed err=-22, tid=14010, policy=1
03-02 20:06:50.264  1111  2094 I chatty  : uid=1000(system) UEventObserver expire 8 lines
03-02 20:06:50.293  1111  1111 I chatty  : uid=1000 system_server expire 11 lines
03-02 20:06:51.898  1111  1691 I chatty  : uid=1000(system) PackageManager expire 12 lines
03-02 20:06:51.928 14017 14017 D ActivityThread: ActivityThread,attachApplication
03-02 20:06:51.928  1111  7729 I chatty  : uid=1000(system) Binder:1111_17 expire 5 lines
03-02 20:06:52.348  1111  1548 I chatty  : uid=1000(system) android.io expire 9 lines
03-02 20:06:53.818  1111  1249 I chatty  : uid=1000(system) Binder:1111_2 expire 3 lines
03-02 20:06:53.818  2630  2630 I HwNetworkPolicyManager: removeHwUidPolicy uid = 10106 policy = -1 opPackageName = com.huawei.systemmanager
03-02 20:06:53.887  1111  1459 I chatty  : uid=1000(system) android.bg expire 10 lines
03-02 20:06:53.983 14048 14048 D ActivityThread: ActivityThread,attachApplication
03-02 20:06:54.108   883   907 W SchedPolicy: add_tid_to_cgroup failed to write '14073' (Permission denied); fd=5
03-02 20:06:54.108   883   907 E SchedPolicy: set_cpuset_policy failed err=-22, tid=14073, policy=1
03-02 20:06:54.549 13905 13905 W ContextImpl: Calling a method in the system process without a qualified user: android.app.ContextImpl.startService:1656 android.content.ContextWrapper.startService:644 android.content.ContextWrapper.startService:644 com.android.settings.applications.BlackListReceiver.onReceive:35 android.app.ActivityThread.handleReceiver:3804 
03-02 20:06:54.732  1111  8206 I chatty  : uid=1000(system) Binder:1111_18 expire 4 lines
03-02 20:06:54.800  1111  2478 I chatty  : uid=1000(system) Binder:1111_7 expire 7 lines
03-02 20:06:55.143  1111 14097 I chatty  : uid=1000 system_server expire 4 lines
03-02 20:06:55.651 23345 23345 W ContextImpl: Calling a method in the system process without a qualified user: android.app.ContextImpl.startService:1656 android.content.ContextWrapper.startService:644 android.content.ContextWrapper.startService:644 com.huawei.systemmanager.antivirus.utils.AntiVirusTools.checkVirusForNewInstalledApk:620 com.huawei.systemmanager.antivirus.AntiVirusReceiver.onReceive:36 
03-02 20:06:55.790  2630  2902 W ContextImpl: Calling a method in the system process without a qualified user: android.app.ContextImpl.sendBroadcast:1074 android.content.ContextWrapper.sendBroadcast:431 com.avast.android.shepherd.obfuscated.ac.run:68 <bottom of call stack> <bottom of call stack> 
03-02 20:06:55.792  2630  2902 W ContextImpl: Calling a method in the system process without a qualified user: android.app.ContextImpl.sendBroadcast:1074 android.content.ContextWrapper.sendBroadcast:431 com.avast.android.shepherd.obfuscated.ac.run:68 <bottom of call stack> <bottom of call stack> 
03-02 20:06:55.937 23345 14113 W ContextImpl: Calling a method in the system process without a qualified user: android.app.ContextImpl.startService:1656 android.content.ContextWrapper.startService:644 com.huawei.systemmanager.spacecleanner.receiver.SpaceCleanReceiver.checkRarelyUsedApp:87 com.huawei.systemmanager.spacecleanner.receiver.SpaceCleanReceiver.doInBackground:39 java.lang.reflect.Method.invoke:-2 
03-02 20:06:55.962 14114 14114 D ActivityThread: ActivityThread,attachApplication
03-02 20:06:55.966  1111  2468 I chatty  : uid=1000(system) Binder:1111_6 expire 2 lines
03-02 20:06:57.876  1111  2371 I chatty  : uid=1000(system) watchdog expire 1 line
03-02 20:07:00.776   883   907 W SchedPolicy: add_tid_to_cgroup failed to write '14171' (Permission denied); fd=5
03-02 20:07:00.776   883   907 E SchedPolicy: set_cpuset_policy failed err=-22, tid=14171, policy=1
03-02 20:07:00.777   883   907 W SchedPolicy: add_tid_to_cgroup failed to write '14171' (Permission denied); fd=5
03-02 20:07:00.777   883   907 E SchedPolicy: set_cpuset_policy failed err=-22, tid=14171, policy=1
03-02 20:07:00.783   883   907 W SchedPolicy: add_tid_to_cgroup failed to write '14172' (Permission denied); fd=5
03-02 20:07:00.783   883   907 E SchedPolicy: set_cpuset_policy failed err=-22, tid=14172, policy=1
03-02 20:07:00.785   883   907 W SchedPolicy: add_tid_to_cgroup failed to write '14172' (Permission denied); fd=5
03-02 20:07:00.785   883   907 E SchedPolicy: set_cpuset_policy failed err=-22, tid=14172, policy=1
03-02 20:07:05.134  1111 11767 I chatty  : uid=1000(system) Binder:1111_1E expire 10 lines
03-02 20:07:05.135  2630  2630 I HwNetworkPolicyManager: removeHwUidPolicy uid = 10112 policy = -1 opPackageName = com.huawei.systemmanager
03-02 20:07:05.279 13905 13905 W ContextImpl: Calling a method in the system process without a qualified user: android.app.ContextImpl.startService:1656 android.content.ContextWrapper.startService:644 android.content.ContextWrapper.startService:644 com.android.settings.applications.BlackListReceiver.onReceive:35 android.app.ActivityThread.handleReceiver:3804 
03-02 20:07:05.296  1111  1462 I chatty  : uid=1000(system) ActivityManager expire 8 lines
03-02 20:07:05.453  1111  1111 I chatty  : uid=1000 system_server expire 11 lines
03-02 20:07:05.502  1111  9658 I chatty  : uid=1000(system) Binder:1111_1B expire 7 lines
03-02 20:07:05.618 23345 23345 W ContextImpl: Calling a method in the system process without a qualified user: android.app.ContextImpl.startService:1656 android.content.ContextWrapper.startService:644 android.content.ContextWrapper.startService:644 com.huawei.systemmanager.antivirus.utils.AntiVirusTools.checkVirusForNewInstalledApk:620 com.huawei.systemmanager.antivirus.AntiVirusReceiver.onReceive:36 
03-02 20:07:05.625  1111 14223 I chatty  : uid=1000 system_server expire 4 lines
03-02 20:07:05.666 23345 14103 W ContextImpl: Calling a method in the system process without a qualified user: android.app.ContextImpl.startService:1656 android.content.ContextWrapper.startService:644 com.huawei.systemmanager.spacecleanner.receiver.SpaceCleanReceiver.checkRarelyUsedApp:87 com.huawei.systemmanager.spacecleanner.receiver.SpaceCleanReceiver.doInBackground:39 java.lang.reflect.Method.invoke:-2 
03-02 20:07:05.706  1111 10696 I chatty  : uid=1000(system) Binder:1111_1C expire 4 lines
03-02 20:07:06.629   883   907 W SchedPolicy: add_tid_to_cgroup failed to write '14234' (Permission denied); fd=5
03-02 20:07:06.629   883   907 E SchedPolicy: set_cpuset_policy failed err=-22, tid=14234, policy=1
03-02 20:07:06.630   883   907 W SchedPolicy: add_tid_to_cgroup failed to write '14234' (Permission denied); fd=5
03-02 20:07:06.630   883   907 E SchedPolicy: set_cpuset_policy failed err=-22, tid=14234, policy=1
03-02 20:07:06.631   883   907 W SchedPolicy: add_tid_to_cgroup failed to write '14235' (Permission denied); fd=5
03-02 20:07:06.631   883   907 E SchedPolicy: set_cpuset_policy failed err=-22, tid=14235, policy=1
03-02 20:07:06.631   883   907 W SchedPolicy: add_tid_to_cgroup failed to write '14235' (Permission denied); fd=5
03-02 20:07:06.631   883   907 E SchedPolicy: set_cpuset_policy failed err=-22, tid=14235, policy=1
03-02 20:07:06.879  1111  1691 I chatty  : uid=1000(system) PackageManager expire 5 lines
03-02 20:07:07.081  1111 11784 I chatty  : uid=1000(system) Binder:1111_20 expire 2 lines
03-02 20:07:10.043  2630  2630 I HwNetworkPolicyManager: removeHwUidPolicy uid = 10116 policy = -1 opPackageName = com.huawei.systemmanager
03-02 20:07:10.333 13905 13905 W ContextImpl: Calling a method in the system process without a qualified user: android.app.ContextImpl.startService:1656 android.content.ContextWrapper.startService:644 android.content.ContextWrapper.startService:644 com.android.settings.applications.BlackListReceiver.onReceive:35 android.app.ActivityThread.handleReceiver:3804 
03-02 20:07:10.539  1111 14265 I chatty  : uid=1000 system_server expire 4 lines
03-02 20:07:10.588 23345 23345 W ContextImpl: Calling a method in the system process without a qualified user: android.app.ContextImpl.startService:1656 android.content.ContextWrapper.startService:644 android.content.ContextWrapper.startService:644 com.huawei.systemmanager.antivirus.utils.AntiVirusTools.checkVirusForNewInstalledApk:620 com.huawei.systemmanager.antivirus.AntiVirusReceiver.onReceive:36 
03-02 20:07:10.631 23345 14106 W ContextImpl: Calling a method in the system process without a qualified user: android.app.ContextImpl.startService:1656 android.content.ContextWrapper.startService:644 com.huawei.systemmanager.spacecleanner.receiver.SpaceCleanReceiver.checkRarelyUsedApp:87 com.huawei.systemmanager.spacecleanner.receiver.SpaceCleanReceiver.doInBackground:39 java.lang.reflect.Method.invoke:-2 
03-02 20:07:11.381   883   907 W SchedPolicy: add_tid_to_cgroup failed to write '14277' (Permission denied); fd=5
03-02 20:07:11.381   883   907 E SchedPolicy: set_cpuset_policy failed err=-22, tid=14277, policy=1
03-02 20:07:11.382   883   907 W SchedPolicy: add_tid_to_cgroup failed to write '14277' (Permission denied); fd=5
03-02 20:07:11.382   883   907 E SchedPolicy: set_cpuset_policy failed err=-22, tid=14277, policy=1
03-02 20:07:11.383   883   907 W SchedPolicy: add_tid_to_cgroup failed to write '14278' (Permission denied); fd=5
03-02 20:07:11.383   883   907 E SchedPolicy: set_cpuset_policy failed err=-22, tid=14278, policy=1
03-02 20:07:11.384   883   907 W SchedPolicy: add_tid_to_cgroup failed to write '14278' (Permission denied); fd=5
03-02 20:07:11.384   883   907 E SchedPolicy: set_cpuset_policy failed err=-22, tid=14278, policy=1
03-02 20:07:11.512   883   907 W SchedPolicy: add_tid_to_cgroup failed to write '14288' (Permission denied); fd=5
03-02 20:07:11.512   883   907 E SchedPolicy: set_cpuset_policy failed err=-22, tid=14288, policy=1
03-02 20:07:13.125   883   907 W SchedPolicy: add_tid_to_cgroup failed to write '14324' (Permission denied); fd=5
03-02 20:07:13.125   883   907 E SchedPolicy: set_cpuset_policy failed err=-22, tid=14324, policy=1
03-02 20:07:13.125   883   907 W SchedPolicy: add_tid_to_cgroup failed to write '14324' (Permission denied); fd=5
03-02 20:07:13.126   883   907 E SchedPolicy: set_cpuset_policy failed err=-22, tid=14324, policy=1
03-02 20:07:13.126   883   907 W SchedPolicy: add_tid_to_cgroup failed to write '14325' (Permission denied); fd=5
03-02 20:07:13.126   883   907 E SchedPolicy: set_cpuset_policy failed err=-22, tid=14325, policy=1
03-02 20:07:13.128   883   907 W SchedPolicy: add_tid_to_cgroup failed to write '14325' (Permission denied); fd=5
03-02 20:07:13.128   883   907 E SchedPolicy: set_cpuset_policy failed err=-22, tid=14325, policy=1
03-02 20:07:14.118   883   907 W SchedPolicy: add_tid_to_cgroup failed to write '14340' (Permission denied); fd=5
03-02 20:07:14.118   883   907 E SchedPolicy: set_cpuset_policy failed err=-22, tid=14340, policy=1
03-02 20:07:14.120   883   907 W SchedPolicy: add_tid_to_cgroup failed to write '14340' (Permission denied); fd=5
03-02 20:07:14.120   883   907 E SchedPolicy: set_cpuset_policy failed err=-22, tid=14340, policy=1
03-02 20:07:14.123   883   907 W SchedPolicy: add_tid_to_cgroup failed to write '14341' (Permission denied); fd=5
03-02 20:07:14.123   883   907 E SchedPolicy: set_cpuset_policy failed err=-22, tid=14341, policy=1
03-02 20:07:14.124   883   907 W SchedPolicy: add_tid_to_cgroup failed to write '14341' (Permission denied); fd=5
03-02 20:07:14.124   883   907 E SchedPolicy: set_cpuset_policy failed err=-22, tid=14341, policy=1
03-02 20:07:14.249  1111  8734 I chatty  : uid=1000(system) Binder:1111_19 expire 26 lines
03-02 20:07:14.991   883   907 W SchedPolicy: add_tid_to_cgroup failed to write '14363' (Permission denied); fd=5
03-02 20:07:14.991   883   907 E SchedPolicy: set_cpuset_policy failed err=-22, tid=14363, policy=1
03-02 20:07:15.148  1111  2086 I chatty  : uid=1000(system) android.anim expire 19 lines
03-02 20:07:15.210 14367 14367 D ActivityThread: ActivityThread,attachApplication
03-02 20:07:15.228   883   907 E SchedPolicy: add_tid_to_cgroup failed; fd=-1
03-02 20:07:15.287  1111  1463 I chatty  : uid=1000(system) android.ui expire 2 lines
03-02 20:07:15.293  1111  2151 I chatty  : uid=1000(system) tworkPolicy.uid expire 4 lines
03-02 20:07:15.304  1111  2816 I chatty  : uid=1000(system) Binder:1111_E expire 4 lines
03-02 20:07:15.327  2630  2913 I HwNetworkPolicyManager: getHwUidPolicy uid = 10116 policy = 0
03-02 20:07:15.391  1111  2148 I chatty  : uid=1000(system) NetdConnector expire 8 lines
03-02 20:07:17.670 14367 14367 V ActivityThread: ActivityThread,callActivityOnCreate
03-02 20:07:18.349 14367 14367 D ActivityThread: add activity client record, r= ActivityRecord{7279841 token=android.os.BinderProxy@663b767 {com.companyname.microphonepermission/md56dc3f0aa6f1496411f098eba456620dc.MainActivity}} token= android.os.BinderProxy@663b767
03-02 20:07:18.398   883   907 E SchedPolicy: add_tid_to_cgroup failed; fd=-1
03-02 20:07:18.450  2275  2291 I CommandQueue: updateBarBgColor
03-02 20:07:18.450  2275  2291 D CommandQueue: CommandQueue, setBarBackgroundColor
03-02 20:07:18.751  1111 11767 I chatty  : uid=1000(system) Binder:1111_1E expire 1 line
03-02 20:07:18.851  1111 14427 I chatty  : uid=1000 system_server expire 38 lines
03-02 20:07:18.905  2445  2445 I HwCoreAppHelperService: LocalReceiver receives:android.intent.action.PACKAGE_RESTARTED,pkg:com.huawei.android.totemweather,uid:10034
03-02 20:07:18.981 14431 14431 D ActivityThread: ActivityThread,attachApplication
03-02 20:07:19.366  1111  1111 I chatty  : uid=1000 system_server expire 30 lines
03-02 20:07:20.933  1111  2478 I chatty  : uid=1000(system) Binder:1111_7 expire 11 lines
03-02 20:07:21.824  1111  1548 I chatty  : uid=1000(system) android.io expire 9 lines
03-02 20:07:21.933  2445  2445 I HwCoreAppHelperService: LocalReceiver receives:android.intent.action.PACKAGE_RESTARTED,pkg:com.huawei.android.totemweather,uid:10034
03-02 20:07:21.947  1111  9658 I chatty  : uid=1000(system) Binder:1111_1B expire 20 lines
03-02 20:07:21.979 14479 14479 D ActivityThread: ActivityThread,attachApplication
03-02 20:07:22.370  1111  2094 I chatty  : uid=1000(system) UEventObserver expire 6 lines
03-02 20:07:22.663  1111  1463 I chatty  : uid=1000(system) android.ui expire 11 lines
03-02 20:07:24.139 14525 14525 D ActivityThread: ActivityThread,attachApplication
03-02 20:07:24.155   883   907 E SchedPolicy: add_tid_to_cgroup failed; fd=-1
03-02 20:07:24.190  1111  4041 I chatty  : uid=1000(system) Binder:1111_F expire 4 lines
03-02 20:07:24.204  2630  2913 I HwNetworkPolicyManager: getHwUidPolicy uid = 10024 policy = 0
03-02 20:07:24.223  1111  2816 I chatty  : uid=1000(system) Binder:1111_E expire 20 lines
03-02 20:07:24.274 14525 14525 V ActivityThread: ActivityThread,callActivityOnCreate
03-02 20:07:24.493 14525 14525 D ActivityThread: add activity client record, r= ActivityRecord{4c693d token=android.os.BinderProxy@754bb05 {com.google.android.packageinstaller/com.android.packageinstaller.permission.ui.GrantPermissionsActivity}} token= android.os.BinderProxy@754bb05
03-02 20:07:24.513   883   907 E SchedPolicy: add_tid_to_cgroup failed; fd=-1
03-02 20:07:24.524  1111  1549 I chatty  : uid=1000(system) android.display expire 4 lines
03-02 20:07:24.688  1111  2086 I chatty  : uid=1000(system) android.anim expire 4 lines
03-02 20:07:24.753  1111  1462 I chatty  : uid=1000(system) ActivityManager expire 4 lines
03-02 20:07:24.813  2445  2445 I HwCoreAppHelperService: LocalReceiver receives:android.intent.action.PACKAGE_RESTARTED,pkg:com.huawei.android.totemweather,uid:10034
03-02 20:07:24.826  1111  8206 I chatty  : uid=1000(system) Binder:1111_18 expire 12 lines
03-02 20:07:24.873 14553 14553 D ActivityThread: ActivityThread,attachApplication
03-02 20:07:25.714   883   907 E SchedPolicy: add_tid_to_cgroup failed; fd=-1
03-02 20:07:25.715   883   907 E SchedPolicy: add_tid_to_cgroup failed; fd=-1
03-02 20:07:25.831  1111 11767 I chatty  : uid=1000(system) Binder:1111_1E expire 12 lines
03-02 20:07:27.877  1111  2371 I chatty  : uid=1000(system) watchdog expire 1 line
03-02 20:07:27.990  2445  2445 I HwCoreAppHelperService: LocalReceiver receives:android.intent.action.PACKAGE_RESTARTED,pkg:com.huawei.android.totemweather,uid:10034
03-02 20:07:28.031 14607 14607 D ActivityThread: ActivityThread,attachApplication
03-02 20:07:31.159  2445  2445 I HwCoreAppHelperService: LocalReceiver receives:android.intent.action.PACKAGE_RESTARTED,pkg:com.huawei.android.totemweather,uid:10034
03-02 20:07:31.168  1111  1111 I chatty  : uid=1000 system_server expire 11 lines
03-02 20:07:31.205 14656 14656 D ActivityThread: ActivityThread,attachApplication
03-02 20:07:31.759  1111  2148 I chatty  : uid=1000(system) NetdConnector expire 6 lines
03-02 20:07:31.763  1111  1547 I chatty  : uid=1000(system) android.fg expire 2 lines
03-02 20:07:34.294  1111 14427 I chatty  : uid=1000 system_server expire 5 lines
03-02 20:07:34.314  2445  2445 I HwCoreAppHelperService: LocalReceiver receives:android.intent.action.PACKAGE_RESTARTED,pkg:com.huawei.android.totemweather,uid:10034
03-02 20:07:34.362 14717 14717 D ActivityThread: ActivityThread,attachApplication
03-02 20:07:35.743  1111  1463 I chatty  : uid=1000(system) android.ui expire 3 lines
03-02 20:07:35.761 14525 14525 D ActivityThread: Remove activity client record, r= ActivityRecord{4c693d token=android.os.BinderProxy@754bb05 {com.google.android.packageinstaller/com.android.packageinstaller.permission.ui.GrantPermissionsActivity}} token= android.os.BinderProxy@754bb05
03-02 20:07:45.973 14367 14401 F libc    : Fatal signal 6 (SIGABRT), code -6 in tid 14401 (Debugger agent)
03-02 20:07:46.103 14831 14831 F DEBUG   : *** *** *** *** *** *** *** *** *** *** *** *** *** *** *** ***
03-02 20:07:46.103 14831 14831 F DEBUG   : Build fingerprint: 'HUAWEI/ATU-L22/HWATU-QG:8.0.0/HUAWEIATU-L22/150(C636):user/release-keys'
03-02 20:07:46.103 14831 14831 F DEBUG   : Revision: '0'
03-02 20:07:46.103 14831 14831 F DEBUG   : ABI: 'arm64'
03-02 20:07:46.103 14831 14831 F DEBUG   : pid: 14367, tid: 14401, name: Debugger agent  >>> com.companyname.microphonepermission <<<
03-02 20:07:46.103 14831 14831 F DEBUG   : signal 6 (SIGABRT), code -6 (SI_TKILL), fault addr --------
03-02 20:07:46.109 14831 14831 F DEBUG   : Abort message: '* Assertion at /Users/builder/jenkins/workspace/xamarin-android-d15-9/xamarin-android/external/mono/mono/mini/debugger-agent.c:6026, condition `sp' not met
03-02 20:07:46.109 14831 14831 F DEBUG   : '
03-02 20:07:46.109 14831 14831 F DEBUG   :     x0   0000000000000000  x1   0000000000003841  x2   0000000000000006  x3   0000000000000008
03-02 20:07:46.109 14831 14831 F DEBUG   :     x4   000000754fbfe588  x5   000000754fbfe588  x6   000000754fbfe588  x7   0000007572cfb000
03-02 20:07:46.109 14831 14831 F DEBUG   :     x8   0000000000000083  x9   3e0397faab6063b2  x10  000000754fbfe588  x11  3e0397faab6063b2
03-02 20:07:46.109 14831 14831 F DEBUG   :     x12  3e0397faab6063b2  x13  0000000000000020  x14  00000075743b190c  x15  3e0397faab6063b2
03-02 20:07:46.110 14831 14831 F DEBUG   :     x16  000000757446c2d8  x17  00000075743ffa38  x18  0000000000000001  x19  000000000000381f
03-02 20:07:46.110 14831 14831 F DEBUG   :     x20  0000000000003841  x21  0000007555878000  x22  000000754fbfe030  x23  000000754fbfdf40
03-02 20:07:46.110 14831 14831 F DEBUG   :     x24  000000754fbfdf80  x25  0000000000000000  x26  000000757055c220  x27  0000000000000000
03-02 20:07:46.110 14831 14831 F DEBUG   :     x28  000000754fbfe1f8  x29  000000754fbfde50  x30  00000075743a5394
03-02 20:07:46.110 14831 14831 F DEBUG   :     sp   000000754fbfde10  pc   00000075743ffa40  pstate 0000000060000000
03-02 20:07:46.112 14831 14831 F DEBUG   : 
03-02 20:07:46.112 14831 14831 F DEBUG   : backtrace:
03-02 20:07:46.112 14831 14831 F DEBUG   :     #00 pc 0000000000078a40  /system/lib64/libc.so (tgkill+8)
03-02 20:07:46.112 14831 14831 F DEBUG   :     #01 pc 000000000001e390  /system/lib64/libc.so (abort+88)
03-02 20:07:46.112 14831 14831 F DEBUG   :     #02 pc 0000000000245ab0  /data/app/Mono.Android.DebugRuntime-ySs4D9iYjs8hCPkLrPMOIw==/lib/arm64/libmonosgen-64bit-2.0.so
03-02 20:07:47.163  1111 14840 I chatty  : uid=1000 system_server expire 1 line
03-02 20:07:47.180  1111  1525 I chatty  : uid=1000(system) FileObserver expire 1 line
03-02 20:07:47.192   883   907 E SchedPolicy: add_tid_to_cgroup failed; fd=-1
