03-02 20:32:25.387 20200 20200 I HwApiCacheMangerEx: apicache volumes [Landroid.os.storage.StorageVolume;@754bb05
03-02 20:32:25.387 20200 20200 I Gallery2_cloud_PhotoShareUtils: storage size: 10G
03-02 20:32:25.391 20200 20200 I HwApiCacheMangerEx: apicache oUid 10023
03-02 20:32:25.391 20200 20200 I HwApiCacheMangerEx: apicache volumes [Landroid.os.storage.StorageVolume;@754bb05
03-02 20:32:25.393   618  3708 D asd     : [asd_proc_hal_data],hal data soundness: L[115],R[92]
03-02 20:32:25.398 20200 20221 D DE I -de: initAlgorithm:69: Init algorithm:0
03-02 20:32:25.398 20200 20221 I DE N IPA: onInit:78: enter
03-02 20:32:25.398 20200 20200 I HwApiCacheMangerEx: apicache oUid 10023
03-02 20:32:25.398 20200 20200 I HwApiCacheMangerEx: apicache volumes [Landroid.os.storage.StorageVolume;@754bb05
03-02 20:32:25.398 20200 20200 I HwApiCacheMangerEx: apicache oUid 10023
03-02 20:32:25.398 20200 20200 I HwApiCacheMangerEx: apicache volumes [Landroid.os.storage.StorageVolume;@754bb05
03-02 20:32:25.399 20200 20200 I HwApiCacheMangerEx: apicache oUid 10023
03-02 20:32:25.399 20200 20200 I HwApiCacheMangerEx: apicache volumes [Landroid.os.storage.StorageVolume;@754bb05
03-02 20:32:25.399 20200 20200 I HwApiCacheMangerEx: apicache oUid 10023
03-02 20:32:25.399 20200 20200 I HwApiCacheMangerEx: apicache volumes [Landroid.os.storage.StorageVolume;@754bb05
03-02 20:32:25.401   618  3708 D asd     : [asd_proc_hal_data],hal data soundness: L[105],R[101]
03-02 20:32:25.403 20200 20221 I DE N IPA: onInit:151: init success, mInitRef=1
03-02 20:32:25.403 20200 20221 D DE N AB : init:33: handle:0
03-02 20:32:25.405   618  3708 D asd     : [asd_proc_hal_data],hal data soundness: L[74],R[82]
03-02 20:32:25.407 20200 20221 I Gallery2_Common_DisplayEngine: init() getCapability mEnable=true, mWideColorGamutSupported=false
03-02 20:32:25.409 20200 20200 D Gallery2_Common_NotchScreenManager: Register NotchScreen ContentObserver
03-02 20:32:25.409   618  3708 D asd     : [asd_proc_hal_data],hal data soundness: L[105],R[90]
03-02 20:32:25.415 20200 20200 W Settings: mValues not put! needsGenerationTracker: true currentGeneration: -1 name: display_notch_status value: null
03-02 20:32:25.415 20200 20200 D Gallery2_Common_NotchScreenManager: NotchScreen switch changed, now state is: 0
03-02 20:32:25.415 20200 20221 I HwCust  : Constructor found for class android.app.HwCustActivityImpl
03-02 20:32:25.415 20200 20221 D HwCust  : Create obj success use class android.app.HwCustActivityImpl
03-02 20:32:25.417   618  3708 D asd     : [asd_proc_hal_data],hal data soundness: L[71],R[74]
03-02 20:32:25.419 20200 20221 E Gallery2_Common_TouchForceManager: NoSuchMethodException com.huawei.android.app.Activity failed
03-02 20:32:25.420 20200 20216 E MemoryLeakMonitorManager: MemoryLeakMonitor.jar is not exist!
03-02 20:32:25.422 20200 20228 I Gallery2_Common_DisplayEngine: Screen=1440x720
03-02 20:32:25.426 20200 20200 E Minikin : Could not get cmap table size!
03-02 20:32:25.427 20200 20229 W Settings: mValues not put! needsGenerationTracker: true currentGeneration: -1 name: navigationbar_is_min value: 0
03-02 20:32:25.427 20200 20228 I HwApiCacheMangerEx: apicache oUid 10023
03-02 20:32:25.427 20200 20228 I HwApiCacheMangerEx: apicache volumes [Landroid.os.storage.StorageVolume;@b334857
03-02 20:32:25.428 20200 20228 I HwApiCacheMangerEx: apicache oUid 10023
03-02 20:32:25.428 20200 20228 I HwApiCacheMangerEx: apicache volumes null
03-02 20:32:25.429 20200 20200 D PowerStateReceiver: onReceive intent=Intent { act=android.intent.action.ACTION_POWER_CONNECTED flg=0x4000010 cmp=com.android.gallery3d/com.huawei.gallery.phonestatus.PowerStateReceiver (has extras) } action=android.intent.action.ACTION_POWER_CONNECTED
03-02 20:32:25.429   618  3708 D asd     : [asd_proc_hal_data],hal data soundness: L[118],R[97]
03-02 20:32:25.430 20200 20228 I HwApiCacheMangerEx: apicache path=/storage/emulated/0 state=mounted key=com.android.gallery3d#10023#512
03-02 20:32:25.430 20200 20228 I HwApiCacheMangerEx: apicache path=/storage/6335-3832 state=mounted key=com.android.gallery3d#10023#512
03-02 20:32:25.432 20200 20221 D Gallery2_Common_HwCustUtilsWrapper: start init HwCustUtils
03-02 20:32:25.432 20200 20228 D GalleryStorageManager: updateOuterGalleryStorageList innerGalleryStorage:Path:/storage/emulated/0, mounted:true, name:Device, galleryStorageList:[Path:/storage/6335-3832, mounted:true, name:SD Card, index:1]
03-02 20:32:25.433 20200 20200 D PowerStateReceiver: battery = 75
03-02 20:32:25.435 20200 20221 D Gallery2_Common_HwCustUtilsWrapper: init HwCustUtils success !!!
03-02 20:32:25.435 20200 20221 D Gallery2_Common_HwCustUtilsWrapper: method find result public static java.lang.Object com.huawei.cust.HwCustUtils.createObj(java.lang.Class,java.lang.Object[])
03-02 20:32:25.436 20200 20221 I HwCust  : Constructor found for class com.huawei.gallery.app.HwCustTimeBucketPageImpl
03-02 20:32:25.436 20200 20221 D HwCust  : Create obj success use class com.huawei.gallery.app.HwCustTimeBucketPageImpl
03-02 20:32:25.441   618  3708 D asd     : [asd_proc_hal_data],hal data soundness: L[108],R[86]
03-02 20:32:25.442 20200 20200 D PowerStateReceiver: battery = 75
03-02 20:32:25.442 20200 20200 D PowerStateReceiver: battery current is 75
03-02 20:32:25.445 20121 20121 D AutoCache: onReceive intent=Intent { act=android.intent.action.ACTION_POWER_CONNECTED flg=0x4000010 cmp=com.android.providers.media/com.huawei.media.autocachethumbnail.PowerStateReceiver (has extras) } action=android.intent.action.ACTION_POWER_CONNECTED
03-02 20:32:25.445 20200 20228 E FontFamily: Error mapping font file /system/fonts/slim.ttf
03-02 20:32:25.446 20200 20228 W Gallery2_Common_GalleryUtils: the font Slim is not exist!
03-02 20:32:25.446 20200 20200 D CloudLocalSyncService: localSync = -1  cloudSync = -1
03-02 20:32:25.447 20121 20121 V AutoCache: registerPowerBroadcastReceiver: sPowerRegisterState is true, cxt is android.app.Application@663b767
03-02 20:32:25.449 20121 20121 V AutoCache: registerBatteryBroadcastReceiver: sBatteryRegisterState is true, cxt is android.app.Application@663b767
03-02 20:32:25.450  1111  5833 W BroadcastQueue: Background execution not allowed: receiving Intent { act=android.intent.action.ACTION_POWER_CONNECTED flg=0x4000010 (has extras) } to com.google.android.apps.photos/.scheduler.PowerReceiver
03-02 20:32:25.451 20200 20229 V HwWidgetFactory: : successes to get AllImpl object and return....
03-02 20:32:25.452 20121 20121 V AutoCache: unRegisterBatteryBroadcastReceiver: sBatteryRegisterState is false, cxt is android.app.Application@663b767
03-02 20:32:25.454 20200 20228 D Gallery2: isMainProcess true
03-02 20:32:25.455 20200 20232 D Gallery2_Common_GalleryUtils: gapdays:21
03-02 20:32:25.455 20200 20229 D Gallery2_Fyuse3D_FyuseFile: sExistFyuse false
03-02 20:32:25.457   618  3708 D asd     : [asd_proc_hal_data],hal data soundness: L[107],R[87]
03-02 20:32:25.459 20200 20228 D Gallery2_Common_GalleryProvider: upgrade database column
03-02 20:32:25.473 20200 20238 D PhoneState: charge is true
03-02 20:32:25.473 20200 20238 D PhoneState: battery level is 75
03-02 20:32:25.477 20200 20238 D PhoneState: screen on true
03-02 20:32:25.485   618  3708 D asd     : [asd_proc_hal_data],hal data soundness: L[108],R[84]
03-02 20:32:25.490  1111  5833 I ActivityManager: Need to start process com.huawei.hidisk for provider ContentProviderInfo{name=com.huawei.android.cg.albumProvider className=com.huawei.android.cg.provider.AlbumProvider}, callerApp: ProcessRecord{30c2e73 20200:com.android.gallery3d/u0a23}
03-02 20:32:25.490  1111  5833 V ActivityManager: startProcess: name=com.huawei.hidisk app=null knownToBeDead=false thread=null pid=-1
03-02 20:32:25.501   618  3708 D asd     : [asd_proc_hal_data],hal data soundness: L[101],R[77]
03-02 20:32:25.503  1111  5833 I ActivityManager: Start proc 20240:com.huawei.hidisk/1001 for content provider com.huawei.hidisk/com.huawei.android.cg.provider.AlbumProvider
03-02 20:32:25.504  1111  5833 V ActivityManager_MU: Waiting to start provider ContentProviderRecord{f67051 u0 com.huawei.hidisk/com.huawei.android.cg.provider.AlbumProvider} launchingApp=ProcessRecord{f555178 20240:com.huawei.hidisk/1001} caller pid= 20200
03-02 20:32:25.507 20240 20240 I         : power log dlsym ok
03-02 20:32:25.519  8786 20194 I SystemUpdate: [Installation,ReceiverIntentOperation] Received intent: Intent { act=android.intent.action.ACTION_POWER_CONNECTED flg=0x4000010 cmp=com.google.android.gms/.chimera.GmsIntentOperationService (has extras) }.
03-02 20:32:25.525 20200 20228 V Gallery2_cloud_PhotoShareUtils: com.huawei.hidisk result = true
03-02 20:32:25.527  8786 20190 I SystemUpdate: [Execution,InstallationEventIntentOperation] Handling event of type 9.
03-02 20:32:25.531  5012  5012 I HwOUC   : [main-1]onReceive action=android.intent.action.ACTION_POWER_CONNECTED(PowerConnectedReceiver.java:27)
03-02 20:32:25.532  8786 20169 I SystemUpdate: [Execution,InstallationIntentOperation] Received intent: Intent { act=com.google.android.gms.update.INSTALL_UPDATE cat=[targeted_intent_op_prefix:.update.execution.InstallationIntentOperation] cmp=com.google.android.gms/.chimera.GmsIntentOperationService }.
03-02 20:32:25.533 20200 20228 V Gallery2_cloud_PhotoShareUtils: sRefreshHandler initialized
03-02 20:32:25.541 20200 20228 V Gallery2_cloud_PhotoShareUtils: bindService result is true
03-02 20:32:25.542 20240 20240 D ActivityThread: ActivityThread,attachApplication
03-02 20:32:25.543  1111  5026 D ActivityManager: ActivityManagerService,attachApplication,callingPid = 20240
03-02 20:32:25.545  5012  5012 W Settings: Setting device_provisioned has moved from android.provider.Settings.Secure to android.provider.Settings.Global.
03-02 20:32:25.545  8786 20169 I SystemUpdate: [Execution,ExecutionManager] Action finished-execution executed for 0.00 seconds.
03-02 20:32:25.545  5012  5012 I HwOUC   : [main-1]isAutoDownloadAvailable isFeatureSupport is true;isRootedByUser is false(HwOucUtility.java:5197)
03-02 20:32:25.565  5012  5012 I HwOUC   : [main-1]isHotaUpdate cursor is null,return false(GDPRUtils.java:534)
03-02 20:32:25.566  5012  5012 I chatty  : uid=10069(u0_a69) com.huawei.android.hwouc identical 2 lines
03-02 20:32:25.566  5012  5012 I HwOUC   : [main-1]isHotaUpdate cursor is null,return false(GDPRUtils.java:534)
03-02 20:32:25.569  5012  5012 E HwOUC   : [main-1]getVersionIds--components is null(HotaUpdateAuthAction.java:99)
03-02 20:32:25.574  8343  8343 W bgu     : Starting connectivity check
03-02 20:32:25.574  5012  5012 E HwOUC   : [main-1]getDevicePolicyTypeAttempt to invoke virtual method 'int android.app.admin.SystemUpdatePolicy.getPolicyType()' on a null object reference(CDDUtils.java:57)
03-02 20:32:25.574  8343  8343 W bgu     : No active network, setting to offline
03-02 20:32:25.574  8343  8343 W DeviceMonitorBroadcastReceiver: Handling android.intent.action.ACTION_POWER_CONNECTED
03-02 20:32:25.574  8343  8343 W ano     : Scheduling single update in 30 seconds
03-02 20:32:25.574 20240 20240 D HwFLClassLoader: get used feature list :/feature/used-list failed!
03-02 20:32:25.575 20240 20240 D HwFLClassLoader: USE_FEATURE_LIST had not init! 
03-02 20:32:25.578  5012  5012 I HwOUC   : [main-1]getDevicePolicyType policyType : -1(CDDUtils.java:84)
03-02 20:32:25.578  5012  5012 I HwOUC   : [main-1]isHotaUpdate cursor is null,return false(GDPRUtils.java:534)
03-02 20:32:25.579  5012  5012 I HwOUC   : [main-1]isHotaUpdate cursor is null,return false(GDPRUtils.java:534)
03-02 20:32:25.579  5012  5012 E HwOUC   : [main-1]getVersionIds--components is null(HotaUpdateAuthAction.java:99)
03-02 20:32:25.579  5012  5012 I HwOUC   : [main-1]ForcibleUpgrade--isContinuedAfterCheckCDD, isAutoDownload is false, inForeground is false, isOpenWifi is false, devicePolicyType is -1(AutoInstallUtils.java:741)
03-02 20:32:25.582 20240 20256 I HwApiCacheMangerEx: apicache mCurPackageName=com.huawei.hidisk uptimes=196741217
03-02 20:32:25.585  1111 10772 W BroadcastQueue: Background execution not allowed: receiving Intent { act=android.intent.action.ACTION_POWER_CONNECTED flg=0x4000010 (has extras) } to com.socialnmobile.dictapps.notepad.color.note/com.socialnmobile.colornote.receiver.PowerConnectedReceiver
03-02 20:32:25.586 20240 20256 I HwApiCacheMangerEx: get volume without apicache for com.qualcomm.qti.telephonyservice
03-02 20:32:25.587 20240 20256 I HwApiCacheMangerEx: get volume without apicache for com.qualcomm.qti.telephonyservice
03-02 20:32:25.587  8611 11618 D WorkSource: Insert in WorkSource{} @ 0 uid 10019 name com.google.android.gms
03-02 20:32:25.588  1111 10772 V BroadcastQueue: Finished with ordered broadcast BroadcastRecord{540b366 u0 com.google.android.gms.gcm.ACTION_SCHEDULE}
03-02 20:32:25.588 20240 20256 I HwApiCacheMangerEx: apicache async read begin packageName=com.huawei.hidisk userid=0
03-02 20:32:25.588 20240 20256 I HwApiCacheMangerEx: apicache pi null
03-02 20:32:25.592  1111  1462 V BroadcastQueue: Finished with ordered broadcast BroadcastRecord{b85f5ce u-1 android.intent.action.ACTION_POWER_CONNECTED}
03-02 20:32:25.592 20240 20256 I chatty  : uid=1001(radio) identical 1 line
03-02 20:32:25.594 20240 20256 I HwApiCacheMangerEx: apicache pi null
03-02 20:32:25.596 20240 20256 I HwApiCacheMangerEx: apicache oUid null
03-02 20:32:25.596 20240 20256 I HwApiCacheMangerEx: apicache async read finished packageName=com.huawei.hidisk userid=0 totalus=8046
03-02 20:32:25.624  5012  5012 I HwOUC   : [main-1]onCreate->isAutoDownloadAvailable is true, isOpenWifi = false, isDownload = true, isSupportAutoDownload = true(WifiAutoDownloadManageService.java:45)
03-02 20:32:25.628  5012  5012 I HwOUC   : [main-1]isHotaUpdate cursor is null,return false(GDPRUtils.java:534)
03-02 20:32:25.629  5012  5012 I HwOUC   : [main-1]isHotaUpdate cursor is null,return false(GDPRUtils.java:534)
03-02 20:32:25.629  5012  5012 E HwOUC   : [main-1]getVersionIds--components is null(HotaUpdateAuthAction.java:99)
03-02 20:32:25.630  5012  5012 E HwOUC   : [main-1]getDevicePolicyTypeAttempt to invoke virtual method 'int android.app.admin.SystemUpdatePolicy.getPolicyType()' on a null object reference(CDDUtils.java:57)
03-02 20:32:25.630  5012  5012 I HwOUC   : [main-1]getDevicePolicyType policyType : -1(CDDUtils.java:84)
03-02 20:32:25.711 20240 20240 I HwApiCacheMangerEx: apicache pi null
03-02 20:32:25.735 20200 20200 D Gallery2_Common_GalleryMediaObserver: Gallery Provider onCreate with observer com.huawei.gallery.provider.GalleryMediaObserver@7f7d561
03-02 20:32:25.736  1111  5833 V ActivityManager: Successfully start provider ContentProviderRecord{f67051 u0 com.huawei.hidisk/com.huawei.android.cg.provider.AlbumProvider} launchingApp=ProcessRecord{f555178 20240:com.huawei.hidisk/1001} caller pid= 20200
03-02 20:32:25.740 20200 20200 I Gallery2_MediaSync_MediaSyncerHelper: register media observer
03-02 20:32:25.746 20200 20229 I HwApiCacheMangerEx: apicache oUid 10023
03-02 20:32:25.746 20200 20229 I HwApiCacheMangerEx: apicache volumes [Landroid.os.storage.StorageVolume;@754bb05
03-02 20:32:25.747 20200 20229 D MediaSetUtils: innerGalleryStorage:Path:/storage/emulated/0, mounted:true, name:Device, outerGalleryStorageList:[Path:/storage/6335-3832, mounted:true, name:SD Card, index:1]
03-02 20:32:25.748 20240 20254 E CloudAlbum[8.1.2.309]: [STUtils] decbc exception:java.lang.IllegalArgumentException: Bad arguments
03-02 20:32:25.748 20240 20254 I AppLogManager: AppLogManager onCreate
03-02 20:32:25.750 20240 20254 E CloudAlbum[8.1.2.309]: [STUtils] decbc exception:java.lang.IllegalArgumentException: Bad arguments
03-02 20:32:25.750 20240 20254 E CloudAlbum[8.1.2.309]: [STUtils] decbc exception:java.lang.IllegalArgumentException: Bad arguments
03-02 20:32:25.751 20240 20240 I HwApiCacheMangerEx: apicache pi PackageInfo{1d36f75 com.huawei.hidisk}
03-02 20:32:25.753 20200 20228 V Gallery2_cloud_PhotoShareUtils: Initialize finished
03-02 20:32:25.753 20200 20228 D Gallery2: Initial Photoshare
03-02 20:32:25.753 20200 20228 D Gallery2_Common_HwCustUtilsWrapper: method find result public static java.lang.Object com.huawei.cust.HwCustUtils.createObj(java.lang.Class,java.lang.Object[])
03-02 20:32:25.754 20200 20228 I HwCust  : Constructor found for class com.android.gallery3d.util.HwCustBlackListImpl
03-02 20:32:25.754 20200 20228 D HwCust  : Create obj success use class com.android.gallery3d.util.HwCustBlackListImpl
03-02 20:32:25.758 20240 20240 I HwCust  : Constructor found for class android.app.HwCustActivityImpl
03-02 20:32:25.758 20240 20240 D HwCust  : Create obj success use class android.app.HwCustActivityImpl
03-02 20:32:25.759  1111  1548 D BluetoothManagerService: before bindService, unbind service with intent: Intent { act=android.bluetooth.IBluetoothHeadset cmp=com.android.bluetooth/.hfp.HeadsetService }
03-02 20:32:25.759 20240 20240 I HwApiCacheMangerEx: apicache pi PackageInfo{1d36f75 com.huawei.hidisk}
03-02 20:32:25.760 20240 20240 I FileManager-8.1.2.309 | ConfigConstants: versionName --> 8.1.2.309
03-02 20:32:25.761 20240 20240 I HwApiCacheMangerEx: apicache pi PackageInfo{1d36f75 com.huawei.hidisk}
03-02 20:32:25.762 20240 20240 I FileManager-8.1.2.309 | ConfigConstants: versionName --> 8.1.2.309
03-02 20:32:25.764 20240 20240 I FileManager-8.1.2.309 | HiDiskCommonUtil: ienable=0
03-02 20:32:25.768 20200 20228 D Gallery2_Common_GalleryData:  total time cost: 0
03-02 20:32:25.777 20240 20240 E AppLogApi: ApplogApi init fail,is not china rom
03-02 20:32:25.783   775  1392 I AudioTrackShared: server obtain null buf part1:0 rear:35755 front:35755 mFrameCount:24000
03-02 20:32:25.788 20200 20228 W Gallery2_Common_GalleryData: there is no cursor of favorite
03-02 20:32:25.794 20240 20240 W Settings: mValues not put! needsGenerationTracker: true currentGeneration: -1 name: user_experience_involved value: 0
03-02 20:32:25.798 20200 20266 D Gallery2_Common_StorageService: precess pre check storage info.
03-02 20:32:25.799 20240 20240 E CommonUtils: getBoolean [class java.lang.String, class java.lang.String]
03-02 20:32:25.799 20240 20240 E AppLogApi: checkUploadlog isAllowUpload false
03-02 20:32:25.799 20240 20240 I SkytoneSDK-1.0.1.301|SubscribeManager: initSDK
03-02 20:32:25.803 20200 20228 D PhoneState: battery level is 75
03-02 20:32:25.803 20200 20228 D Gallery2_Common_SelectedPhotos: is chinese: false, is network Usable: false, is Battery ok: true
03-02 20:32:25.803 20200 20228 I Gallery2_Common_SelectedPhotos: Condition is not satisfied to download cover.
03-02 20:32:25.808 20240 20240 I HwCust  : Constructor found for class android.net.HwCustConnectivityManagerImpl
03-02 20:32:25.808 20240 20240 D HwCust  : Create obj success use class android.net.HwCustConnectivityManagerImpl
03-02 20:32:25.810 20240 20240 W Settings: mValues not put! needsGenerationTracker: true currentGeneration: -1 name: hw_op_nw_default_sub_plmn value: null
03-02 20:32:25.812  1111 10772 D ConnectivityService: listenForNetwork for uid/pid:1001/20240 NetworkRequest [ LISTEN id=1101, [ Capabilities: INTERNET&NOT_RESTRICTED&TRUSTED&NOT_VPN] ]
03-02 20:32:25.812 20240 20240 I SkytoneSDK-1.0.1.301|SubscribeManager: handle ActivateVSim event when initSDK
03-02 20:32:25.814 20240 20240 I hisync.HicloudApplication: processObserverService
03-02 20:32:25.815 20240 20268 I SkytoneSDK-1.0.1.301|ActivateVSimEventHandler: handle start
03-02 20:32:25.815 20240 20268 I SkytoneSDK-1.0.1.301|ActivateVSimEventHandler: handleActivateVSimEvent
03-02 20:32:25.815 20240 20268 W SkytoneSDK-1.0.1.301|ActivateVSimEventHandler: privacy is not agreed
03-02 20:32:25.815 20240 20268 I SkytoneSDK-1.0.1.301|ActivateVSimEventHandler: handle end
03-02 20:32:25.822 20240 20240 W hisync.Util: Not support sync ability: com.android.browser
03-02 20:32:25.825 20240 20240 I hisync.HicloudApplication: initReceiver
03-02 20:32:25.838 20240 20240 I hisync.HicloudApplication: initCloudAlbum
03-02 20:32:25.839 20240 20240 I CloudAlbum[8.1.2.309]: [CommonUtil] begin isSupportRecycleBin
03-02 20:32:25.839 20240 20240 I CloudAlbum[8.1.2.309]: [CommonUtil] gallery support recycle bin
03-02 20:32:25.839 20240 20240 I CloudAlbum[8.1.2.309]: [CommonUtil] begin isSupportDisableAndResume
03-02 20:32:25.839   838 20180 V NuPlayer: reached audio EOS
03-02 20:32:25.840   838 20180 D NuPlayerDriver: notifyListener_l(0xe9133c40), (2, 0, 0, -1), loop setting(0, 0)
03-02 20:32:25.840  1111 10772 I chatty  : uid=1000(system) Binder:1111_1D expire 3 lines
03-02 20:32:25.841  2445  7986 E HsmCoreServiceImpl: onTransact in code is: 102
03-02 20:32:25.841  2445  7986 W MediaProcessHandler: processOp uid 1000 is not concerned!
03-02 20:32:25.841  2445  7986 I MediaProcessHandler: executedCallBack opType: 1 mMediaStatusObservers.size=0
03-02 20:32:25.847 20200 20237 W System.err: java.lang.IllegalStateException: Unknown URL: content://com.huawei.gallery.provider/is_support_disable
03-02 20:32:25.847 20200 20237 W System.err: 	at com.huawei.gallery.provider.GalleryProvider.query(GalleryProvider.java:529)
03-02 20:32:25.847 20200 20237 W System.err: 	at android.content.ContentProvider.query(ContentProvider.java:1059)
03-02 20:32:25.848 20200 20237 W System.err: 	at android.content.ContentProvider.query(ContentProvider.java:1151)
03-02 20:32:25.848 20200 20237 W System.err: 	at android.content.ContentProvider$Transport.query(ContentProvider.java:243)
03-02 20:32:25.848 20200 20237 W System.err: 	at android.content.ContentProviderNative.onTransact(ContentProviderNative.java:102)
03-02 20:32:25.848 20200 20237 W System.err: 	at android.os.Binder.execTransact(Binder.java:675)
03-02 20:32:25.848 20200 20237 E DatabaseUtils: Writing exception to parcel
03-02 20:32:25.848 20200 20237 E DatabaseUtils: java.lang.IllegalStateException: Unknown URL: content://com.huawei.gallery.provider/is_support_disable
03-02 20:32:25.848 20200 20237 E DatabaseUtils: 	at com.huawei.gallery.provider.GalleryProvider.query(GalleryProvider.java:529)
03-02 20:32:25.848 20200 20237 E DatabaseUtils: 	at android.content.ContentProvider.query(ContentProvider.java:1059)
03-02 20:32:25.848 20200 20237 E DatabaseUtils: 	at android.content.ContentProvider.query(ContentProvider.java:1151)
03-02 20:32:25.848 20200 20237 E DatabaseUtils: 	at android.content.ContentProvider$Transport.query(ContentProvider.java:243)
03-02 20:32:25.848 20200 20237 E DatabaseUtils: 	at android.content.ContentProviderNative.onTransact(ContentProviderNative.java:102)
03-02 20:32:25.848 20200 20237 E DatabaseUtils: 	at android.os.Binder.execTransact(Binder.java:675)
03-02 20:32:25.849 20240 20240 E CloudAlbum[8.1.2.309]: [CommonUtil] queryGallery Exception:java.lang.IllegalStateException: Unknown URL: content://com.huawei.gallery.provider/is_support_disable
03-02 20:32:25.851 20200 20237 W System.err: java.lang.IllegalStateException: Unknown URL: content://com.huawei.gallery.provider/is_cloud_sync_v2
03-02 20:32:25.851 20200 20237 W System.err: 	at com.huawei.gallery.provider.GalleryProvider.query(GalleryProvider.java:529)
03-02 20:32:25.851 20200 20237 W System.err: 	at android.content.ContentProvider.query(ContentProvider.java:1059)
03-02 20:32:25.851 20200 20237 W System.err: 	at android.content.ContentProvider.query(ContentProvider.java:1151)
03-02 20:32:25.851 20200 20237 W System.err: 	at android.content.ContentProvider$Transport.query(ContentProvider.java:243)
03-02 20:32:25.851 20200 20237 W System.err: 	at android.content.ContentProviderNative.onTransact(ContentProviderNative.java:102)
03-02 20:32:25.851 20200 20237 W System.err: 	at android.os.Binder.execTransact(Binder.java:675)
03-02 20:32:25.852 20200 20237 E DatabaseUtils: Writing exception to parcel
03-02 20:32:25.852 20200 20237 E DatabaseUtils: java.lang.IllegalStateException: Unknown URL: content://com.huawei.gallery.provider/is_cloud_sync_v2
03-02 20:32:25.852 20200 20237 E DatabaseUtils: 	at com.huawei.gallery.provider.GalleryProvider.query(GalleryProvider.java:529)
03-02 20:32:25.852 20200 20237 E DatabaseUtils: 	at android.content.ContentProvider.query(ContentProvider.java:1059)
03-02 20:32:25.852 20200 20237 E DatabaseUtils: 	at android.content.ContentProvider.query(ContentProvider.java:1151)
03-02 20:32:25.852 20200 20237 E DatabaseUtils: 	at android.content.ContentProvider$Transport.query(ContentProvider.java:243)
03-02 20:32:25.852 20200 20237 E DatabaseUtils: 	at android.content.ContentProviderNative.onTransact(ContentProviderNative.java:102)
03-02 20:32:25.852 20200 20237 E DatabaseUtils: 	at android.os.Binder.execTransact(Binder.java:675)
03-02 20:32:25.852 20240 20240 E CloudAlbum[8.1.2.309]: [CommonUtil] queryGallery Exception:java.lang.IllegalStateException: Unknown URL: content://com.huawei.gallery.provider/is_cloud_sync_v2
03-02 20:32:25.853 20240 20240 I CloudAlbum[8.1.2.309]: [Util] Support CloudAlbumSdk: false, SupportRecycle: true
03-02 20:32:25.853 20240 20240 I CloudAlbum[8.1.2.309]: [CommonUtil] begin isSupportUploadLimit
03-02 20:32:25.854 20200 20237 W System.err: java.lang.IllegalStateException: Unknown URL: content://com.huawei.gallery.provider/is_support_upload_limit
03-02 20:32:25.855 20200 20237 W System.err: 	at com.huawei.gallery.provider.GalleryProvider.query(GalleryProvider.java:529)
03-02 20:32:25.855 20200 20237 W System.err: 	at android.content.ContentProvider.query(ContentProvider.java:1059)
03-02 20:32:25.855 20200 20237 W System.err: 	at android.content.ContentProvider.query(ContentProvider.java:1151)
03-02 20:32:25.855 20200 20237 W System.err: 	at android.content.ContentProvider$Transport.query(ContentProvider.java:243)
03-02 20:32:25.855 20200 20237 W System.err: 	at android.content.ContentProviderNative.onTransact(ContentProviderNative.java:102)
03-02 20:32:25.855 20200 20237 W System.err: 	at android.os.Binder.execTransact(Binder.java:675)
03-02 20:32:25.855 20200 20237 E DatabaseUtils: Writing exception to parcel
03-02 20:32:25.855 20200 20237 E DatabaseUtils: java.lang.IllegalStateException: Unknown URL: content://com.huawei.gallery.provider/is_support_upload_limit
03-02 20:32:25.855 20200 20237 E DatabaseUtils: 	at com.huawei.gallery.provider.GalleryProvider.query(GalleryProvider.java:529)
03-02 20:32:25.855 20200 20237 E DatabaseUtils: 	at android.content.ContentProvider.query(ContentProvider.java:1059)
03-02 20:32:25.855 20200 20237 E DatabaseUtils: 	at android.content.ContentProvider.query(ContentProvider.java:1151)
03-02 20:32:25.855 20200 20237 E DatabaseUtils: 	at android.content.ContentProvider$Transport.query(ContentProvider.java:243)
03-02 20:32:25.855 20200 20237 E DatabaseUtils: 	at android.content.ContentProviderNative.onTransact(ContentProviderNative.java:102)
03-02 20:32:25.855 20200 20237 E DatabaseUtils: 	at android.os.Binder.execTransact(Binder.java:675)
03-02 20:32:25.856 20240 20240 E CloudAlbum[8.1.2.309]: [CommonUtil] queryGallery Exception:java.lang.IllegalStateException: Unknown URL: content://com.huawei.gallery.provider/is_support_upload_limit
03-02 20:32:25.856 20240 20240 I CloudAlbum[8.1.2.309]: [CommonUtil] begin isSupportPowerConserve
03-02 20:32:25.860 20200 20237 V Gallery2_cloud_GalleryPhotoShareFeatureProvider: content://com.huawei.gallery3d.photoshare.provider/is_support_cloudphoto
03-02 20:32:25.863 20240 20240 I CloudAlbum[8.1.2.309]: [CommonUtil] GalleryDownloadLimit = 0
03-02 20:32:25.864 20240 20240 I CloudAlbum[8.1.2.309]: [CommonUtil] begin SupportSmartAlbum
03-02 20:32:25.866 20200 20237 V Gallery2_cloud_GalleryPhotoShareFeatureProvider: content://com.huawei.gallery3d.photoshare.provider/is_support_cloudphoto
03-02 20:32:25.868 20240 20240 I CloudAlbum[8.1.2.309]: [CommonUtil] IsGallerySupportCloudClassify = false
03-02 20:32:25.875   775  1317 I APM_AudioPolicyManager: stopOutput() output 13, stream 1, session 8921
03-02 20:32:25.875   618  1300 D audio_hw_primary: adev_set_parameters: enter: stop_stream=1
03-02 20:32:25.875   618  1300 I Huawei_audio_cust: get_spk_pa_type: pa is tfa9872
03-02 20:32:25.875   618  1300 I Huawei_audio_cust: huawei_set_voice_lvm_mode: this device not support voice lvm
03-02 20:32:25.875   618  1300 I Huawei_audio_cust: huawei_common_set_parameters: exit with code(0)
03-02 20:32:25.875   618  1300 V Huawei_audio_cust: huawei_cust_set_parameters: exit with code(0)
03-02 20:32:25.875   618  1300 D audio_hw_extn: audio_extn_set_anc_parameters: anc_enabled:0
03-02 20:32:25.875   618  1300 D audio_hw_spkr_prot: audio_extn_fbsp_set_parameters: Speaker protection disabled
03-02 20:32:25.876   618  1300 D audio_hw_primary: ride mode set failed
03-02 20:32:25.876   775  1317 V APM_AudioPolicyManager: setBeaconMute(1) mBeaconMuteRefCount=0 mBeaconPlayingRefCount=0
03-02 20:32:25.876   775  1317 I APM_AudioPolicyManager: getNewOutputDevice() selected device 0
03-02 20:32:25.876   775  1317 I APM_AudioPolicyManager: setOutputDevice() device 0x0000 delayMs 96 force 0
03-02 20:32:25.876   775  1317 V APM_AudioPolicyManager: setOutputDevice() prevDevice 0x0002
03-02 20:32:25.877   775  1317 I APM_AudioPolicyManager: setOutputDevice() setting same device 0x0000 or null device
03-02 20:32:25.878 20240 20240 I CloudAlbum[8.1.2.309]: [Util] support http 2.0
03-02 20:32:25.880 20240 20240 W hisync.GRSManager: routingInit failed，Context or ContryCodeis is null
03-02 20:32:25.884 20240 20274 I hisync-findmyphone.AntiTheftInf: isAntiTheftSupported  = true
03-02 20:32:25.885 20240 20240 I hisync-findmyphone.LocateTrackModel.LocateTrackTask: PhoneFinder onAppStart task add
03-02 20:32:25.886 20240 20275 I hisync-findmyphone.LocateTrackModel.LocateTrackTask: PhoneFinder onAppStart start task
03-02 20:32:25.886  2445  7986 D HwAntiTheftService_jni: enter native_read, type is 2
03-02 20:32:25.887   637   637 D huawei_antiTheft: huawei_antiTheft_manager_init enter
03-02 20:32:25.888 20240 20275 I hisync-findmyphone.AntiTheftInf: isAntiTheftSupported  = true
03-02 20:32:25.888   652   652 I chatty  : uid=1000(system) teecdaemon@1.0- expire 16 lines
03-02 20:32:25.889   637   637 D huawei_antiTheft: LOAD QC_HUAWEI_ANTITHEFT_TA_PATH
03-02 20:32:25.901   618  3708 D asd     : [asd_proc_hal_data],hal data soundness: L[0],R[0]
03-02 20:32:25.906 20240 20256 E MemoryLeakMonitorManager: MemoryLeakMonitor.jar is not exist!
03-02 20:32:25.908 20240 20240 E Minikin : Could not get cmap table size!
03-02 20:32:25.910 20240 20240 I CloudAlbum[8.1.2.309]: [CloudAlbumService] onCreate
03-02 20:32:25.910 20240 20240 I CloudAlbum[8.1.2.309]: [CloudDBManager] initDataBase start!
03-02 20:32:25.920 20240 20240 I HwApiCacheMangerEx: apicache oUid null
03-02 20:32:25.920 20240 20240 I HwApiCacheMangerEx: apicache volumes null
03-02 20:32:25.922 20240 20240 I HwApiCacheMangerEx: apicache path=/storage/emulated/0 state=mounted key=com.huawei.hidisk#1001#256
03-02 20:32:25.922 20240 20240 I HwApiCacheMangerEx: apicache path=/storage/6335-3832 state=mounted key=com.huawei.hidisk#1001#256
03-02 20:32:25.923 20240 20240 I HwApiCacheMangerEx: apicache oUid 1001
03-02 20:32:25.923 20240 20240 I HwApiCacheMangerEx: apicache volumes null
03-02 20:32:25.924 20240 20240 I HwApiCacheMangerEx: apicache path=/storage/emulated/0 state=mounted key=com.huawei.hidisk#1001#0
03-02 20:32:25.924 20240 20240 I HwApiCacheMangerEx: apicache path=/storage/6335-3832 state=mounted key=com.huawei.hidisk#1001#0
03-02 20:32:25.924 20240 20240 E CloudAlbum[8.1.2.309]: [FileHelper] uuid is null
03-02 20:32:25.927 20240 20240 I HwApiCacheMangerEx: apicache oUid 1001
03-02 20:32:25.927 20240 20240 I HwApiCacheMangerEx: apicache volumes [Landroid.os.storage.StorageVolume;@4bcb712
03-02 20:32:25.927 20240 20240 I HwApiCacheMangerEx: apicache oUid 1001
03-02 20:32:25.927 20240 20240 I HwApiCacheMangerEx: apicache volumes [Landroid.os.storage.StorageVolume;@4bcb712
03-02 20:32:25.929  1111  1462 W BroadcastQueue: Permission Denial: broadcasting Intent { act=android.net.conn.CONNECTIVITY_CHANGE flg=0x4000010 (has extras) } from null (pid=-1, uid=-1) requires com.huawei.cg.permission.SERVICE due to registered receiver BroadcastFilter{9ca0afa u0 ReceiverList{beb7925 20240 com.huawei.hidisk/1001/u0 remote:a50691c}}
03-02 20:32:25.930  1111  1462 W BroadcastQueue: Permission Denial: broadcasting Intent { act=android.intent.action.BATTERY_CHANGED flg=0x60000010 (has extras) } from null (pid=-1, uid=-1) requires com.huawei.cg.permission.SERVICE due to registered receiver BroadcastFilter{9ca0afa u0 ReceiverList{beb7925 20240 com.huawei.hidisk/1001/u0 remote:a50691c}}
03-02 20:32:25.932 20240 20240 I CloudAlbum[8.1.2.309]: [CommonUtil] batteryStatus: 2, currentLevel: 75
03-02 20:32:25.932 20240 20240 I CloudAlbum[8.1.2.309]: [CommonUtil] isCharging
03-02 20:32:25.940 20240 20240 I CloudAlbum[8.1.2.309]: [DBManualUpDownManager] initManualUpAndDownloadStatus
03-02 20:32:25.942 20240 20279 I CloudAlbum[8.1.2.309]: [SeparateTaskCallable] Execute SeparateTaskCallable TaskType:queryGallarySupport
03-02 20:32:25.942 20240 20279 I CloudAlbum[8.1.2.309]: [CommonUtil] begin IsGallerySupportCallHisyncService
03-02 20:32:25.943 20240 20240 I CloudAlbum[8.1.2.309]: [CloudAlbumService] onBind
03-02 20:32:25.945 20200 20237 V Gallery2_cloud_GalleryPhotoShareFeatureProvider: content://com.huawei.gallery3d.photoshare.provider/is_support_cloudphoto
03-02 20:32:25.950 20240 20254 I CloudAlbum[8.1.2.309]: [CloudAlbumService] register callback success
03-02 20:32:25.952 20200 20253 V Gallery2_cloud_PhotoShareUtils: SdkAidlVersion 1
03-02 20:32:25.952 20200 20253 V Gallery2_cloud_PhotoShareUtils: GalleryAidlVersion 3
03-02 20:32:25.952 20200 20253 V Gallery2_cloud_PhotoShareUtils: registerCallback result true
03-02 20:32:25.953 20240 20279 I CloudAlbum[8.1.2.309]: [CommonUtil] IsGallerySupportCallHisyncService = true
03-02 20:32:25.955 20200 20253 I HwApiCacheMangerEx: apicache oUid 10023
03-02 20:32:25.955 20200 20253 I HwApiCacheMangerEx: apicache volumes [Landroid.os.storage.StorageVolume;@754bb05
03-02 20:32:25.958 20240 20279 I CloudAlbum[8.1.2.309]: [SeparateTaskCallable] Execute SeparateTaskCallable TaskType:updateDownloadFileStatus
03-02 20:32:25.975 20240 20254 E CloudAlbum[8.1.2.309]: [STUtils] decbc exception:java.lang.IllegalArgumentException: Bad arguments
03-02 20:32:25.975 20240 20254 I chatty  : uid=1001(radio) identical 2 lines
03-02 20:32:25.976 20240 20254 E CloudAlbum[8.1.2.309]: [STUtils] decbc exception:java.lang.IllegalArgumentException: Bad arguments
03-02 20:32:25.986 20200 20253 V Gallery2_cloud_PhotoShareUtils: onServiceConnected
03-02 20:32:25.992 20240 20254 E CloudAlbum[8.1.2.309]: [STUtils] decbc exception:java.lang.IllegalArgumentException: Bad arguments
03-02 20:32:25.993 20240 20254 E CloudAlbum[8.1.2.309]: [STUtils] decbc exception:java.lang.IllegalArgumentException: Bad arguments
03-02 20:32:26.260   637   637 D huawei_antiTheft: huawei_antiTheft_manager_init succeed
03-02 20:32:26.260   637   637 E hw-IPCThreadState: binder thread pool (1 threads) starved for 373 ms
03-02 20:32:26.263   637   637 D huawei_antiTheft: run command 20002 success, type 2 size is 0
03-02 20:32:26.263  2445  7986 E HwAntiTheftService_jni: native_read getFileSize fail
03-02 20:32:26.264   652   652 D QSEECOMAPI: QSEECom_shutdown_app, app_id = 63045636
03-02 20:32:26.265   652   652 E vendor.huawei.hardware.teecdaemon@1.0-service: sendAndReciveData: finish this command. return code = 0x0
03-02 20:32:26.265   652   652 E vendor.huawei.hardware.teecdaemon@1.0-service: sendAndReciveData: start to handle cmd! fd = 3
03-02 20:32:26.265   652   652 E vendor.huawei.hardware.teecdaemon@1.0-service: sendAndReciveData: finish this command. return code = 0x0
03-02 20:32:26.266   637   637 D huawei_antiTheft: huawei_antiTheft_manager_uninit succeed
03-02 20:32:26.266 20240 20274 I hisync-findmyphone.AntiTheftInf: AntiTheftManagerEx getEnable = false from Anti
03-02 20:32:26.267 20240 20275 I hisync-findmyphone.AntiTheftInf: AntiTheftManagerEx getEnable = false from cache
03-02 20:32:26.267 20240 20274 I hisync-findmyphone.AntiTheftDataManager: read data from Anti begin
03-02 20:32:26.267 20240 20240 I hisync-findmyphone.TrackSpConfig: SystemProperties set begin,isTrackWorking:false
03-02 20:32:26.267 20240 20240 W libc    : Set property "persist.radio.findmyphone" to "0"
03-02 20:32:26.268  2445  7986 D HwAntiTheftService_jni: test interface of getDataBlockSize type is 1
03-02 20:32:26.269   637   637 D huawei_antiTheft: huawei_antiTheft_manager_init enter
03-02 20:32:26.270   652   652 E vendor.huawei.hardware.teecdaemon@1.0-service: initConnect: get fd = 3
03-02 20:32:26.270   637   637 D huawei_antiTheft: LOAD QC_HUAWEI_ANTITHEFT_TA_PATH
03-02 20:32:26.270   652   652 E vendor.huawei.hardware.teecdaemon@1.0-service: sendAndReciveData: start to handle cmd! fd = 3
03-02 20:32:26.270   652   652 E vendor.huawei.hardware.teecdaemon@1.0-service: open_session: HIDL Client CALLINFO:uid= 1000,pid=637
03-02 20:32:26.272 20240 20240 I hisync-findmyphone.TrackSpConfig: SystemProperties set begin,SystemProperties.get:0
03-02 20:32:26.474   652   652 E tee_get_app_cert: /vendor/bin/hw/vendor.huawei.hardware.huaweiantitheft@1.0-service: cannot find package:getCertsForPackage
03-02 20:32:26.474   652   652 E tee_get_app_cert: tee_get_app_cert: get certs for app failed
03-02 20:32:26.589   652   652 D QSEECOMAPI: QSEECom_get_handle sb_length = 0x12000
03-02 20:32:26.589   652   652 D QSEECOMAPI: App is not loaded in QSEE
03-02 20:32:26.589   652   652 D QSEECOMAPI: app_arch = 1, total_files = 8
03-02 20:32:26.604   652   652 D QSEECOMAPI: Loaded image: APP id = 63111172
03-02 20:32:26.610   652   652 E vendor.huawei.hardware.teecdaemon@1.0-service: get_ta_cmd: don't have ta call ta command!
03-02 20:32:26.610   652   652 E vendor.huawei.hardware.teecdaemon@1.0-service: sendAndReciveData: finish this command. return code = 0x0
03-02 20:32:26.610   637   637 D huawei_antiTheft: huawei_antiTheft_manager_init succeed
03-02 20:32:26.610   637   637 E hw-IPCThreadState: binder thread pool (1 threads) starved for 341 ms
03-02 20:32:26.610   652   652 E hw-IPCThreadState: binder thread pool (1 threads) starved for 340 ms
03-02 20:32:26.611   652   652 E vendor.huawei.hardware.teecdaemon@1.0-service: sendAndReciveData: start to handle cmd! fd = 3
03-02 20:32:26.611   652   652 E vendor.huawei.hardware.teecdaemon@1.0-service: sendAndReciveData: finish this command. return code = 0x0
03-02 20:32:26.611   637   637 D huawei_antiTheft: run command 20003 success, type 1 size is 4096
03-02 20:32:26.612   652   652 E vendor.huawei.hardware.teecdaemon@1.0-service: sendAndReciveData: start to handle cmd! fd = 3
03-02 20:32:26.612   652   652 D QSEECOMAPI: QSEECom_dealloc_memory 
03-02 20:32:26.612   652   652 D QSEECOMAPI: QSEECom_shutdown_app, app_id = 63111172
03-02 20:32:26.613   652   652 E vendor.huawei.hardware.teecdaemon@1.0-service: sendAndReciveData: finish this command. return code = 0x0
03-02 20:32:26.613   652   652 E vendor.huawei.hardware.teecdaemon@1.0-service: sendAndReciveData: start to handle cmd! fd = 3
03-02 20:32:26.613   652   652 E vendor.huawei.hardware.teecdaemon@1.0-service: sendAndReciveData: finish this command. return code = 0x0
03-02 20:32:26.613   637   637 D huawei_antiTheft: huawei_antiTheft_manager_uninit succeed
03-02 20:32:26.613  2445  7986 D HwAntiTheftService_jni: enter native_read, type is 1
03-02 20:32:26.614   637   637 D huawei_antiTheft: huawei_antiTheft_manager_init enter
03-02 20:32:26.614   652   652 E vendor.huawei.hardware.teecdaemon@1.0-service: initConnect: get fd = 3
03-02 20:32:26.614   637   637 D huawei_antiTheft: LOAD QC_HUAWEI_ANTITHEFT_TA_PATH
03-02 20:32:26.615   652   652 E vendor.huawei.hardware.teecdaemon@1.0-service: sendAndReciveData: start to handle cmd! fd = 3
03-02 20:32:26.615   652   652 E vendor.huawei.hardware.teecdaemon@1.0-service: open_session: HIDL Client CALLINFO:uid= 1000,pid=637
03-02 20:32:26.701   618  3708 D asd     : [asd_proc_hal_data],hal data soundness: L[0],R[0]
03-02 20:32:26.821   652   652 E tee_get_app_cert: /vendor/bin/hw/vendor.huawei.hardware.huaweiantitheft@1.0-service: cannot find package:getCertsForPackage
03-02 20:32:26.821   652   652 E tee_get_app_cert: tee_get_app_cert: get certs for app failed
03-02 20:32:26.935   652   652 D QSEECOMAPI: QSEECom_get_handle sb_length = 0x12000
03-02 20:32:26.935   652   652 D QSEECOMAPI: App is not loaded in QSEE
03-02 20:32:26.935   652   652 D QSEECOMAPI: app_arch = 1, total_files = 8
03-02 20:32:26.953   652   652 D QSEECOMAPI: Loaded image: APP id = 63176708
03-02 20:32:26.959   652   652 E vendor.huawei.hardware.teecdaemon@1.0-service: get_ta_cmd: don't have ta call ta command!
03-02 20:32:26.960   652   652 E vendor.huawei.hardware.teecdaemon@1.0-service: sendAndReciveData: finish this command. return code = 0x0
03-02 20:32:26.960   637   637 D huawei_antiTheft: huawei_antiTheft_manager_init succeed
03-02 20:32:26.960   637   637 E hw-IPCThreadState: binder thread pool (1 threads) starved for 346 ms
03-02 20:32:26.960   652   652 E hw-IPCThreadState: binder thread pool (1 threads) starved for 346 ms
03-02 20:32:26.960   652   652 E vendor.huawei.hardware.teecdaemon@1.0-service: sendAndReciveData: start to handle cmd! fd = 3
03-02 20:32:26.961   652   652 E vendor.huawei.hardware.teecdaemon@1.0-service: sendAndReciveData: finish this command. return code = 0x0
03-02 20:32:26.962   637   637 D huawei_antiTheft: run command 20002 success, type 1 size is 0
03-02 20:32:26.962  2445  7986 E HwAntiTheftService_jni: native_read getFileSize fail
03-02 20:32:26.962   652   652 E vendor.huawei.hardware.teecdaemon@1.0-service: sendAndReciveData: start to handle cmd! fd = 3
03-02 20:32:26.963   652   652 D QSEECOMAPI: QSEECom_dealloc_memory 
03-02 20:32:26.963   652   652 D QSEECOMAPI: QSEECom_shutdown_app, app_id = 63176708
03-02 20:32:26.963   652   652 E vendor.huawei.hardware.teecdaemon@1.0-service: sendAndReciveData: finish this command. return code = 0x0
03-02 20:32:26.964   652   652 E vendor.huawei.hardware.teecdaemon@1.0-service: sendAndReciveData: start to handle cmd! fd = 3
03-02 20:32:26.964   652   652 E vendor.huawei.hardware.teecdaemon@1.0-service: sendAndReciveData: finish this command. return code = 0x0
03-02 20:32:26.964   637   637 D huawei_antiTheft: huawei_antiTheft_manager_uninit succeed
03-02 20:32:26.964 20240 20274 W hisync-findmyphone.AntiTheftInf: AntiTheftManagerEx read null data
03-02 20:32:26.965 20240 20274 I hisync-findmyphone.AntiTheftDataManager: read data from Anti:******
03-02 20:32:26.974 20240 20274 E hisync-findmyphone.STUtils: decrypterCbc Exceptionjava.lang.IllegalArgumentException: Bad arguments
03-02 20:32:26.978 20240 20274 I chatty  : uid=1001(radio) identical 2 lines
03-02 20:32:26.980 20240 20274 E hisync-findmyphone.STUtils: decrypterCbc Exceptionjava.lang.IllegalArgumentException: Bad arguments
03-02 20:32:26.981 20240 20274 I hisync-findmyphone.AntiTheftInf: AntiTheftManagerEx getEnable = false from cache
03-02 20:32:27.633  5012  5012 I HwOUC   : [main-1] ServiceHandler stop service(WifiAutoDownloadManageService.java:154)
03-02 20:32:27.638  5012  5012 I HwOUC   : [main-1], onDestroy(WifiAutoDownloadManageService.java:142)
03-02 20:32:27.902   618  3708 D asd     : [asd_proc_hal_data],hal data soundness: L[0],R[0]
03-02 20:32:27.962  1111  2371 E Watchdog: Failed to write to /sys/kernel/hungtask/vm_heart
03-02 20:32:27.962  1111  2371 E Watchdog: java.io.FileNotFoundException: /sys/kernel/hungtask/vm_heart (Permission denied)
03-02 20:32:27.962  1111  2371 E Watchdog: 	at java.io.FileOutputStream.open0(Native Method)
03-02 20:32:27.962  1111  2371 E Watchdog: 	at java.io.FileOutputStream.open(FileOutputStream.java:287)
03-02 20:32:27.962  1111  2371 E Watchdog: 	at java.io.FileOutputStream.<init>(FileOutputStream.java:223)
03-02 20:32:27.962  1111  2371 E Watchdog: 	at java.io.FileOutputStream.<init>(FileOutputStream.java:110)
03-02 20:32:27.962  1111  2371 E Watchdog: 	at com.android.server.Watchdog.writeHungtask(Watchdog.java:790)
03-02 20:32:27.962  1111  2371 E Watchdog: 	at com.android.server.Watchdog.run(Watchdog.java:542)
03-02 20:32:27.963  1111  1547 I chatty  : uid=1000(system) android.fg expire 1 line
03-02 20:32:28.751 20200 20200 D Gallery2_MediaSync: [onStartCommand] start to sync.
03-02 20:32:28.751 20200 20200 D CloudLocalSyncService: --schedule-- start local sync
03-02 20:32:28.752 20200 20200 D CloudLocalSyncService: --schedule-- stop child service
03-02 20:32:28.754 20200 20200 W Gallery2_Search: SearchServiceImpl stopService get exception:java.lang.ClassNotFoundException: com.huawei.gallery.search.SearchService
03-02 20:32:28.762  1111  1548 D BluetoothManagerService: before bindService, unbind service with intent: Intent { act=android.bluetooth.IBluetoothHeadset cmp=com.android.bluetooth/.hfp.HeadsetService }
03-02 20:32:28.796 20200 20285 D Gallery2_Common_GalleryProvider: sync uri: content://com.huawei.gallery.provider/none/sycnner/1
03-02 20:32:28.800   618  1300 D audio_hw_primary: out_standby: enter: stream (0xf4e6e800) usecase(1: low-latency-playback)
03-02 20:32:28.805 20200 20285 D Gallery2_MediaSync_LocalSyncToken: no data need delete
03-02 20:32:28.805 20200 20285 D Gallery2_MediaSync_LocalSyncToken: privilege buckets -1739773001 , 1001000593 , 1028075469, 2110972467
03-02 20:32:28.812 20200 20285 D Gallery2_MediaSync_LocalSyncToken: sync privilege buckets from id 23035
03-02 20:32:28.823 20200 20285 D Gallery2_MediaSync_LocalSyncToken: [syncInner] uri:null, whereClause:media_type IN (1,3) AND _id > 23035 AND bucket_id IN ( -1739773001 , 1001000593 , 1028075469, 2110972467 ), count: 0
03-02 20:32:28.825   618  1300 D audio_hw_primary: disable_audio_route: reset and update mixer path: low-latency-playback speaker
03-02 20:32:28.826   618  1300 D soundtrigger: audio_extn_sound_trigger_update_stream_status: uc_id 1 of type 0 for Event 2, with Raise=0
03-02 20:32:28.826   618  1300 D hardware_info: hw_info_append_hw_type : device_name = speaker
03-02 20:32:28.826   618  1300 D audio_hw_primary: disable_snd_device: snd_device(2: speaker)
03-02 20:32:28.826   618  1300 D msm8916_platform: platform_split_snd_device: snd_device(2) num devices(0) new_snd_devices(0)
03-02 20:32:28.826   618  1300 V audio_hw_tfa98xx_feedback: audio_extn_tfa98xx_stop_feedback: Entry
03-02 20:32:28.828 20200 20285 D Gallery2_MediaSync_LocalSyncToken: sync common buckets from id 23036
03-02 20:32:28.837   618  1300 D hardware_info: hw_info_append_hw_type : device_name = vi-feedback
03-02 20:32:28.837   618  1300 D audio_hw_primary: disable_snd_device: snd_device(141: vi-feedback)
03-02 20:32:28.837   618  1300 D msm8916_platform: platform_split_snd_device: snd_device(141) num devices(0) new_snd_devices(539570224)
03-02 20:32:28.837   618  1300 I soundtrigger: audio_extn_sound_trigger_update_device_status: device 0x8d of type 1 for Event 0, with Raise=0
03-02 20:32:28.837   618  1300 D audio_hw_primary: disable_audio_route: reset and update mixer path: spkr-vi-record
03-02 20:32:28.837   618  1300 D soundtrigger: audio_extn_sound_trigger_update_stream_status: uc_id 44 of type 1 for Event 2, with Raise=0
03-02 20:32:28.837   618  1300 V audio_hw_tfa98xx_feedback: audio_extn_tfa98xx_stop_feedback: Exit
03-02 20:32:28.837   618  1300 I soundtrigger: audio_extn_sound_trigger_update_device_status: device 0x2 of type 0 for Event 0, with Raise=0
03-02 20:32:28.837   618  1300 D audio_hw_primary: out_standby: exit
03-02 20:32:28.839 20200 20285 D Gallery2_MediaSync_LocalSyncToken: [syncInner] uri:null, whereClause:media_type IN (1,3) AND _id > 23036 AND bucket_id NOT IN ( -1739773001 , 1001000593 , 1028075469, 2110972467 ), count: 0
03-02 20:32:28.839 20200 20285 D Gallery2_MediaSync_LocalSyncToken: sync all record cost time: 34
03-02 20:32:28.849 20200 20285 D Gallery2_MediaSync: sync with operation record[0] cost time: 10
03-02 20:32:28.849 20200 20285 D Gallery2_MediaSync: sync done with operations. time cost(include sleep time): 92
03-02 20:32:28.850 20200 20285 D Gallery2_Common_GalleryProvider: sync uri: content://com.huawei.gallery.provider/none/sycnner/0
03-02 20:32:29.226   867   867 E Thermal-daemon: [battery] temp_new :31  temp_old :32
03-02 20:32:29.227  2459  4822 I chatty  : uid=1000(system) Binder:2459_8 expire 2 lines
03-02 20:32:29.229   867   867 E Thermal-daemon: Report temperature: [battery] temp :31  report_threshold:1
03-02 20:32:29.231   867   867 E Thermal-daemon: [pa_0] temp_new :34  temp_old :33
03-02 20:32:29.233   867   867 E Thermal-daemon: Report temperature: [pa_0] temp :34  report_threshold:1
03-02 20:32:29.399 20200 20285 D Gallery2_MediaSync: operation is sync done ? true, max media id 23036, max sync id 23036
03-02 20:32:29.419 20200 20285 D Gallery2_MediaSync: total count already synced:1903, total: 1903
03-02 20:32:29.419 20200 20285 D CloudLocalSyncService: --schedule-- stop local sync
03-02 20:32:29.419 20200 20285 D CloudLocalSyncService: localSync = 1  cloudSync = -1
03-02 20:32:29.419 20200 20285 D CloudLocalSyncService: --schedule-- start child service
03-02 20:32:29.427 20200 20285 W Gallery2_Search: SearchServiceImpl startServiceDelay get exception:java.lang.ClassNotFoundException: com.huawei.gallery.search.SearchService
03-02 20:32:29.433 20200 20200 D Gallery2_Geo: --schedule-- [onStartCommand] start reverse geo code.
03-02 20:32:29.441 20200 20289 D PhoneState: charge is true
03-02 20:32:29.441 20200 20289 D PhoneState: battery level is 75
03-02 20:32:29.442 20200 20289 D PhoneState: screen on true
03-02 20:32:29.444 20200 20288 D Gallery2_Geo: total 0 should process.
03-02 20:32:29.444 20200 20288 D Gallery2_Geo: resolve local address
03-02 20:32:29.444 20200 20288 D Gallery2_Geo: current language en equals en, locale address is ok.
03-02 20:32:29.444 20200 20288 D Gallery2_Geo: --schedule-- work done, stop GeoService
03-02 20:32:29.446 20200 20200 D Gallery2_Geo: --schedule-- GeoService onDestroy
03-02 20:32:29.700  1111  1126 I chatty  : uid=1000(system) HeapTaskDaemon expire 1 line
