03-02 19:37:05.214  1111  1549 I chatty  : uid=1000(system) android.display expire 6 lines
03-02 19:37:05.261  1111  2814 I chatty  : uid=1000(system) Binder:1111_C expire 29 lines
03-02 19:37:05.320  1111  2165 I chatty  : uid=1000(system) WifiP2pService expire 6 lines
03-02 19:37:05.345  1111  4377 I chatty  : uid=1000 system_server expire 16 lines
03-02 19:37:05.363  1111  1463 I chatty  : uid=1000(system) android.ui expire 13 lines
03-02 19:37:05.554  1111  6442 I chatty  : uid=1000(system) Binder:1111_15 expire 14 lines
03-02 19:37:07.504  2445 28745 D FaceRecognizeService: resetTimeout begin!
03-02 19:37:07.505  2445  2721 E FaceRecognizeService: handleMessage EVT = 1002
03-02 19:37:07.505  2445  2721 D AntiBruteForceProcessor: Reset facerecognize lockout, clearAttemptCounter=true
03-02 19:37:07.505  1111  9658 I chatty  : uid=1000(system) Binder:1111_1B expire 8 lines
03-02 19:37:07.513   883   907 E SchedPolicy: add_tid_to_cgroup failed; fd=-1
03-02 19:37:07.513   883   907 E SchedPolicy: add_tid_to_cgroup failed; fd=-1
03-02 19:37:07.532  2445  2721 D AntiBruteForceProcessor: resetTotalFailedTimes current total times = 0
03-02 19:37:07.533  1111  2151 I chatty  : uid=1000(system) tworkPolicy.uid expire 2 lines
03-02 19:37:07.547  1111  6029 I chatty  : uid=1000(system) Binder:1111_14 expire 4 lines
03-02 19:37:07.604  5073  5073 D ActivityThread: ActivityThread,attachApplication
03-02 19:37:07.640  2275  2275 V KeyguardDisplayManager: hide
03-02 19:37:07.648  2275  2275 V KeyguardViewMediator: updateInputRestrictedLocked 1 isInputApp = false, inputRestricted = false
03-02 19:37:07.705  1111 10696 I chatty  : uid=1000(system) Binder:1111_1C expire 2 lines
03-02 19:37:07.705  2275  2293 I CommandQueue: updateBarBgColor
03-02 19:37:07.706  2275  2293 D CommandQueue: CommandQueue, setBarBackgroundColor
03-02 19:37:07.745  1111  4041 I chatty  : uid=1000(system) Binder:1111_F expire 1 line
03-02 19:37:07.809  1111 10772 I chatty  : uid=1000(system) Binder:1111_1D expire 1 line
03-02 19:37:07.819  1111  7729 I chatty  : uid=1000(system) Binder:1111_17 expire 3 lines
03-02 19:37:07.823  1111  2148 I chatty  : uid=1000(system) NetdConnector expire 4 lines
03-02 19:37:07.870  1111  2256 I chatty  : uid=1000(system) Binder:1111_4 expire 1 line
03-02 19:37:08.019  1111  1111 I chatty  : uid=1000 system_server expire 17 lines
03-02 19:37:08.186  1111  2814 I chatty  : uid=1000(system) Binder:1111_C expire 2 lines
03-02 19:37:08.221  1111 11767 I chatty  : uid=1000(system) Binder:1111_1E expire 7 lines
03-02 19:37:08.296  1111 10696 I chatty  : uid=1000(system) Binder:1111_1C expire 9 lines
03-02 19:37:08.489  1111  6442 I chatty  : uid=1000(system) Binder:1111_15 expire 9 lines
03-02 19:37:08.682  1111  2151 I chatty  : uid=1000(system) tworkPolicy.uid expire 3 lines
03-02 19:37:08.688  1111  2148 I chatty  : uid=1000(system) NetdConnector expire 6 lines
03-02 19:37:09.778  1111  9217 I chatty  : uid=1000(system) Binder:1111_1A expire 14 lines
03-02 19:37:09.802  1111  4041 I chatty  : uid=1000(system) Binder:1111_F expire 5 lines
03-02 19:37:10.225  1111  2086 I chatty  : uid=1000(system) android.anim expire 15 lines
03-02 19:37:10.398  1111  4377 I chatty  : uid=1000 system_server expire 14 lines
03-02 19:37:10.427  1111  2168 I chatty  : uid=1000(system) ConnectivitySer expire 2 lines
03-02 19:37:10.438  2445  2445 I HwCoreAppHelperService: LocalReceiver receives:android.intent.action.PACKAGE_RESTARTED,pkg:com.huawei.hidisk,uid:1001
03-02 19:37:10.665  1111  1548 I chatty  : uid=1000(system) android.io expire 11 lines
03-02 19:37:10.728  1111  1462 I chatty  : uid=1000(system) ActivityManager expire 7 lines
03-02 19:37:13.136  1111  2094 I chatty  : uid=1000(system) UEventObserver expire 10 lines
03-02 19:37:30.124  1111  2371 I chatty  : uid=1000(system) watchdog expire 1 line
03-02 19:37:40.895  2445  2445 I HwCoreAppHelperService: LocalReceiver receives:android.intent.action.PACKAGE_RESTARTED,pkg:com.huawei.android.totemweather,uid:10034
03-02 19:37:40.899  1111  1111 I chatty  : uid=1000 system_server expire 28 lines
03-02 19:37:40.902  1111  4377 I chatty  : uid=1000 system_server expire 27 lines
03-02 19:37:40.911  1111  9217 I chatty  : uid=1000(system) Binder:1111_1A expire 4 lines
03-02 19:37:40.950  5164  5164 D ActivityThread: ActivityThread,attachApplication
03-02 19:37:41.930  5194  5194 D ActivityThread: ActivityThread,attachApplication
03-02 19:37:43.758  1111  1548 I chatty  : uid=1000(system) android.io expire 6 lines
03-02 19:37:43.825  2445  2445 I HwCoreAppHelperService: LocalReceiver receives:android.intent.action.PACKAGE_RESTARTED,pkg:com.huawei.android.totemweather,uid:10034
03-02 19:37:43.841  1111  2491 I chatty  : uid=1000(system) Binder:1111_8 expire 5 lines
03-02 19:37:43.876  5240  5240 D ActivityThread: ActivityThread,attachApplication
03-02 19:37:46.738  2445  2445 I HwCoreAppHelperService: LocalReceiver receives:android.intent.action.PACKAGE_RESTARTED,pkg:com.huawei.android.totemweather,uid:10034
03-02 19:37:46.745  1111  6029 I chatty  : uid=1000(system) Binder:1111_14 expire 10 lines
03-02 19:37:46.780  5267  5267 D ActivityThread: ActivityThread,attachApplication
03-02 19:37:47.874  5304  5304 D ActivityThread: ActivityThread,attachApplication
03-02 19:37:49.638  2445  2445 I HwCoreAppHelperService: LocalReceiver receives:android.intent.action.PACKAGE_RESTARTED,pkg:com.huawei.android.totemweather,uid:10034
03-02 19:37:49.689  5369  5369 D ActivityThread: ActivityThread,attachApplication
03-02 19:37:52.402  2445  2445 I HwCoreAppHelperService: LocalReceiver receives:android.intent.action.PACKAGE_RESTARTED,pkg:com.huawei.android.totemweather,uid:10034
03-02 19:37:52.406  1111  1111 I chatty  : uid=1000 system_server expire 13 lines
03-02 19:37:52.450  5400  5400 D ActivityThread: ActivityThread,attachApplication
03-02 19:37:53.018  1111  2478 I chatty  : uid=1000(system) Binder:1111_7 expire 6 lines
03-02 19:37:53.059  1111  2086 I chatty  : uid=1000(system) android.anim expire 5 lines
03-02 19:37:55.116  1111  4377 I chatty  : uid=1000 system_server expire 5 lines
03-02 19:37:55.133  2445  2445 I HwCoreAppHelperService: LocalReceiver receives:android.intent.action.PACKAGE_RESTARTED,pkg:com.huawei.android.totemweather,uid:10034
03-02 19:37:55.182  5432  5432 D ActivityThread: ActivityThread,attachApplication
03-02 19:37:59.032  1111  2478 I chatty  : uid=1000(system) Binder:1111_7 expire 11 lines
03-02 19:38:00.002  1111  1111 I chatty  : uid=1000 system_server expire 30 lines
03-02 19:38:00.068  1111  4041 I chatty  : uid=1000(system) Binder:1111_F expire 14 lines
03-02 19:38:00.102  1111  2086 I chatty  : uid=1000(system) android.anim expire 15 lines
03-02 19:38:00.107  1111 10772 I chatty  : uid=1000(system) Binder:1111_1D expire 15 lines
03-02 19:38:00.126  1111  2371 I chatty  : uid=1000(system) watchdog expire 3 lines
03-02 19:38:01.295  1111  2094 I chatty  : uid=1000(system) UEventObserver expire 18 lines
03-02 19:38:01.805  1111  1548 I chatty  : uid=1000(system) android.io expire 22 lines
03-02 19:38:14.687  1111  2491 I chatty  : uid=1000(system) Binder:1111_8 expire 19 lines
03-02 19:38:15.331  1111  2151 I chatty  : uid=1000(system) tworkPolicy.uid expire 10 lines
03-02 19:38:15.410  1111  2148 I chatty  : uid=1000(system) NetdConnector expire 16 lines
03-02 19:38:24.747  1111  6029 I chatty  : uid=1000(system) Binder:1111_14 expire 1 line
03-02 19:39:07.129  1111  2139 I chatty  : uid=1000(system) InputDispatcher expire 6 lines
03-02 19:39:07.615  1027  1027 D ActivityThread: Remove activity client record, r= ActivityRecord{a3f732a token=android.os.BinderProxy@652cb50 {com.android.mms/com.android.mms.ui.ComposeMessageActivity}} token= android.os.BinderProxy@652cb50
03-02 19:39:07.616  1111  2491 I chatty  : uid=1000(system) Binder:1111_8 expire 17 lines
03-02 19:39:07.626  1111  2148 I chatty  : uid=1000(system) NetdConnector expire 12 lines
03-02 19:39:07.979  1111  1548 I chatty  : uid=1000(system) android.io expire 5 lines
03-02 19:39:13.541  1111  2094 I chatty  : uid=1000(system) UEventObserver expire 2 lines
03-02 19:39:13.568  1111  1111 I chatty  : uid=1000 system_server expire 2 lines
03-02 19:39:14.124   883   907 E SchedPolicy: add_tid_to_cgroup failed; fd=-1
03-02 19:39:14.125   883   907 I chatty  : uid=0(root) iaware identical 2 lines
03-02 19:39:14.129   883   907 E SchedPolicy: add_tid_to_cgroup failed; fd=-1
03-02 19:39:14.171  1111  1463 I chatty  : uid=1000(system) android.ui expire 2 lines
03-02 19:39:14.175  1111  2151 I chatty  : uid=1000(system) tworkPolicy.uid expire 4 lines
03-02 19:39:14.176  1111 10772 I chatty  : uid=1000(system) Binder:1111_1D expire 4 lines
03-02 19:39:14.177  2630  2913 I HwNetworkPolicyManager: getHwUidPolicy uid = 10068 policy = 0
03-02 19:39:14.230  2275  3106 I CommandQueue: updateBarBgColor
03-02 19:39:14.230  2275  3106 D CommandQueue: CommandQueue, setBarBackgroundColor
03-02 19:39:20.853  1111 11767 I chatty  : uid=1000(system) Binder:1111_1E expire 3 lines
03-02 19:39:20.925  1111  5592 I chatty  : uid=1000 system_server expire 18 lines
03-02 19:39:20.956  1111 10772 I chatty  : uid=1000(system) Binder:1111_1D expire 24 lines
03-02 19:39:20.959  1111  2491 I chatty  : uid=1000(system) Binder:1111_8 expire 1 line
03-02 19:39:20.961  1111  2168 I chatty  : uid=1000(system) ConnectivitySer expire 4 lines
03-02 19:39:20.962  1111  9217 I chatty  : uid=1000(system) Binder:1111_1A expire 1 line
03-02 19:39:20.962  1111  9658 I chatty  : uid=1000(system) Binder:1111_1B expire 7 lines
03-02 19:39:20.968   883   907 E SchedPolicy: add_tid_to_cgroup failed; fd=-1
03-02 19:39:20.968   883   907 E SchedPolicy: add_tid_to_cgroup failed; fd=-1
03-02 19:39:20.972  1111  2086 I chatty  : uid=1000(system) android.anim expire 13 lines
03-02 19:39:21.013  1111  1549 I chatty  : uid=1000(system) android.display expire 2 lines
03-02 19:39:21.015  1111  2151 I chatty  : uid=1000(system) tworkPolicy.uid expire 8 lines
03-02 19:39:21.016  1111 10696 I chatty  : uid=1000(system) Binder:1111_1C expire 3 lines
03-02 19:39:21.016  1111  1463 I chatty  : uid=1000(system) android.ui expire 2 lines
03-02 19:39:21.024  1111  2148 I chatty  : uid=1000(system) NetdConnector expire 12 lines
03-02 19:39:21.028  2630  2913 I HwNetworkPolicyManager: getHwUidPolicy uid = 10125 policy = 0
03-02 19:39:21.171 27465 27465 V ActivityThread: ActivityThread,callActivityOnCreate
03-02 19:39:21.388 27465 27465 D ActivityThread: add activity client record, r= ActivityRecord{630c56b token=android.os.BinderProxy@ffe4187 {com.facebook.katana/com.facebook.katana.LoginActivity}} token= android.os.BinderProxy@ffe4187
03-02 19:39:21.432  1111  1111 I chatty  : uid=1000 system_server expire 23 lines
03-02 19:39:21.557  1111  2094 I chatty  : uid=1000(system) UEventObserver expire 8 lines
03-02 19:39:21.701  2275 29608 I CommandQueue: updateBarBgColor
03-02 19:39:21.701  2275 29608 D CommandQueue: CommandQueue, setBarBackgroundColor
03-02 19:39:21.984  1111  4041 I chatty  : uid=1000(system) Binder:1111_F expire 13 lines
03-02 19:39:22.028  1111 11767 I chatty  : uid=1000(system) Binder:1111_1E expire 14 lines
03-02 19:39:22.751  1111  6896 I chatty  : uid=1000(system) Binder:1111_16 expire 12 lines
03-02 19:39:23.017  1111  1548 I chatty  : uid=1000(system) android.io expire 9 lines
03-02 19:39:24.640  5789  5789 D ActivityThread: ActivityThread,attachApplication
03-02 19:39:25.792  2404  3437 W ContextImpl: Calling a method in the system process without a qualified user: android.app.ContextImpl.sendBroadcast:1095 com.huawei.android.chr.statistics.TelStatusService.updateSimStatInfoDB:685 com.huawei.android.chr.statistics.TelStatusService.triggerStatsReport:620 com.huawei.android.chr.statistics.TelStatusService.triggerAllStatsReport:632 com.huawei.android.chr.statistics.TelStatusManager.triggerAllStatsReport:350 
03-02 19:39:26.208  2404  3437 W ContextImpl: Calling a method in the system process without a qualified user: android.app.ContextImpl.sendBroadcast:1095 com.huawei.android.chr.statistics.TelStatusService.updateStatisticDB:735 com.huawei.android.chr.statistics.TelStatusService.triggerStatsReport:624 com.huawei.android.chr.statistics.TelStatusService.triggerAllStatsReport:632 com.huawei.android.chr.statistics.TelStatusManager.triggerAllStatsReport:350 
03-02 19:39:26.218  2404  3437 W ContextImpl: Calling a method in the system process without a qualified user: android.app.ContextImpl.sendBroadcast:1095 com.huawei.android.chr.statistics.TelStatusService.updateSimStatInfoDB:685 com.huawei.android.chr.statistics.TelStatusService.triggerStatsReport:620 com.huawei.android.chr.statistics.TelStatusService.triggerAllStatsReport:632 com.huawei.android.chr.statistics.TelStatusManager.triggerAllStatsReport:350 
03-02 19:39:26.283  2404  3437 W ContextImpl: Calling a method in the system process without a qualified user: android.app.ContextImpl.sendBroadcast:1095 com.huawei.android.chr.statistics.TelStatusService.updateStatisticDB:735 com.huawei.android.chr.statistics.TelStatusService.triggerStatsReport:624 com.huawei.android.chr.statistics.TelStatusService.triggerAllStatsReport:632 com.huawei.android.chr.statistics.TelStatusManager.triggerAllStatsReport:350 
03-02 19:39:26.328  1111  2139 I chatty  : uid=1000(system) InputDispatcher expire 2 lines
03-02 19:39:30.131  1111  2371 I chatty  : uid=1000(system) watchdog expire 1 line
03-02 19:39:31.187  1111  1462 I chatty  : uid=1000(system) ActivityManager expire 5 lines
03-02 19:39:32.512  1111  5770 I chatty  : uid=1000(system) Binder:1111_12 expire 5 lines
03-02 19:39:39.225  1111  1459 I chatty  : uid=1000(system) android.bg expire 10 lines
03-02 19:39:42.330  1111  2468 I chatty  : uid=1000(system) Binder:1111_6 expire 4 lines
03-02 19:39:44.366  6088  6088 D ActivityThread: ActivityThread,attachApplication
03-02 19:39:44.367  1111 10772 I chatty  : uid=1000(system) Binder:1111_1D expire 1 line
03-02 19:39:45.655  1111  1111 I chatty  : uid=1000 system_server expire 14 lines
03-02 19:39:45.822  1111  1475 I chatty  : uid=1000(system) batterystats-sy expire 3 lines
03-02 19:39:47.637  1111  5592 I chatty  : uid=1000 system_server expire 12 lines
03-02 19:39:47.708  2445  2445 I HwCoreAppHelperService: LocalReceiver receives:android.intent.action.PACKAGE_RESTARTED,pkg:com.google.android.googlequicksearchbox,uid:10047
03-02 19:39:47.712  1111  2505 I chatty  : uid=1000(system) Binder:1111_A expire 2 lines
03-02 19:39:47.725  1111  2148 I chatty  : uid=1000(system) NetdConnector expire 4 lines
03-02 19:39:47.791  6179  6179 D ActivityThread: ActivityThread,attachApplication
03-02 19:39:48.447  1111  2503 I chatty  : uid=1000(system) Binder:1111_9 expire 3 lines
03-02 19:39:48.499  6196  6196 D ActivityThread: ActivityThread,attachApplication
03-02 19:39:49.109  6179  6179 W KeyphraseEnrollmentInfo: No Enrollment application supports the given keyphrase/locale
03-02 19:39:49.129  1111  2256 I chatty  : uid=1000(system) Binder:1111_4 expire 4 lines
03-02 19:39:49.244  6256  6256 D ActivityThread: ActivityThread,attachApplication
03-02 19:39:49.251  1111  2356 I chatty  : uid=1000(system) Binder:1111_5 expire 2 lines
03-02 19:39:49.280  1111  2505 I chatty  : uid=1000(system) Binder:1111_A expire 1 line
03-02 19:39:49.357  1111  2256 I chatty  : uid=1000(system) Binder:1111_4 expire 3 lines
03-02 19:39:50.091  1111  1548 I chatty  : uid=1000(system) android.io expire 3 lines
03-02 19:39:50.249  1111  5592 I chatty  : uid=1000 system_server expire 43 lines
03-02 19:39:50.283  1111  2503 I chatty  : uid=1000(system) Binder:1111_9 expire 2 lines
03-02 19:39:50.284  1111  8734 I chatty  : uid=1000(system) Binder:1111_19 expire 1 line
03-02 19:39:50.435  1111  2508 I chatty  : uid=1000(system) Binder:1111_B expire 11 lines
03-02 19:39:50.680  6277  6277 D ActivityThread: ActivityThread,attachApplication
03-02 19:39:50.754  1111  1111 I chatty  : uid=1000 system_server expire 27 lines
03-02 19:39:51.034  1111 11767 I chatty  : uid=1000(system) Binder:1111_1E expire 12 lines
03-02 19:39:51.236  6322  6322 D ActivityThread: ActivityThread,attachApplication
03-02 19:39:51.372  6322  6351 D ActivityThread: Loading provider com.huawei.provider.intelligent: com.huawei.intelligent.main.database.IntelligentProvider
03-02 19:39:51.966  1111  2139 I chatty  : uid=1000(system) InputDispatcher expire 8 lines
03-02 19:39:52.612  2445  2445 I HwCoreAppHelperService: LocalReceiver receives:android.intent.action.PACKAGE_RESTARTED,pkg:com.google.android.googlequicksearchbox,uid:10047
03-02 19:39:52.628  1111  1459 I chatty  : uid=1000(system) android.bg expire 14 lines
03-02 19:39:52.628  1111  2151 I chatty  : uid=1000(system) tworkPolicy.uid expire 7 lines
03-02 19:39:52.635  1111  2148 I chatty  : uid=1000(system) NetdConnector expire 14 lines
03-02 19:39:52.724  6459  6459 D ActivityThread: ActivityThread,attachApplication
03-02 19:39:52.982  6491  6491 D ActivityThread: ActivityThread,attachApplication
03-02 19:39:53.291  6459  6459 W KeyphraseEnrollmentInfo: No Enrollment application supports the given keyphrase/locale
03-02 19:39:53.318  1111 11784 I chatty  : uid=1000(system) Binder:1111_20 expire 17 lines
03-02 19:39:53.346  1111  9217 I chatty  : uid=1000(system) Binder:1111_1A expire 5 lines
03-02 19:39:53.386  6529  6529 D ActivityThread: ActivityThread,attachApplication
03-02 19:39:53.387  1111 11781 I chatty  : uid=1000(system) Binder:1111_1F expire 1 line
03-02 19:39:53.401  1111  1462 I chatty  : uid=1000(system) ActivityManager expire 7 lines
03-02 19:39:53.420  1111  2816 I chatty  : uid=1000(system) Binder:1111_E expire 25 lines
03-02 19:39:53.427  1111  5026 I chatty  : uid=1000(system) Binder:1111_10 expire 6 lines
03-02 19:39:53.467  6546  6546 D ActivityThread: ActivityThread,attachApplication
03-02 19:39:53.663  1111  2094 I chatty  : uid=1000(system) UEventObserver expire 2 lines
03-02 19:39:54.483  1111  2468 I chatty  : uid=1000(system) Binder:1111_6 expire 13 lines
03-02 19:39:54.820  6574  6574 D ActivityThread: ActivityThread,attachApplication
03-02 19:39:55.090  6597  6597 D ActivityThread: ActivityThread,attachApplication
03-02 19:39:55.192  6597  6616 D ActivityThread: Loading provider com.huawei.provider.intelligent: com.huawei.intelligent.main.database.IntelligentProvider
03-02 19:39:55.510  1111  1463 I chatty  : uid=1000(system) android.ui expire 11 lines
03-02 19:39:56.099  2275  2275 V DeadZone: consuming errant click: (360.49933,15.046509)
03-02 19:39:56.111   883   907 E SchedPolicy: add_tid_to_cgroup failed; fd=-1
03-02 19:39:56.125   883   907 I chatty  : uid=0(root) iaware identical 2 lines
03-02 19:39:56.128   883   907 E SchedPolicy: add_tid_to_cgroup failed; fd=-1
03-02 19:39:56.148  2630  2913 I HwNetworkPolicyManager: getHwUidPolicy uid = 10068 policy = 0
03-02 19:39:56.241  2275  3288 I CommandQueue: updateBarBgColor
03-02 19:39:56.242  2275  3288 D CommandQueue: CommandQueue, setBarBackgroundColor
03-02 19:39:56.298  2275  2275 V DeadZone: consuming errant click: (379.47296,19.043701)
03-02 19:39:56.381  1111  2086 I chatty  : uid=1000(system) android.anim expire 4 lines
03-02 19:39:56.513  2445  2445 I HwCoreAppHelperService: LocalReceiver receives:android.intent.action.PACKAGE_RESTARTED,pkg:com.google.android.googlequicksearchbox,uid:10047
03-02 19:39:56.591  1111  1249 I chatty  : uid=1000(system) Binder:1111_2 expire 1 line
03-02 19:39:56.591  1111  2168 I chatty  : uid=1000(system) ConnectivitySer expire 2 lines
03-02 19:39:56.617  1111  4041 I chatty  : uid=1000(system) Binder:1111_F expire 11 lines
03-02 19:39:56.650  6632  6632 D ActivityThread: ActivityThread,attachApplication
03-02 19:39:56.662  1111  1463 I chatty  : uid=1000(system) android.ui expire 2 lines
03-02 19:39:56.663  1111  2151 I chatty  : uid=1000(system) tworkPolicy.uid expire 4 lines
03-02 19:39:56.669  1111  2148 I chatty  : uid=1000(system) NetdConnector expire 8 lines
03-02 19:39:56.712  1111  1111 I chatty  : uid=1000 system_server expire 37 lines
03-02 19:39:56.838  1111  2816 I chatty  : uid=1000(system) Binder:1111_E expire 6 lines
03-02 19:39:56.864  6651  6651 D ActivityThread: ActivityThread,attachApplication
03-02 19:39:57.108  6632  6632 W KeyphraseEnrollmentInfo: No Enrollment application supports the given keyphrase/locale
03-02 19:39:57.143  1111  1462 I chatty  : uid=1000(system) ActivityManager expire 6 lines
03-02 19:39:57.182  1111  1249 I chatty  : uid=1000(system) Binder:1111_2 expire 5 lines
03-02 19:39:57.189  6692  6692 D ActivityThread: ActivityThread,attachApplication
03-02 19:39:57.202  1111 11781 I chatty  : uid=1000(system) Binder:1111_1F expire 8 lines
03-02 19:39:57.223  6705  6705 D ActivityThread: ActivityThread,attachApplication
03-02 19:39:57.254  1111  9217 I chatty  : uid=1000(system) Binder:1111_1A expire 3 lines
03-02 19:39:58.230  1111  2508 I chatty  : uid=1000(system) Binder:1111_B expire 9 lines
03-02 19:39:58.411  1111  5592 I chatty  : uid=1000 system_server expire 51 lines
03-02 19:39:59.136  1111  1548 I chatty  : uid=1000(system) android.io expire 2 lines
03-02 19:39:59.475  6734  6734 D ActivityThread: ActivityThread,attachApplication
03-02 19:39:59.476  1111  5770 I chatty  : uid=1000(system) Binder:1111_12 expire 14 lines
03-02 19:39:59.956  6750  6750 D ActivityThread: ActivityThread,attachApplication
03-02 19:39:59.958  1111  8206 I chatty  : uid=1000(system) Binder:1111_18 expire 6 lines
03-02 19:40:00.132  1111  2371 I chatty  : uid=1000(system) watchdog expire 1 line
03-02 19:40:00.888  1111  7729 I chatty  : uid=1000(system) Binder:1111_17 expire 11 lines
03-02 19:40:00.928  6773  6773 D ActivityThread: ActivityThread,attachApplication
03-02 19:40:01.063  1111  2168 I chatty  : uid=1000(system) ConnectivitySer expire 4 lines
03-02 19:40:02.011  1111  1663 I chatty  : uid=1000(system) Binder:1111_3 expire 6 lines
03-02 19:40:02.490  6838  6838 D ActivityThread: ActivityThread,attachApplication
03-02 19:40:02.638  1111  2139 I chatty  : uid=1000(system) InputDispatcher expire 2 lines
03-02 19:40:03.210  1111  1549 I chatty  : uid=1000(system) android.display expire 2 lines
03-02 19:40:03.847  6902  6902 D ActivityThread: ActivityThread,attachApplication
03-02 19:40:03.856  1111  2491 I chatty  : uid=1000(system) Binder:1111_8 expire 2 lines
03-02 19:40:03.867  1111  1169 I chatty  : uid=1000(system) Binder:1111_1 expire 20 lines
03-02 19:40:03.881  1111  2086 I chatty  : uid=1000(system) android.anim expire 10 lines
03-02 19:40:03.881   883   907 E SchedPolicy: add_tid_to_cgroup failed; fd=-1
03-02 19:40:03.898  1111  2478 I chatty  : uid=1000(system) Binder:1111_7 expire 2 lines
03-02 19:40:03.905  2630  2913 I HwNetworkPolicyManager: getHwUidPolicy uid = 10125 policy = 0
03-02 19:40:04.781  6902  6902 V ActivityThread: ActivityThread,callActivityOnCreate
03-02 19:40:04.823  6902  6902 D ActivityThread: add activity client record, r= ActivityRecord{b8d4a1c token=android.os.BinderProxy@5654625 {com.facebook.katana/com.facebook.katana.LoginActivity}} token= android.os.BinderProxy@5654625
03-02 19:40:04.847  1111  5026 I chatty  : uid=1000(system) Binder:1111_10 expire 38 lines
03-02 19:40:04.889  6902  6902 V ActivityThread: ActivityThread,callActivityOnCreate
03-02 19:40:04.913  6902  6902 D ActivityThread: add activity client record, r= ActivityRecord{3dbee4 token=android.os.BinderProxy@1313420 {com.facebook.katana/com.facebook.katana.app.FacebookSplashScreenActivity}} token= android.os.BinderProxy@1313420
03-02 19:40:04.935   883   907 E SchedPolicy: add_tid_to_cgroup failed; fd=-1
03-02 19:40:04.964  2275  2572 I CommandQueue: updateBarBgColor
03-02 19:40:04.964  2275  2572 D CommandQueue: CommandQueue, setBarBackgroundColor
03-02 19:40:05.111  1111  2508 I chatty  : uid=1000(system) Binder:1111_B expire 3 lines
03-02 19:40:05.121  1111  2086 I chatty  : uid=1000(system) android.anim expire 17 lines
03-02 19:40:05.135  1111  5770 I chatty  : uid=1000(system) Binder:1111_12 expire 20 lines
03-02 19:40:05.145  1111  1548 I chatty  : uid=1000(system) android.io expire 6 lines
03-02 19:40:05.180  1111  2151 I chatty  : uid=1000(system) tworkPolicy.uid expire 6 lines
03-02 19:40:05.186  1111  2148 I chatty  : uid=1000(system) NetdConnector expire 12 lines
03-02 19:40:05.191  1111  1463 I chatty  : uid=1000(system) android.ui expire 15 lines
03-02 19:40:05.358  1111  1111 I chatty  : uid=1000 system_server expire 10 lines
03-02 19:40:05.420  6902  6902 D ActivityThread: Remove activity client record, r= ActivityRecord{b8d4a1c token=android.os.BinderProxy@5654625 {com.facebook.katana/com.facebook.katana.LoginActivity}} token= android.os.BinderProxy@5654625
03-02 19:40:05.430  6902  6902 V ActivityThread: ActivityThread,callActivityOnCreate
03-02 19:40:06.224  6902  6902 D ActivityThread: add activity client record, r= ActivityRecord{b8d4a1c token=android.os.BinderProxy@5654625 {com.facebook.katana/com.facebook.katana.LoginActivity}} token= android.os.BinderProxy@5654625
03-02 19:40:06.473  1111  2478 I chatty  : uid=1000(system) Binder:1111_7 expire 9 lines
03-02 19:40:06.586  2275  3288 I CommandQueue: updateBarBgColor
03-02 19:40:06.586  2275  3288 D CommandQueue: CommandQueue, setBarBackgroundColor
03-02 19:40:07.106  7150  7150 D ActivityThread: ActivityThread,attachApplication
03-02 19:40:07.453  6902  6902 D ActivityThread: Remove activity client record, r= ActivityRecord{3dbee4 token=android.os.BinderProxy@1313420 {com.facebook.katana/com.facebook.katana.app.FacebookSplashScreenActivity}} token= android.os.BinderProxy@1313420
03-02 19:40:08.427  7227  7227 D ActivityThread: ActivityThread,attachApplication
03-02 19:40:09.714  1111  2094 I chatty  : uid=1000(system) UEventObserver expire 6 lines
03-02 19:40:10.479  1111 11784 I chatty  : uid=1000(system) Binder:1111_20 expire 2 lines
03-02 19:40:10.503  1111  7729 I chatty  : uid=1000(system) Binder:1111_17 expire 10 lines
03-02 19:40:10.887  7425  7425 D ActivityThread: ActivityThread,attachApplication
03-02 19:40:14.200  1111  5592 I chatty  : uid=1000 system_server expire 3 lines
03-02 19:40:14.220  1111  2168 I chatty  : uid=1000(system) ConnectivitySer expire 2 lines
03-02 19:40:16.482  7577  7577 D ActivityThread: ActivityThread,attachApplication
03-02 19:40:16.484  1111  5026 I chatty  : uid=1000(system) Binder:1111_10 expire 30 lines
03-02 19:40:17.768  1111  1111 I chatty  : uid=1000 system_server expire 13 lines
03-02 19:40:18.879  1111  2140 I chatty  : uid=1000(system) InputReader expire 2 lines
03-02 19:40:19.011  1111  1579 I chatty  : uid=1000(system) PowerManagerSer expire 10 lines
03-02 19:40:19.718  1111  2505 I chatty  : uid=1000(system) Binder:1111_A expire 1 line
03-02 19:40:19.797  1111  8734 I chatty  : uid=1000(system) Binder:1111_19 expire 3 lines
03-02 19:40:19.962  1111  1549 I chatty  : uid=1000(system) android.display expire 7 lines
03-02 19:40:19.988  6902  6902 V ActivityThread: Finishing stop of ActivityRecord{b8d4a1c token=android.os.BinderProxy@5654625 {com.facebook.katana/com.facebook.katana.LoginActivity}}
03-02 19:40:20.097  1111  2233 I chatty  : uid=1000(system) PhotonicModulat expire 1 line
03-02 19:40:20.158  1111  1463 I chatty  : uid=1000(system) android.ui expire 1 line
03-02 19:40:20.204  1111  2165 I chatty  : uid=1000(system) WifiP2pService expire 4 lines
03-02 19:40:20.959  1111  1663 I chatty  : uid=1000(system) Binder:1111_3 expire 4 lines
03-02 19:40:20.973  1111  2148 I chatty  : uid=1000(system) NetdConnector expire 2 lines
03-02 19:40:21.099  1111  4041 I chatty  : uid=1000(system) Binder:1111_F expire 3 lines
03-02 19:40:21.396  2275  2275 V KeyguardViewMediator: updateInputRestrictedLocked 1 isInputApp = false, inputRestricted = true
03-02 19:40:21.490  2275  2275 V KeyguardStatusView: refresh statusview showing:true
03-02 19:40:21.497  2275  2275 V KeyguardDisplayManager: show
03-02 19:40:21.545  2445 28745 D AntiBruteForceProcessor: RemainingAuthenticateNum = 5
03-02 19:40:21.626  6902  6902 V ActivityThread: Handle window ActivityRecord{b8d4a1c token=android.os.BinderProxy@5654625 {com.facebook.katana/com.facebook.katana.LoginActivity}} visibility: false
03-02 19:40:21.688  1111 11767 I chatty  : uid=1000(system) Binder:1111_1E expire 20 lines
03-02 19:40:21.925  1111  5026 I chatty  : uid=1000(system) Binder:1111_10 expire 11 lines
03-02 19:40:21.927  1111  2086 I chatty  : uid=1000(system) android.anim expire 3 lines
03-02 19:40:21.973  1111  1462 I chatty  : uid=1000(system) ActivityManager expire 10 lines
03-02 19:40:22.051  1111  1169 I chatty  : uid=1000(system) Binder:1111_1 expire 30 lines
03-02 19:40:22.497  1111  2491 I chatty  : uid=1000(system) Binder:1111_8 expire 4 lines
03-02 19:40:22.537  1111  2151 I chatty  : uid=1000(system) tworkPolicy.uid expire 10 lines
03-02 19:40:22.546  1111  2148 I chatty  : uid=1000(system) NetdConnector expire 22 lines
03-02 19:40:23.121  1111  1663 I chatty  : uid=1000(system) Binder:1111_3 expire 19 lines
03-02 19:40:23.160  1111  8734 I chatty  : uid=1000(system) Binder:1111_19 expire 6 lines
03-02 19:40:23.257  1111  1548 I chatty  : uid=1000(system) android.io expire 5 lines
03-02 19:40:25.451  1111  2094 I chatty  : uid=1000(system) UEventObserver expire 8 lines
03-02 19:40:25.468  1111  1111 I chatty  : uid=1000 system_server expire 30 lines
03-02 19:40:30.907  7819  7819 D ActivityThread: ActivityThread,attachApplication
03-02 19:40:31.349  1111  1463 I chatty  : uid=1000(system) android.ui expire 13 lines
03-02 19:40:31.375  7848  7848 D ActivityThread: ActivityThread,attachApplication
03-02 19:40:32.248  2630  2630 W ContextImpl: Calling a method in the system process without a qualified user: android.app.ContextImpl.startService:1656 android.content.ContextWrapper.startService:644 android.content.ContextWrapper.startService:644 com.huawei.systemmanager.netassistant.traffic.trafficcorrection.NATAdjustSmsReceiver.onReceive:30 android.app.ActivityThread.handleReceiver:3804 
03-02 19:40:32.254  2481  2671 W SettingsEx: SettingsEx.Systemex.getString deprecated use Settings.System.getString instead ;callers=com.android.internal.telephony.InboundSmsHandler$SmsBroadcastReceiver.onReceive:1728 android.app.LoadedApk$ReceiverDispatcher$Args.lambda$-android_app_LoadedApk$ReceiverDispatcher$Args_58300:1435 android.app.-$Lambda$FilBqgnXJrN9Mgyks1XHeAxzSTk.$m$0:4 
03-02 19:40:32.799  1111  1169 I chatty  : uid=1000(system) Binder:1111_1 expire 10 lines
03-02 19:40:32.842  1111 11767 I chatty  : uid=1000(system) Binder:1111_1E expire 2 lines
03-02 19:40:33.724  1111  1469 I chatty  : uid=1000(system) ThirdAppHandler expire 2 lines
03-02 19:40:33.792  7935  7935 D ActivityThread: ActivityThread,attachApplication
03-02 19:40:33.794  1111 10772 I chatty  : uid=1000(system) Binder:1111_1D expire 10 lines
03-02 19:40:34.476  1111  1579 I chatty  : uid=1000(system) PowerManagerSer expire 7 lines
03-02 19:40:34.507  1111  2142 I chatty  : uid=1000(system) StorageManagerS expire 2 lines
03-02 19:40:34.515   448   453 I vold    : TrimTask running tasks: 0
03-02 19:40:34.517  1111  2145 I chatty  : uid=1000(system) VoldConnector expire 1 line
03-02 19:40:34.545  1111  2816 I chatty  : uid=1000(system) Binder:1111_E expire 9 lines
03-02 19:40:34.561  1111  2233 I chatty  : uid=1000(system) PhotonicModulat expire 1 line
03-02 19:40:34.561  1111  1549 I chatty  : uid=1000(system) android.display expire 4 lines
03-02 19:40:34.592  1111  5592 I chatty  : uid=1000 system_server expire 7 lines
03-02 19:40:34.680  1111  2165 I chatty  : uid=1000(system) WifiP2pService expire 3 lines
03-02 19:40:35.423  8000  8000 D ActivityThread: ActivityThread,attachApplication
03-02 19:40:36.009  1111  2371 I chatty  : uid=1000(system) watchdog expire 1 line
03-02 19:40:39.823  2481  2481 W SettingsEx: SettingsEx.Systemex.getString deprecated use Settings.System.getString instead ;callers=com.android.internal.telephony.gsm.HwCustGsmServiceStateManagerImpl.isMccForShowNetname:209 com.android.internal.telephony.gsm.HwCustGsmServiceStateManagerImpl.isShowNetnameByMcc:200 com.android.internal.telephony.gsm.HwCustGsmServiceStateManagerImpl.setOnsDisplayCustomization:151 
03-02 19:40:39.849  1111  1111 I chatty  : uid=1000 system_server expire 1 line
03-02 19:40:39.860  1111  2256 I chatty  : uid=1000(system) Binder:1111_4 expire 1 line
03-02 19:40:40.000  2481  2481 W SettingsEx: SettingsEx.Systemex.getString deprecated use Settings.System.getString instead ;callers=com.android.internal.telephony.gsm.HwCustGsmServiceStateManagerImpl.isMccForShowNetname:209 com.android.internal.telephony.gsm.HwCustGsmServiceStateManagerImpl.isShowNetnameByMcc:200 com.android.internal.telephony.gsm.HwCustGsmServiceStateManagerImpl.setOnsDisplayCustomization:151 
03-02 19:40:40.050  1111  5770 I chatty  : uid=1000(system) Binder:1111_12 expire 3 lines
03-02 19:40:40.074  2481  2481 D Telephony-TelecomAccountRegistry: onServiceStateChanged1 newState : 0, mServiceState : 0
03-02 19:40:41.789  1111  5592 I chatty  : uid=1000 system_server expire 10 lines
03-02 19:40:42.296  1111  1111 I chatty  : uid=1000 system_server expire 12 lines
03-02 19:40:42.414  1111  1462 I chatty  : uid=1000(system) ActivityManager expire 7 lines
03-02 19:40:43.013  1111 11767 I chatty  : uid=1000(system) Binder:1111_1E expire 23 lines
03-02 19:40:43.579  1111  2814 I chatty  : uid=1000(system) Binder:1111_C expire 10 lines
03-02 19:40:44.171  1111  1548 I chatty  : uid=1000(system) android.io expire 6 lines
03-02 19:40:46.418  1111  2094 I chatty  : uid=1000(system) UEventObserver expire 7 lines
03-02 19:40:50.415  1111  5833 I chatty  : uid=1000(system) Binder:1111_13 expire 9 lines
03-02 19:40:51.976  1111  8206 I chatty  : uid=1000(system) Binder:1111_18 expire 15 lines
03-02 19:40:52.744  1111  1459 I chatty  : uid=1000(system) android.bg expire 3 lines
03-02 19:40:52.809  8219  8219 D ActivityThread: ActivityThread,attachApplication
03-02 19:40:52.812  1111  1579 I chatty  : uid=1000(system) PowerManagerSer expire 19 lines
03-02 19:40:53.062  1111  2148 I chatty  : uid=1000(system) NetdConnector expire 6 lines
03-02 19:40:53.140  1111  2233 I chatty  : uid=1000(system) PhotonicModulat expire 2 lines
03-02 19:40:53.141  1111  1549 I chatty  : uid=1000(system) android.display expire 7 lines
03-02 19:40:53.147  1111  1111 I chatty  : uid=1000 system_server expire 30 lines
03-02 19:40:53.297  1111  2165 I chatty  : uid=1000(system) WifiP2pService expire 10 lines
03-02 19:40:53.339  1111  1463 I chatty  : uid=1000(system) android.ui expire 15 lines
03-02 19:40:54.636  1111  2140 I chatty  : uid=1000(system) InputReader expire 2 lines
03-02 19:40:54.686  1111  2086 I chatty  : uid=1000(system) android.anim expire 21 lines
03-02 19:40:54.749  1111  2142 I chatty  : uid=1000(system) StorageManagerS expire 4 lines
03-02 19:40:54.751  1111  2503 I chatty  : uid=1000(system) Binder:1111_9 expire 9 lines
03-02 19:40:54.759   448   453 I vold    : TrimTask running tasks: 0
03-02 19:40:54.761  1111  2145 I chatty  : uid=1000(system) VoldConnector expire 1 line
03-02 19:40:54.781  1111 11781 I chatty  : uid=1000(system) Binder:1111_1F expire 3 lines
03-02 19:40:57.494  2445 28745 D FaceRecognizeService: resetTimeout begin!
03-02 19:40:57.494  2445  2721 E FaceRecognizeService: handleMessage EVT = 1002
03-02 19:40:57.495  2445  2721 D AntiBruteForceProcessor: Reset facerecognize lockout, clearAttemptCounter=true
03-02 19:40:57.516  1111 11767 I chatty  : uid=1000(system) Binder:1111_1E expire 6 lines
03-02 19:40:57.520  1111  2151 I chatty  : uid=1000(system) tworkPolicy.uid expire 1 line
03-02 19:40:57.529  2445  2721 D AntiBruteForceProcessor: resetTotalFailedTimes current total times = 0
03-02 19:40:57.640  2275  2275 V KeyguardDisplayManager: hide
03-02 19:40:57.645  2275  2275 V KeyguardViewMediator: updateInputRestrictedLocked 1 isInputApp = false, inputRestricted = false
03-02 19:40:57.693  1111  1663 I chatty  : uid=1000(system) Binder:1111_3 expire 5 lines
03-02 19:40:58.155  2481  2481 W SettingsEx: SettingsEx.Systemex.getString deprecated use Settings.System.getString instead ;callers=com.android.internal.telephony.gsm.HwCustGsmServiceStateManagerImpl.isMccForShowNetname:209 com.android.internal.telephony.gsm.HwCustGsmServiceStateManagerImpl.isShowNetnameByMcc:200 com.android.internal.telephony.gsm.HwCustGsmServiceStateManagerImpl.setOnsDisplayCustomization:151 
03-02 19:40:58.303  2481  2481 W SettingsEx: SettingsEx.Systemex.getString deprecated use Settings.System.getString instead ;callers=com.android.internal.telephony.gsm.HwCustGsmServiceStateManagerImpl.isMccForShowNetname:209 com.android.internal.telephony.gsm.HwCustGsmServiceStateManagerImpl.isShowNetnameByMcc:200 com.android.internal.telephony.gsm.HwCustGsmServiceStateManagerImpl.setOnsDisplayCustomization:151 
03-02 19:40:58.317  2481  2481 D Telephony-TelecomAccountRegistry: onServiceStateChanged1 newState : 0, mServiceState : 0
03-02 19:40:58.582  1111  9217 I chatty  : uid=1000(system) Binder:1111_1A expire 1 line
03-02 19:40:58.605  1111  6442 I chatty  : uid=1000(system) Binder:1111_15 expire 2 lines
03-02 19:40:58.778  1111  5592 I chatty  : uid=1000 system_server expire 50 lines
03-02 19:40:58.941  8343  8343 D ActivityThread: ActivityThread,attachApplication
03-02 19:40:59.771  1111  2139 I chatty  : uid=1000(system) InputDispatcher expire 6 lines
03-02 19:40:59.901  1111  8206 I chatty  : uid=1000(system) Binder:1111_18 expire 18 lines
03-02 19:40:59.911   883   907 E SchedPolicy: add_tid_to_cgroup failed; fd=-1
03-02 19:40:59.911   883   907 E SchedPolicy: add_tid_to_cgroup failed; fd=-1
03-02 19:40:59.918  1111  2814 I chatty  : uid=1000(system) Binder:1111_C expire 37 lines
03-02 19:40:59.930   883   907 E SchedPolicy: add_tid_to_cgroup failed; fd=-1
03-02 19:40:59.931   883   907 E SchedPolicy: add_tid_to_cgroup failed; fd=-1
03-02 19:41:00.020  1111  6442 I chatty  : uid=1000(system) Binder:1111_15 expire 15 lines
03-02 19:41:00.024  1111  1463 I chatty  : uid=1000(system) android.ui expire 5 lines
03-02 19:41:00.031  1111  1111 I chatty  : uid=1000 system_server expire 18 lines
03-02 19:41:00.054  1111  2151 I chatty  : uid=1000(system) tworkPolicy.uid expire 9 lines
03-02 19:41:00.069  1111  9217 I chatty  : uid=1000(system) Binder:1111_1A expire 5 lines
03-02 19:41:00.070  1111  2148 I chatty  : uid=1000(system) NetdConnector expire 18 lines
03-02 19:41:00.077  2275  2572 I CommandQueue: updateBarBgColor
03-02 19:41:00.079  2275  2572 D CommandQueue: CommandQueue, setBarBackgroundColor
03-02 19:41:00.105  1111  2503 I chatty  : uid=1000(system) Binder:1111_9 expire 7 lines
03-02 19:41:00.105  2630  2913 I HwNetworkPolicyManager: getHwUidPolicy uid = 10068 policy = 0
03-02 19:41:00.292  1111  2086 I chatty  : uid=1000(system) android.anim expire 22 lines
03-02 19:41:00.902  1111  1462 I chatty  : uid=1000(system) ActivityManager expire 4 lines
03-02 19:41:00.962  8437  8437 D ActivityThread: ActivityThread,attachApplication
03-02 19:41:01.235  8459  8459 D ActivityThread: ActivityThread,attachApplication
03-02 19:41:02.568  1111  2094 I chatty  : uid=1000(system) UEventObserver expire 2 lines
03-02 19:41:02.590  1111  1548 I chatty  : uid=1000(system) android.io expire 2 lines
03-02 19:41:03.330  8483  8483 D ActivityThread: ActivityThread,attachApplication
03-02 19:41:03.331  1111 10696 I chatty  : uid=1000(system) Binder:1111_1C expire 14 lines
03-02 19:41:03.341   883   907 E SchedPolicy: add_tid_to_cgroup failed; fd=-1
03-02 19:41:03.376  2630  2913 I HwNetworkPolicyManager: getHwUidPolicy uid = 10038 policy = 0
03-02 19:41:03.700  8483  8483 V ActivityThread: ActivityThread,callActivityOnCreate
03-02 19:41:03.757  8512  8512 D ActivityThread: ActivityThread,attachApplication
03-02 19:41:03.934  8483  8483 D ActivityThread: add activity client record, r= ActivityRecord{57959ce token=android.os.BinderProxy@c7a4b0a {com.android.mms/com.android.mms.ui.ConversationList}} token= android.os.BinderProxy@c7a4b0a
03-02 19:41:04.007   883   907 E SchedPolicy: add_tid_to_cgroup failed; fd=-1
03-02 19:41:04.011  1111  2508 I chatty  : uid=1000(system) Binder:1111_B expire 4 lines
03-02 19:41:04.087  2275  2572 I CommandQueue: updateBarBgColor
03-02 19:41:04.087  2275  2572 D CommandQueue: CommandQueue, setBarBackgroundColor
03-02 19:41:05.031  1111  2505 I chatty  : uid=1000(system) Binder:1111_A expire 2 lines
03-02 19:41:05.085  8559  8559 D ActivityThread: ActivityThread,attachApplication
03-02 19:41:05.086  1111  8734 I chatty  : uid=1000(system) Binder:1111_19 expire 8 lines
03-02 19:41:05.451  1111  7729 I chatty  : uid=1000(system) Binder:1111_17 expire 14 lines
03-02 19:41:05.488  8483  8483 V ActivityThread: ActivityThread,callActivityOnCreate
03-02 19:41:05.762  1111  5592 I chatty  : uid=1000 system_server expire 16 lines
03-02 19:41:05.795  1111  6442 I chatty  : uid=1000(system) Binder:1111_15 expire 19 lines
03-02 19:41:05.804  1111  1111 I chatty  : uid=1000 system_server expire 16 lines
03-02 19:41:06.035  1111  1462 I chatty  : uid=1000(system) ActivityManager expire 4 lines
03-02 19:41:06.066  8483  8483 D ActivityThread: add activity client record, r= ActivityRecord{7e11dfc token=android.os.BinderProxy@22e338a {com.android.mms/com.android.mms.ui.ComposeMessageActivity}} token= android.os.BinderProxy@22e338a
03-02 19:41:06.095  8586  8586 D ActivityThread: ActivityThread,attachApplication
03-02 19:41:06.098  1111  1663 I chatty  : uid=1000(system) Binder:1111_3 expire 3 lines
03-02 19:41:06.212  1111  2086 I chatty  : uid=1000(system) android.anim expire 2 lines
03-02 19:41:06.363  1111  1547 I chatty  : uid=1000(system) android.fg expire 4 lines
03-02 19:41:06.377  1111  2371 I chatty  : uid=1000(system) watchdog expire 1 line
03-02 19:41:06.419  8611  8611 D ActivityThread: ActivityThread,attachApplication
03-02 19:41:06.540  8633  8633 D ActivityThread: ActivityThread,attachApplication
03-02 19:41:06.543  1111  9217 I chatty  : uid=1000(system) Binder:1111_1A expire 12 lines
03-02 19:41:06.804  1111  2151 I chatty  : uid=1000(system) tworkPolicy.uid expire 51 lines
03-02 19:41:06.812  1111  2148 I chatty  : uid=1000(system) NetdConnector expire 101 lines
03-02 19:41:06.820  1111 11767 I chatty  : uid=1000(system) Binder:1111_1E expire 2 lines
03-02 19:41:06.936  8658  8658 D ActivityThread: ActivityThread,attachApplication
03-02 19:41:07.252  8692  8692 D ActivityThread: ActivityThread,attachApplication
03-02 19:41:07.372  8658  8708 D ActivityThread: Loading provider com.huawei.provider.intelligent: com.huawei.intelligent.main.database.IntelligentProvider
03-02 19:41:08.606  1111  1548 I chatty  : uid=1000(system) android.io expire 2 lines
03-02 19:41:10.535  1111  2127 I chatty  : uid=1000(system) AlarmManager expire 2 lines
03-02 19:41:10.593  8786  8786 D ActivityThread: ActivityThread,attachApplication
03-02 19:41:10.594  1111  8734 I chatty  : uid=1000(system) Binder:1111_19 expire 1 line
03-02 19:41:10.598  1111  2094 I chatty  : uid=1000(system) UEventObserver expire 10 lines
03-02 19:41:12.079  1111  2148 I chatty  : uid=1000(system) NetdConnector expire 29 lines
03-02 19:41:12.091  1111  2151 I chatty  : uid=1000(system) tworkPolicy.uid expire 14 lines
03-02 19:41:13.094  1111  2478 I chatty  : uid=1000(system) Binder:1111_7 expire 5 lines
03-02 19:41:13.871  1111  2491 I chatty  : uid=1000(system) Binder:1111_8 expire 2 lines
03-02 19:41:13.977  1111 11784 I chatty  : uid=1000(system) Binder:1111_20 expire 6 lines
03-02 19:41:14.152  1111  2503 I chatty  : uid=1000(system) Binder:1111_9 expire 10 lines
03-02 19:41:14.619  1111  1548 I chatty  : uid=1000(system) android.io expire 10 lines
03-02 19:41:15.225  1111  8734 I chatty  : uid=1000(system) Binder:1111_19 expire 1 line
03-02 19:41:15.240  1111  2814 I chatty  : uid=1000(system) Binder:1111_C expire 5 lines
03-02 19:41:16.039  1111  5592 I chatty  : uid=1000 system_server expire 12 lines
03-02 19:41:16.366  1111  1547 I chatty  : uid=1000(system) android.fg expire 1 line
03-02 19:41:16.545  1111  1111 I chatty  : uid=1000 system_server expire 16 lines
03-02 19:41:16.807  1111  2256 I chatty  : uid=1000(system) Binder:1111_4 expire 7 lines
03-02 19:41:17.123  1111  4041 I chatty  : uid=1000(system) Binder:1111_F expire 6 lines
03-02 19:41:17.216  1111  5833 I chatty  : uid=1000(system) Binder:1111_13 expire 13 lines
03-02 19:41:17.367  1111  1169 I chatty  : uid=1000(system) Binder:1111_1 expire 5 lines
03-02 19:41:17.910  8926  8926 D ActivityThread: ActivityThread,attachApplication
03-02 19:41:20.990  1111 11781 I chatty  : uid=1000(system) Binder:1111_1F expire 2 lines
03-02 19:41:22.532  2481  2481 W SettingsEx: SettingsEx.Systemex.getString deprecated use Settings.System.getString instead ;callers=com.android.internal.telephony.gsm.HwCustGsmServiceStateManagerImpl.isMccForShowNetname:209 com.android.internal.telephony.gsm.HwCustGsmServiceStateManagerImpl.isShowNetnameByMcc:200 com.android.internal.telephony.gsm.HwCustGsmServiceStateManagerImpl.setOnsDisplayCustomization:151 
03-02 19:41:22.572  1111  1462 I chatty  : uid=1000(system) ActivityManager expire 10 lines
03-02 19:41:22.658  2481  2481 W SettingsEx: SettingsEx.Systemex.getString deprecated use Settings.System.getString instead ;callers=com.android.internal.telephony.gsm.HwCustGsmServiceStateManagerImpl.isMccForShowNetname:209 com.android.internal.telephony.gsm.HwCustGsmServiceStateManagerImpl.isShowNetnameByMcc:200 com.android.internal.telephony.gsm.HwCustGsmServiceStateManagerImpl.setOnsDisplayCustomization:151 
03-02 19:41:22.673  2481  2481 D Telephony-TelecomAccountRegistry: onServiceStateChanged1 newState : 0, mServiceState : 0
03-02 19:41:22.675  8986  8986 D ActivityThread: ActivityThread,attachApplication
03-02 19:41:22.960  9013  9013 D ActivityThread: ActivityThread,attachApplication
03-02 19:41:31.236  1111  2151 I chatty  : uid=1000(system) tworkPolicy.uid expire 4 lines
03-02 19:41:31.245  1111  2148 I chatty  : uid=1000(system) NetdConnector expire 8 lines
03-02 19:41:31.250  1111  2168 I chatty  : uid=1000(system) ConnectivitySer expire 6 lines
03-02 19:41:32.370  9047  9047 D ActivityThread: ActivityThread,attachApplication
03-02 19:41:32.371  1111  2816 I chatty  : uid=1000(system) Binder:1111_E expire 1 line
03-02 19:41:33.015  1111  6896 I chatty  : uid=1000(system) Binder:1111_16 expire 3 lines
03-02 19:41:33.321  1111 10696 I chatty  : uid=1000(system) Binder:1111_1C expire 4 lines
03-02 19:41:34.183  1111  1111 I chatty  : uid=1000 system_server expire 12 lines
03-02 19:41:36.378  1111  2371 I chatty  : uid=1000(system) watchdog expire 1 line
03-02 19:41:37.760  9138  9138 D ActivityThread: ActivityThread,attachApplication
03-02 19:41:40.151  1111  5592 I chatty  : uid=1000 system_server expire 14 lines
03-02 19:41:40.187  2445  2445 I HwCoreAppHelperService: LocalReceiver receives:android.intent.action.PACKAGE_RESTARTED,pkg:com.huawei.hidisk,uid:1001
03-02 19:41:43.832  2481  2481 W SettingsEx: SettingsEx.Systemex.getString deprecated use Settings.System.getString instead ;callers=com.android.internal.telephony.gsm.HwCustGsmServiceStateManagerImpl.isMccForShowNetname:209 com.android.internal.telephony.gsm.HwCustGsmServiceStateManagerImpl.isShowNetnameByMcc:200 com.android.internal.telephony.gsm.HwCustGsmServiceStateManagerImpl.setOnsDisplayCustomization:151 
03-02 19:41:43.906  2481  2481 W SettingsEx: SettingsEx.Systemex.getString deprecated use Settings.System.getString instead ;callers=com.android.internal.telephony.gsm.HwCustGsmServiceStateManagerImpl.isMccForShowNetname:209 com.android.internal.telephony.gsm.HwCustGsmServiceStateManagerImpl.isShowNetnameByMcc:200 com.android.internal.telephony.gsm.HwCustGsmServiceStateManagerImpl.setOnsDisplayCustomization:151 
03-02 19:41:43.920  1111  5833 I chatty  : uid=1000(system) Binder:1111_13 expire 1 line
03-02 19:41:43.959  2481  2481 D Telephony-TelecomAccountRegistry: onServiceStateChanged1 newState : 0, mServiceState : 0
03-02 19:41:44.698  1111  1548 I chatty  : uid=1000(system) android.io expire 5 lines
03-02 19:41:54.961  2445  2445 I HwCoreAppHelperService: LocalReceiver receives:android.intent.action.PACKAGE_RESTARTED,pkg:com.huawei.android.totemweather,uid:10034
03-02 19:41:54.966  1111  1111 I chatty  : uid=1000 system_server expire 8 lines
03-02 19:41:54.973  1111  2503 I chatty  : uid=1000(system) Binder:1111_9 expire 5 lines
03-02 19:41:55.016  9291  9291 D ActivityThread: ActivityThread,attachApplication
03-02 19:41:55.999  9316  9316 D ActivityThread: ActivityThread,attachApplication
03-02 19:41:57.490  1111  5592 I chatty  : uid=1000 system_server expire 22 lines
03-02 19:41:57.515  2445  2445 I HwCoreAppHelperService: LocalReceiver receives:android.intent.action.PACKAGE_RESTARTED,pkg:com.huawei.android.totemweather,uid:10034
03-02 19:41:57.573  9361  9361 D ActivityThread: ActivityThread,attachApplication
03-02 19:41:57.704  1111  1111 I chatty  : uid=1000 system_server expire 20 lines
03-02 19:41:58.766  1111  2094 I chatty  : uid=1000(system) UEventObserver expire 16 lines
03-02 19:41:59.738  1111  1548 I chatty  : uid=1000(system) android.io expire 19 lines
03-02 19:42:00.102  1111  2491 I chatty  : uid=1000(system) Binder:1111_8 expire 8 lines
03-02 19:42:00.426  1111  1462 I chatty  : uid=1000(system) ActivityManager expire 8 lines
03-02 19:42:01.570  9397  9397 D ActivityThread: ActivityThread,attachApplication
03-02 19:42:02.143  2481  2481 W SettingsEx: SettingsEx.Systemex.getString deprecated use Settings.System.getString instead ;callers=com.android.internal.telephony.gsm.HwCustGsmServiceStateManagerImpl.isMccForShowNetname:209 com.android.internal.telephony.gsm.HwCustGsmServiceStateManagerImpl.isShowNetnameByMcc:200 com.android.internal.telephony.gsm.HwCustGsmServiceStateManagerImpl.setOnsDisplayCustomization:151 
03-02 19:42:02.201  1111  2478 I chatty  : uid=1000(system) Binder:1111_7 expire 7 lines
