03-02 19:25:00.085  1111  6029 I chatty  : uid=1000(system) Binder:1111_14 expire 1 line
03-02 19:25:38.161  2481  2481 W SettingsEx: SettingsEx.Systemex.getString deprecated use Settings.System.getString instead ;callers=com.android.internal.telephony.gsm.HwCustGsmServiceStateManagerImpl.isMccForShowNetname:209 com.android.internal.telephony.gsm.HwCustGsmServiceStateManagerImpl.isShowNetnameByMcc:200 com.android.internal.telephony.gsm.HwCustGsmServiceStateManagerImpl.setOnsDisplayCustomization:151 
03-02 19:25:38.175  1111  1111 I chatty  : uid=1000 system_server expire 31 lines
03-02 19:25:38.188  1111  1462 I chatty  : uid=1000(system) ActivityManager expire 7 lines
03-02 19:25:38.231  2481  2481 W SettingsEx: SettingsEx.Systemex.getString deprecated use Settings.System.getString instead ;callers=com.android.internal.telephony.gsm.HwCustGsmServiceStateManagerImpl.isMccForShowNetname:209 com.android.internal.telephony.gsm.HwCustGsmServiceStateManagerImpl.isShowNetnameByMcc:200 com.android.internal.telephony.gsm.HwCustGsmServiceStateManagerImpl.setOnsDisplayCustomization:151 
03-02 19:25:38.242  3511  3511 D ActivityThread: ActivityThread,attachApplication
03-02 19:25:38.243  1111  2503 I chatty  : uid=1000(system) Binder:1111_9 expire 5 lines
03-02 19:25:38.263  2481  2481 D Telephony-TelecomAccountRegistry: onServiceStateChanged1 newState : 0, mServiceState : 0
03-02 19:25:38.456  3542  3542 D ActivityThread: ActivityThread,attachApplication
03-02 19:25:40.122  1111  1548 I chatty  : uid=1000(system) android.io expire 32 lines
03-02 19:25:45.975  1111  2094 I chatty  : uid=1000(system) UEventObserver expire 22 lines
03-02 19:26:28.086  1111  3599 I chatty  : uid=1000 system_server expire 6 lines
03-02 19:26:51.386  1111  1463 I chatty  : uid=1000(system) android.ui expire 20 lines
03-02 19:27:13.585  2481  2481 W SettingsEx: SettingsEx.Systemex.getString deprecated use Settings.System.getString instead ;callers=com.android.internal.telephony.gsm.HwCustGsmServiceStateManagerImpl.isMccForShowNetname:209 com.android.internal.telephony.gsm.HwCustGsmServiceStateManagerImpl.isShowNetnameByMcc:200 com.android.internal.telephony.gsm.HwCustGsmServiceStateManagerImpl.setOnsDisplayCustomization:151 
03-02 19:27:13.597  1111  1111 I chatty  : uid=1000 system_server expire 11 lines
03-02 19:27:13.661  2481  2481 D Telephony-TelecomAccountRegistry: onServiceStateChanged1 newState : 0, mServiceState : 0
03-02 19:27:13.667  3634  3634 D ActivityThread: ActivityThread,attachApplication
03-02 19:27:13.718  2481  2481 W SettingsEx: SettingsEx.Systemex.getString deprecated use Settings.System.getString instead ;callers=com.android.internal.telephony.gsm.HwCustGsmServiceStateManagerImpl.isMccForShowNetname:209 com.android.internal.telephony.gsm.HwCustGsmServiceStateManagerImpl.isShowNetnameByMcc:200 com.android.internal.telephony.gsm.HwCustGsmServiceStateManagerImpl.setOnsDisplayCustomization:151 
03-02 19:27:13.770  2481  2481 W SettingsEx: SettingsEx.Systemex.getString deprecated use Settings.System.getString instead ;callers=com.android.internal.telephony.gsm.HwCustGsmServiceStateManagerImpl.isMccForShowNetname:209 com.android.internal.telephony.gsm.HwCustGsmServiceStateManagerImpl.isShowNetnameByMcc:200 com.android.internal.telephony.gsm.HwCustGsmServiceStateManagerImpl.setOnsDisplayCustomization:151 
03-02 19:27:13.783  2481  2481 D Telephony-TelecomAccountRegistry: onServiceStateChanged1 newState : 0, mServiceState : 0
03-02 19:27:13.848  1111  2508 I chatty  : uid=1000(system) Binder:1111_B expire 4 lines
03-02 19:27:13.897  3664  3664 D ActivityThread: ActivityThread,attachApplication
03-02 19:27:14.280  1111  2094 I chatty  : uid=1000(system) UEventObserver expire 6 lines
03-02 19:27:16.340  1111  1548 I chatty  : uid=1000(system) android.io expire 6 lines
03-02 19:27:20.586  1111  1463 I chatty  : uid=1000(system) android.ui expire 20 lines
03-02 19:27:31.777  1111  3709 I chatty  : uid=1000 system_server expire 11 lines
03-02 19:27:32.282  1111  1111 I chatty  : uid=1000 system_server expire 16 lines
03-02 19:27:34.391  1111  1548 I chatty  : uid=1000(system) android.io expire 10 lines
03-02 19:27:38.358  1111  2094 I chatty  : uid=1000(system) UEventObserver expire 29 lines
03-02 19:27:45.841  1111  2371 I chatty  : uid=1000(system) watchdog expire 4 lines
03-02 19:27:47.077  2445  2445 I HwCoreAppHelperService: LocalReceiver receives:android.intent.action.PACKAGE_RESTARTED,pkg:com.huawei.android.totemweather,uid:10034
03-02 19:27:47.086  1111  3709 I chatty  : uid=1000 system_server expire 32 lines
03-02 19:27:47.109  1111  9658 I chatty  : uid=1000(system) Binder:1111_1B expire 7 lines
03-02 19:27:47.148  3723  3723 D ActivityThread: ActivityThread,attachApplication
03-02 19:27:48.090  1111  1462 I chatty  : uid=1000(system) ActivityManager expire 7 lines
03-02 19:27:48.127  3753  3753 D ActivityThread: ActivityThread,attachApplication
03-02 19:27:48.128  1111 11781 I chatty  : uid=1000(system) Binder:1111_1F expire 2 lines
03-02 19:27:48.869  2481  2481 W SettingsEx: SettingsEx.Systemex.getString deprecated use Settings.System.getString instead ;callers=com.android.internal.telephony.gsm.HwCustGsmServiceStateManagerImpl.isMccForShowNetname:209 com.android.internal.telephony.gsm.HwCustGsmServiceStateManagerImpl.isShowNetnameByMcc:200 com.android.internal.telephony.gsm.HwCustGsmServiceStateManagerImpl.setOnsDisplayCustomization:151 
03-02 19:27:48.889  1111  1111 I chatty  : uid=1000 system_server expire 21 lines
03-02 19:27:48.958  2481  2481 W SettingsEx: SettingsEx.Systemex.getString deprecated use Settings.System.getString instead ;callers=com.android.internal.telephony.gsm.HwCustGsmServiceStateManagerImpl.isMccForShowNetname:209 com.android.internal.telephony.gsm.HwCustGsmServiceStateManagerImpl.isShowNetnameByMcc:200 com.android.internal.telephony.gsm.HwCustGsmServiceStateManagerImpl.setOnsDisplayCustomization:151 
03-02 19:27:48.958  3801  3801 D ActivityThread: ActivityThread,attachApplication
03-02 19:27:48.959  1111  8206 I chatty  : uid=1000(system) Binder:1111_18 expire 8 lines
03-02 19:27:49.006  2481  2481 D Telephony-TelecomAccountRegistry: onServiceStateChanged1 newState : 0, mServiceState : 0
03-02 19:27:49.120  3824  3824 D ActivityThread: ActivityThread,attachApplication
03-02 19:27:49.494  3854  3854 D ActivityThread: ActivityThread,attachApplication
03-02 19:27:50.678  2445  2445 I HwCoreAppHelperService: LocalReceiver receives:android.intent.action.PACKAGE_RESTARTED,pkg:com.huawei.android.totemweather,uid:10034
03-02 19:27:50.698  1111  6896 I chatty  : uid=1000(system) Binder:1111_16 expire 8 lines
03-02 19:27:50.757  3871  3871 D ActivityThread: ActivityThread,attachApplication
03-02 19:27:54.071  2445  2445 I HwCoreAppHelperService: LocalReceiver receives:android.intent.action.PACKAGE_RESTARTED,pkg:com.huawei.android.totemweather,uid:10034
03-02 19:27:54.124  3898  3898 D ActivityThread: ActivityThread,attachApplication
03-02 19:27:54.734  3926  3926 D ActivityThread: ActivityThread,attachApplication
03-02 19:27:54.735  1111 10772 I chatty  : uid=1000(system) Binder:1111_1D expire 4 lines
03-02 19:28:01.496  2445  2445 I HwCoreAppHelperService: LocalReceiver receives:android.intent.action.PACKAGE_RESTARTED,pkg:com.huawei.android.totemweather,uid:10034
03-02 19:28:01.500  1111  1111 I chatty  : uid=1000 system_server expire 43 lines
03-02 19:28:01.553  3980  3980 D ActivityThread: ActivityThread,attachApplication
03-02 19:28:04.477  1111  1548 I chatty  : uid=1000(system) android.io expire 29 lines
03-02 19:28:05.287  1111  3709 I chatty  : uid=1000 system_server expire 10 lines
03-02 19:28:05.304  2445  2445 I HwCoreAppHelperService: LocalReceiver receives:android.intent.action.PACKAGE_RESTARTED,pkg:com.huawei.android.totemweather,uid:10034
03-02 19:28:05.359  4010  4010 D ActivityThread: ActivityThread,attachApplication
03-02 19:28:08.989  2445  2445 I HwCoreAppHelperService: LocalReceiver receives:android.intent.action.PACKAGE_RESTARTED,pkg:com.huawei.android.totemweather,uid:10034
03-02 19:28:09.011  1111  4041 I chatty  : uid=1000(system) Binder:1111_F expire 2 lines
03-02 19:28:09.067  4037  4037 D ActivityThread: ActivityThread,attachApplication
03-02 19:28:09.068  1111  6442 I chatty  : uid=1000(system) Binder:1111_15 expire 2 lines
03-02 19:29:15.558  1111  1463 I chatty  : uid=1000(system) android.ui expire 40 lines
03-02 19:29:30.734  1111  2094 I chatty  : uid=1000(system) UEventObserver expire 19 lines
03-02 19:29:30.747  1111  1111 I chatty  : uid=1000 system_server expire 26 lines
03-02 19:29:31.699  1111  1548 I chatty  : uid=1000(system) android.io expire 24 lines
03-02 19:29:45.849  1111  2371 I chatty  : uid=1000(system) watchdog expire 3 lines
03-02 19:30:00.096  1111  4041 I chatty  : uid=1000(system) Binder:1111_F expire 2 lines
03-02 19:30:00.154  1111  6442 I chatty  : uid=1000(system) Binder:1111_15 expire 3 lines
03-02 19:30:18.942  1111  1475 I chatty  : uid=1000(system) batterystats-sy expire 3 lines
03-02 19:30:43.238  1111  1579 I chatty  : uid=1000(system) PowerManagerSer expire 11 lines
03-02 19:30:43.244  1111  9658 I chatty  : uid=1000(system) Binder:1111_1B expire 11 lines
03-02 19:30:43.311  1111  2151 I chatty  : uid=1000(system) tworkPolicy.uid expire 2 lines
03-02 19:30:43.323  1027  1027 V ActivityThread: Finishing stop of ActivityRecord{a3f732a token=android.os.BinderProxy@652cb50 {com.android.mms/com.android.mms.ui.ComposeMessageActivity}}
03-02 19:30:43.337  1111 10772 I chatty  : uid=1000(system) Binder:1111_1D expire 12 lines
03-02 19:30:43.452  1111  1549 I chatty  : uid=1000(system) android.display expire 4 lines
03-02 19:30:43.459  1111  1111 I chatty  : uid=1000 system_server expire 11 lines
03-02 19:30:43.513  1111  2233 I chatty  : uid=1000(system) PhotonicModulat expire 1 line
03-02 19:30:43.558  1111  2165 I chatty  : uid=1000(system) WifiP2pService expire 4 lines
03-02 19:30:43.657  1111  2148 I chatty  : uid=1000(system) NetdConnector expire 6 lines
03-02 19:30:43.659  1111  1463 I chatty  : uid=1000(system) android.ui expire 1 line
03-02 19:30:43.886  1111  1548 I chatty  : uid=1000(system) android.io expire 1 line
03-02 19:30:49.370  1111  2094 I chatty  : uid=1000(system) UEventObserver expire 7 lines
03-02 19:30:49.387  2275  2275 V KeyguardViewMediator: updateInputRestrictedLocked 1 isInputApp = false, inputRestricted = true
03-02 19:30:49.438  2275  2275 V KeyguardStatusView: refresh statusview showing:true
03-02 19:30:49.442  2275  2275 V KeyguardDisplayManager: show
03-02 19:31:22.124  1027  1027 V ActivityThread: Handle window ActivityRecord{a3f732a token=android.os.BinderProxy@652cb50 {com.android.mms/com.android.mms.ui.ComposeMessageActivity}} visibility: false
03-02 19:31:22.125  2445  4258 D AntiBruteForceProcessor: RemainingAuthenticateNum = 5
03-02 19:31:22.147  1111  1111 I chatty  : uid=1000 system_server expire 20 lines
03-02 19:31:22.189  1111  2503 I chatty  : uid=1000(system) Binder:1111_9 expire 1 line
03-02 19:31:22.280  1111 10772 I chatty  : uid=1000(system) Binder:1111_1D expire 22 lines
03-02 19:31:22.308  1111  6896 I chatty  : uid=1000(system) Binder:1111_16 expire 3 lines
03-02 19:31:22.398  1111  2086 I chatty  : uid=1000(system) android.anim expire 1 line
03-02 19:31:22.464  1111  6029 I chatty  : uid=1000(system) Binder:1111_14 expire 28 lines
03-02 19:31:23.509  2481  2481 D Telephony-PstnIncomingCallNotifier: handleNewRingingConnection
03-02 19:31:23.510  2481  2481 I Telephony-PstnIncomingCallNotifier: sendIncomingCallIntent, connection is:  callId: null isExternal: N incoming: true state: INCOMING post dial state: NOT_STARTED
03-02 19:31:23.585  1111  5064 I chatty  : uid=1000(system) AsyncQueryWorke expire 5 lines
03-02 19:31:23.607  2481  2481 I Telephony-TelephonyConnectionService: onCreateIncomingConnection
03-02 19:31:23.609  2481  2481 V Telephony-TelephonyConnection: new TelephonyConnection, originalConnection:  callId: null isExternal: N incoming: true state: INCOMING post dial state: NOT_STARTED
03-02 19:31:23.609  2481  2481 D Telephony-TelephonyConnection: clearOriginalConnection
03-02 19:31:23.610  2481  2481 V Telephony-TelephonyConnection: isValidRingingCall, returning true
03-02 19:31:23.613  2481  2481 D Telephony-TelephonyConnection: updateStateInternal() mOriginalConnection= callId: TC@18_1 isExternal: N incoming: true state: INCOMING post dial state: NOT_STARTED
03-02 19:31:23.613  2481  2481 D Telephony-TelephonyConnection: updateStateInternal() mOriginalConnection.getAddress()=xxxx
03-02 19:31:23.614  2481  2481 V Telephony-TelephonyConnection: Update state from IDLE to INCOMING for [TelephonyConnection objId:103396133 telecomCallID:TC@18_1 type:gsm state:NEW capabilities:[Capabilities: CAPABILITY_SUPPORT_HOLD CAPABILITY_MUTE CAPABILITY_CANNOT_DOWNGRADE_VIDEO_TO_AUDIO CAPABILITY_SPEED_UP_MT_AUDIO] properties:[Properties:] address:xxxx originalConnection: callId: TC@18_1 isExternal: N incoming: true state: INCOMING post dial state: NOT_STARTED partOfConf:N confSupported:N]
03-02 19:31:23.614  2481  2481 V Telephony-TelephonyConnection: onStateChanged, state: RINGING
03-02 19:31:23.614  2481  2481 V Telephony-TelephonyConnection: isValidRingingCall, returning true
03-02 19:31:23.614  2481  2481 V Telephony-TelephonyConnection: isValidRingingCall, returning true
03-02 19:31:23.619  2481  2481 V Telephony-TelephonyConnection: updateAddress, address changed
03-02 19:31:23.620  2481  2481 V Telephony-TelephonyConnection: updateAddress, caller display name changed
03-02 19:31:23.621  2481  2481 V Telephony-TelephonyConnection: refreshConferenceSupported : isConfSupp=true, isVidConfSupp=false, isMergeOfWifiAllowed=true, isWifi=false, isVoWifiEnabled=false
03-02 19:31:23.621  2481  2481 D Telephony-TelephonyConnection: refreshConferenceSupported = true.
03-02 19:31:23.622  2481  2481 D Telephony-TelephonyConnectionService: Adding GSM connection to conference controller: [TelephonyConnection objId:103396133 telecomCallID:TC@18_1 type:gsm state:RINGING capabilities:[Capabilities: CAPABILITY_SUPPORT_HOLD CAPABILITY_MUTE CAPABILITY_CANNOT_DOWNGRADE_VIDEO_TO_AUDIO CAPABILITY_SPEED_UP_MT_AUDIO] properties:[Properties:] address:xxxxxxxxxxxxxxx originalConnection: callId: TC@18_1 isExternal: N incoming: true state: INCOMING post dial state: NOT_STARTED partOfConf:N confSupported:Y]
03-02 19:31:23.622  2481  2481 D Telephony-TelephonyConferenceController: Recalculate conference calls null [].
03-02 19:31:23.622  2481  2481 D Telephony-TelephonyConferenceController: Is there a match for all connections in connection service true
03-02 19:31:23.622  2481  2481 D Telephony-TelephonyConferenceController: not enough connections to be a conference!
03-02 19:31:23.622  2481  2481 V Telephony-TelephonyConferenceController: recalculateConferenceable : 1
03-02 19:31:23.622  2481  2481 D Telephony-TelephonyConferenceController: recalc - 2 [TelephonyConnection objId:103396133 telecomCallID:TC@18_1 type:gsm state:RINGING capabilities:[Capabilities: CAPABILITY_SUPPORT_HOLD CAPABILITY_MUTE CAPABILITY_CANNOT_DOWNGRADE_VIDEO_TO_AUDIO CAPABILITY_SPEED_UP_MT_AUDIO] properties:[Properties:] address:xxxxxxxxxxxxxxx originalConnection: callId: TC@18_1 isExternal: N incoming: true state: INCOMING post dial state: NOT_STARTED partOfConf:N confSupported:Y] supportsConf? true
03-02 19:31:23.622  2481  2481 V Telephony-TelephonyConferenceController: conferenceable: 0
03-02 19:31:23.622  2481  2481 D Telephony-TelephonyConnectionService: Removing connection from IMS conference controller: [TelephonyConnection objId:103396133 telecomCallID:TC@18_1 type:gsm state:RINGING capabilities:[Capabilities: CAPABILITY_SUPPORT_HOLD CAPABILITY_MUTE CAPABILITY_CANNOT_DOWNGRADE_VIDEO_TO_AUDIO CAPABILITY_SPEED_UP_MT_AUDIO] properties:[Properties:] address:xxxxxxxxxxxxxxx originalConnection: callId: TC@18_1 isExternal: N incoming: true state: INCOMING post dial state: NOT_STARTED partOfConf:N confSupported:Y]
03-02 19:31:23.622  2481  2481 D Telephony-ImsConferenceController: remove - connection not tracked; connection=[TelephonyConnection objId:103396133 telecomCallID:TC@18_1 type:gsm state:RINGING capabilities:[Capabilities: CAPABILITY_SUPPORT_HOLD CAPABILITY_MUTE CAPABILITY_CANNOT_DOWNGRADE_VIDEO_TO_AUDIO CAPABILITY_SPEED_UP_MT_AUDIO] properties:[Properties:] address:xxxxxxxxxxxxxxx originalConnection: callId: TC@18_1 isExternal: N incoming: true state: INCOMING post dial state: NOT_STARTED partOfConf:N confSupported:Y]
03-02 19:31:23.624  2481  2481 D Telephony-TelephonyConnection: updateExtras extras: extras is null
03-02 19:31:23.630  4182  4182 D ActivityThread: ActivityThread,attachApplication
03-02 19:31:23.631  2481  2481 I Telephony: TelephonyConnectionService: notifyCreateConnectionComplete TC@18_1: (...->CSW.hCCC)->CS.crCoC->H.CS.crCoC@E-E-E-Czo
03-02 19:31:23.632  1111  4199 I chatty  : uid=1000 system_server expire 6 lines
03-02 19:31:24.177  4219  4219 D ActivityThread: ActivityThread,attachApplication
03-02 19:31:24.252  1111  4233 I chatty  : uid=1000 system_server expire 1 line
03-02 19:31:24.389  1111  1111 I chatty  : uid=1000 system_server expire 43 lines
03-02 19:31:24.392  1111  6029 I chatty  : uid=1000(system) Binder:1111_14 expire 6 lines
03-02 19:31:24.399  2481  2990 I Telephony: : setActiveSubscription TC@18_1
03-02 19:31:24.400  2481  2481 I Telephony-TelephonyConnection: setActiveSubscription subId:0
03-02 19:31:24.404  1111  4237 I chatty  : uid=1000 system_server expire 3 lines
03-02 19:31:24.433  1111  2595 I chatty  : uid=1000(system) CallAudioModeSt expire 16 lines
03-02 19:31:24.451  1111  1462 I chatty  : uid=1000(system) ActivityManager expire 8 lines
03-02 19:31:24.475  4242  4242 D ActivityThread: ActivityThread,attachApplication
03-02 19:31:24.528  2445  2445 W ContextImpl: Calling a method in the system process without a qualified user: android.app.ContextImpl.startService:1656 android.content.ContextWrapper.startService:644 android.content.ContextWrapper.startService:644 com.huawei.motionservice.relayadapter.MotionServiceReceiver.onReceive:65 android.app.ActivityThread.handleReceiver:3804 
03-02 19:31:24.531  1111  2503 I chatty  : uid=1000(system) Binder:1111_9 expire 5 lines
03-02 19:31:24.550  1111  2586 I chatty  : uid=1000(system) uteStateMachine expire 15 lines
03-02 19:31:24.552  2481  2481 D Telephony-TelephonyConnection: onAudioStateChanged...false
03-02 19:31:24.562  1111  6896 I chatty  : uid=1000(system) Binder:1111_16 expire 10 lines
03-02 19:31:24.564  1111  4262 I chatty  : uid=1000 system_server expire 7 lines
03-02 19:31:24.571  1111  2151 I chatty  : uid=1000(system) tworkPolicy.uid expire 5 lines
03-02 19:31:24.577  1111  2148 I chatty  : uid=1000(system) NetdConnector expire 10 lines
03-02 19:31:24.600  2481  2481 D Telephony-TelephonyConnection: onAudioStateChanged...false
03-02 19:31:24.720  4272  4272 D ActivityThread: ActivityThread,attachApplication
03-02 19:31:24.721  1111 10772 I chatty  : uid=1000(system) Binder:1111_1D expire 13 lines
03-02 19:31:24.747  1111  9658 I chatty  : uid=1000(system) Binder:1111_1B expire 26 lines
03-02 19:31:24.924  4242  4301 E ActivityThread: Failed to find provider info for com.huawei.vdrive.mirrorlinktogo
03-02 19:31:24.926  4242  4300 E ActivityThread: Failed to find provider info for com.huawei.ziri
03-02 19:31:24.995  4242  4295 E ActivityThread: Failed to find provider info for com.android.dialer.database.filterednumberprovider
03-02 19:31:25.006  4242  4295 E ActivityThread: Failed to find provider info for com.android.dialer.database.filterednumberprovider
03-02 19:31:25.079  1111  2177 I chatty  : uid=1000(system) AudioService expire 1 line
03-02 19:31:25.092  1111  1548 I chatty  : uid=1000(system) android.io expire 2 lines
03-02 19:31:25.874  1111  2086 I chatty  : uid=1000(system) android.anim expire 9 lines
03-02 19:31:25.878  1111  1463 I chatty  : uid=1000(system) android.ui expire 5 lines
03-02 19:31:25.891  2630  2913 I HwNetworkPolicyManager: getHwUidPolicy uid = 1001 policy = 0
03-02 19:31:25.911  4242  4242 V ActivityThread: ActivityThread,callActivityOnCreate
03-02 19:31:26.364  4242  4242 W SettingsEx: SettingsEx.Systemex.getString deprecated use Settings.System.getString instead ;callers=com.android.incallui.CallCardPresenter.loadCustomDisplayNumbers:2065 com.android.incallui.CallCardPresenter.init:287 com.android.incallui.CallCardFragment.init:570 
03-02 19:31:26.676  4242  4242 D ActivityThread: add activity client record, r= ActivityRecord{aae8273 token=android.os.BinderProxy@a4e4174 {com.android.incallui/com.android.incallui.InCallActivity}} token= android.os.BinderProxy@a4e4174
03-02 19:31:26.823  1111  4345 I chatty  : uid=1000 system_server expire 3 lines
03-02 19:31:26.834  1111  4346 I chatty  : uid=1000 system_server expire 2 lines
03-02 19:31:27.061  1111  1549 I chatty  : uid=1000(system) android.display expire 10 lines
03-02 19:31:27.233  4242  4242 V ActivityThread: Handle window ActivityRecord{aae8273 token=android.os.BinderProxy@a4e4174 {com.android.incallui/com.android.incallui.InCallActivity}} visibility: true
03-02 19:31:27.244  2275  2293 I CommandQueue: updateBarBgColor
03-02 19:31:27.244  2275  2293 D CommandQueue: CommandQueue, setBarBackgroundColor
03-02 19:31:27.314  1111  1579 I chatty  : uid=1000(system) PowerManagerSer expire 15 lines
03-02 19:31:27.363   883   907 E SchedPolicy: add_tid_to_cgroup failed; fd=-1
03-02 19:31:27.422  1111  2233 I chatty  : uid=1000(system) PhotonicModulat expire 1 line
03-02 19:31:27.485  1111  2142 I chatty  : uid=1000(system) StorageManagerS expire 6 lines
03-02 19:31:27.499  1111  4377 I chatty  : uid=1000 system_server expire 14 lines
03-02 19:31:27.515   448   453 I vold    : TrimTask running tasks: 0
03-02 19:31:27.518  1111  2145 I chatty  : uid=1000(system) VoldConnector expire 1 line
03-02 19:31:27.558  1111  6442 I chatty  : uid=1000(system) Binder:1111_15 expire 6 lines
03-02 19:31:27.564  1111  2478 I chatty  : uid=1000(system) Binder:1111_7 expire 2 lines
03-02 19:31:27.618  1111  1663 I chatty  : uid=1000(system) Binder:1111_3 expire 3 lines
03-02 19:31:27.766  1111  4041 I chatty  : uid=1000(system) Binder:1111_F expire 1 line
03-02 19:31:27.850  1111  2168 I chatty  : uid=1000(system) ConnectivitySer expire 2 lines
03-02 19:31:27.924  2445  2445 I HwCoreAppHelperService: LocalReceiver receives:android.intent.action.PACKAGE_RESTARTED,pkg:com.huawei.hidisk,uid:1001
03-02 19:31:28.135  1111  2165 I chatty  : uid=1000(system) WifiP2pService expire 9 lines
03-02 19:31:28.200  1111  1111 I chatty  : uid=1000 system_server expire 45 lines
03-02 19:31:28.238  2481  2481 W SettingsEx: SettingsEx.Systemex.getString deprecated use Settings.System.getString instead ;callers=com.android.internal.telephony.gsm.HwCustGsmServiceStateManagerImpl.isMccForShowNetname:209 com.android.internal.telephony.gsm.HwCustGsmServiceStateManagerImpl.isShowNetnameByMcc:200 com.android.internal.telephony.gsm.HwCustGsmServiceStateManagerImpl.setOnsDisplayCustomization:151 
03-02 19:31:28.285  1111  1462 I chatty  : uid=1000(system) ActivityManager expire 10 lines
03-02 19:31:28.410  2481  2481 W SettingsEx: SettingsEx.Systemex.getString deprecated use Settings.System.getString instead ;callers=com.android.internal.telephony.gsm.HwCustGsmServiceStateManagerImpl.isMccForShowNetname:209 com.android.internal.telephony.gsm.HwCustGsmServiceStateManagerImpl.isShowNetnameByMcc:200 com.android.internal.telephony.gsm.HwCustGsmServiceStateManagerImpl.setOnsDisplayCustomization:151 
03-02 19:31:28.427  1111 10772 I chatty  : uid=1000(system) Binder:1111_1D expire 3 lines
03-02 19:31:28.429  4399  4399 D ActivityThread: ActivityThread,attachApplication
03-02 19:31:28.433  1111  5770 I chatty  : uid=1000(system) Binder:1111_12 expire 7 lines
03-02 19:31:28.524  2481  2481 D Telephony-TelecomAccountRegistry: onServiceStateChanged1 newState : 0, mServiceState : 0
03-02 19:31:28.765  1111 11767 I chatty  : uid=1000(system) Binder:1111_1E expire 10 lines
03-02 19:31:28.817  4423  4423 D ActivityThread: ActivityThread,attachApplication
03-02 19:31:28.946  1111  2478 I chatty  : uid=1000(system) Binder:1111_7 expire 10 lines
03-02 19:31:29.953  1111  4346 I chatty  : uid=1000 system_server expire 4 lines
03-02 19:31:30.947  1111  4377 I chatty  : uid=1000 system_server expire 6 lines
03-02 19:31:31.112  1111  1548 I chatty  : uid=1000(system) android.io expire 3 lines
03-02 19:31:31.477  1111  2094 I chatty  : uid=1000(system) UEventObserver expire 5 lines
03-02 19:31:33.623  1111  1463 I chatty  : uid=1000(system) android.ui expire 11 lines
03-02 19:31:35.060  1111  4041 I chatty  : uid=1000(system) Binder:1111_F expire 24 lines
03-02 19:31:35.064  1111  2595 I chatty  : uid=1000(system) CallAudioModeSt expire 6 lines
03-02 19:31:35.073  2481  2481 V Telephony-TelephonyConnection: onAnswer
03-02 19:31:35.073  2481  2481 V Telephony-TelephonyConnection: isValidRingingCall, returning true
03-02 19:31:35.073  2481  2481 I Telephony-TelephonyConnection: phone acceptCall
03-02 19:31:35.091  1111  6442 I chatty  : uid=1000(system) Binder:1111_15 expire 47 lines
03-02 19:31:35.391  2481  2481 D Telephony-TelephonyConnection: MSG_CDMA_VOICE_PRIVACY_OFF received
03-02 19:31:35.393  2481  2481 D Telephony-TelephonyConnection: MSG_CDMA_VOICE_PRIVACY_OFF received
03-02 19:31:35.401  2481  2481 V Telephony-TelephonyConnection: MSG_PRECISE_CALL_STATE_CHANGED
03-02 19:31:35.401  2481  2481 D Telephony-TelephonyConnection: updateStateInternal() mOriginalConnection= callId: TC@18_1 isExternal: N incoming: true state: ACTIVE post dial state: NOT_STARTED
03-02 19:31:35.401  2481  2481 D Telephony-TelephonyConnection: updateStateInternal() mOriginalConnection.getAddress()=xxxxxxxxxxxxxxx
03-02 19:31:35.402  2481  2481 V Telephony-TelephonyConnection: Update state from INCOMING to ACTIVE for [TelephonyConnection objId:103396133 telecomCallID:TC@18_1 type:gsm state:RINGING capabilities:[Capabilities: CAPABILITY_SUPPORT_HOLD CAPABILITY_MUTE CAPABILITY_CANNOT_DOWNGRADE_VIDEO_TO_AUDIO CAPABILITY_SPEED_UP_MT_AUDIO] properties:[Properties:] address:xxxxxxxxxxxxxxx originalConnection: callId: TC@18_1 isExternal: N incoming: true state: ACTIVE post dial state: NOT_STARTED partOfConf:N confSupported:Y]
03-02 19:31:35.402  2481  2481 V Telephony-TelephonyConnection: onStateChanged, state: ACTIVE
03-02 19:31:35.402  2481  2481 V Telephony-TelephonyConnection: isValidRingingCall, ringing call is not in ringing state
03-02 19:31:35.402  2481  2481 V Telephony-TelephonyConferenceController: onStateChange triggered in Conf Controller : connection = [TelephonyConnection objId:103396133 telecomCallID:TC@18_1 type:gsm state:ACTIVE capabilities:[Capabilities: CAPABILITY_SUPPORT_HOLD CAPABILITY_MUTE CAPABILITY_CANNOT_DOWNGRADE_VIDEO_TO_AUDIO CAPABILITY_SPEED_UP_MT_AUDIO] properties:[Properties:] address:xxxxxxxxxxxxxxx originalConnection: callId: TC@18_1 isExternal: N incoming: true state: ACTIVE post dial state: NOT_STARTED partOfConf:N confSupported:Y] state = 4
03-02 19:31:35.402  2481  2481 D Telephony-TelephonyConferenceController: Recalculate conference calls null [].
03-02 19:31:35.402  2481  2481 D Telephony-TelephonyConferenceController: Is there a match for all connections in connection service true
03-02 19:31:35.402  2481  2481 D Telephony-TelephonyConferenceController: not enough connections to be a conference!
03-02 19:31:35.402  2481  2481 V Telephony-TelephonyConferenceController: recalculateConferenceable : 1
03-02 19:31:35.403  2481  2481 D Telephony-TelephonyConferenceController: recalc - 4 [TelephonyConnection objId:103396133 telecomCallID:TC@18_1 type:gsm state:ACTIVE capabilities:[Capabilities: CAPABILITY_SUPPORT_HOLD CAPABILITY_MUTE CAPABILITY_CANNOT_DOWNGRADE_VIDEO_TO_AUDIO CAPABILITY_SPEED_UP_MT_AUDIO] properties:[Properties:] address:xxxxxxxxxxxxxxx originalConnection: callId: TC@18_1 isExternal: N incoming: true state: ACTIVE post dial state: NOT_STARTED partOfConf:N confSupported:Y] supportsConf? true
03-02 19:31:35.403  2481  2481 V Telephony-TelephonyConferenceController: conferenceable: 1
03-02 19:31:35.403  2481  2481 V Telephony-TelephonyConnection: isValidRingingCall, ringing call is not in ringing state
03-02 19:31:35.408  2481  2481 V Telephony-TelephonyConnection: refreshConferenceSupported : isConfSupp=true, isVidConfSupp=false, isMergeOfWifiAllowed=true, isWifi=false, isVoWifiEnabled=false
03-02 19:31:35.408  2481  2481 D Telephony-TelephonyConnection: refreshConferenceSupported = true.
03-02 19:31:35.464  1111  2581 I chatty  : uid=1000(system) BluetoothRouteM expire 2 lines
03-02 19:31:35.523  2445  2445 W ContextImpl: Calling a method in the system process without a qualified user: android.app.ContextImpl.startService:1656 android.content.ContextWrapper.startService:644 android.content.ContextWrapper.startService:644 com.huawei.motionservice.relayadapter.MotionServiceReceiver.onReceive:65 android.app.ActivityThread.handleReceiver:3804 
03-02 19:31:35.573  2481  2481 W SettingsEx: SettingsEx.Systemex.getString deprecated use Settings.System.getString instead ;callers=com.android.internal.telephony.gsm.HwCustGsmServiceStateManagerImpl.isMccForShowNetname:209 com.android.internal.telephony.gsm.HwCustGsmServiceStateManagerImpl.isShowNetnameByMcc:200 com.android.internal.telephony.gsm.HwCustGsmServiceStateManagerImpl.setOnsDisplayCustomization:151 
03-02 19:31:35.587  1111  2586 I chatty  : uid=1000(system) uteStateMachine expire 1 line
03-02 19:31:35.643  2481  2481 D Telephony-TelecomAccountRegistry: onServiceStateChanged0 newState : 0, mServiceState : 0
03-02 19:31:35.650  4451  4451 D ActivityThread: ActivityThread,attachApplication
03-02 19:31:35.680  2630  2911 I HwNetworkPolicyManager: forceUpdatePolicy isRoaming = false
03-02 19:31:35.852  1111  1579 I chatty  : uid=1000(system) PowerManagerSer expire 21 lines
03-02 19:31:35.859  1111  1549 I chatty  : uid=1000(system) android.display expire 8 lines
03-02 19:31:36.010  4480  4480 D ActivityThread: ActivityThread,attachApplication
03-02 19:31:36.063  1111  2177 I chatty  : uid=1000(system) AudioService expire 1 line
03-02 19:31:37.373  1111  2233 I chatty  : uid=1000(system) PhotonicModulat expire 2 lines
03-02 19:31:37.384  1111  2086 I chatty  : uid=1000(system) android.anim expire 6 lines
03-02 19:31:37.699  4242  4242 V ActivityThread: Finishing stop of ActivityRecord{aae8273 token=android.os.BinderProxy@a4e4174 {com.android.incallui/com.android.incallui.InCallActivity}}
03-02 19:31:39.259   883   907 E SchedPolicy: add_tid_to_cgroup failed; fd=-1
03-02 19:31:39.285  1111  1111 I chatty  : uid=1000 system_server expire 6 lines
03-02 19:31:39.325  1111  2478 I chatty  : uid=1000(system) Binder:1111_7 expire 2 lines
03-02 19:31:39.359  1111  9658 I chatty  : uid=1000(system) Binder:1111_1B expire 2 lines
03-02 19:31:39.369  1111  2142 I chatty  : uid=1000(system) StorageManagerS expire 4 lines
03-02 19:31:39.371   448   453 I vold    : TrimTask running tasks: 0
03-02 19:31:39.373  1111  2145 I chatty  : uid=1000(system) VoldConnector expire 2 lines
03-02 19:31:39.387  1111  2165 I chatty  : uid=1000(system) WifiP2pService expire 8 lines
03-02 19:31:39.391  1111  1579 I chatty  : uid=1000(system) PowerManagerSer expire 20 lines
03-02 19:31:39.403  1111  9658 I chatty  : uid=1000(system) Binder:1111_1B expire 3 lines
03-02 19:31:39.410  1111  4377 I chatty  : uid=1000 system_server expire 7 lines
03-02 19:31:39.441  1111  1549 I chatty  : uid=1000(system) android.display expire 20 lines
03-02 19:31:39.442  1111  1463 I chatty  : uid=1000(system) android.ui expire 15 lines
03-02 19:31:39.471  1111  1111 I chatty  : uid=1000 system_server expire 19 lines
03-02 19:31:39.544  1111  4041 I chatty  : uid=1000(system) Binder:1111_F expire 9 lines
03-02 19:31:39.567  1111  2233 I chatty  : uid=1000(system) PhotonicModulat expire 2 lines
03-02 19:31:39.589  1111  2478 I chatty  : uid=1000(system) Binder:1111_7 expire 11 lines
03-02 19:31:39.710  1111 11767 I chatty  : uid=1000(system) Binder:1111_1E expire 10 lines
03-02 19:31:39.727  4242  4242 V ActivityThread: Finishing stop of ActivityRecord{aae8273 token=android.os.BinderProxy@a4e4174 {com.android.incallui/com.android.incallui.InCallActivity}}
03-02 19:31:40.408  1111  1548 I chatty  : uid=1000(system) android.io expire 1 line
03-02 19:32:20.692  1111  2094 I chatty  : uid=1000(system) UEventObserver expire 6 lines
03-02 19:32:33.639   883   907 E SchedPolicy: add_tid_to_cgroup failed; fd=-1
03-02 19:32:33.639  1111  1579 I chatty  : uid=1000(system) PowerManagerSer expire 5 lines
03-02 19:32:33.651  1111  2086 I chatty  : uid=1000(system) android.anim expire 6 lines
03-02 19:32:33.668  1111  2142 I chatty  : uid=1000(system) StorageManagerS expire 6 lines
03-02 19:32:33.671  1111  1111 I chatty  : uid=1000 system_server expire 13 lines
03-02 19:32:33.690   448   453 I vold    : TrimTask running tasks: 0
03-02 19:32:33.693  1111  6442 I chatty  : uid=1000(system) Binder:1111_15 expire 10 lines
03-02 19:32:34.571  2481  2481 V Telephony-TelephonyConnection: onDisconnect
03-02 19:32:34.571  2481  2481 V Telephony-TelephonyConnection: isValidRingingCall, ringing call is not in ringing state
03-02 19:32:34.571  2481  2481 D Telephony-TelephonyConnection: hangup - connection.hangup
03-02 19:32:34.707  1111  2503 I chatty  : uid=1000(system) Binder:1111_9 expire 6 lines
03-02 19:32:34.714  1111  1463 I chatty  : uid=1000(system) android.ui expire 3 lines
03-02 19:32:34.725  2275  2275 V KeyguardStatusView: refresh statusview showing:true
03-02 19:32:34.742  2630  2913 I HwNetworkPolicyManager: getHwUidPolicy uid = 10038 policy = 0
03-02 19:32:34.818  2481  2481 D Telephony-TelephonyConnection: MSG_DISCONNECT
03-02 19:32:34.818  2481  2481 D Telephony-TelephonyConnection: updateStateInternal() mOriginalConnection= callId: TC@18_1 isExternal: N incoming: true state: DISCONNECTED post dial state: NOT_STARTED
03-02 19:32:34.818  2481  2481 D Telephony-TelephonyConnection: updateStateInternal() mOriginalConnection.getAddress()=xxxxxxxxxxxxxxx
03-02 19:32:34.818  2481  2481 V Telephony-TelephonyConnection: Update state from ACTIVE to DISCONNECTED for [TelephonyConnection objId:103396133 telecomCallID:TC@18_1 type:gsm state:ACTIVE capabilities:[Capabilities: CAPABILITY_HOLD CAPABILITY_SUPPORT_HOLD CAPABILITY_MUTE CAPABILITY_CANNOT_DOWNGRADE_VIDEO_TO_AUDIO CAPABILITY_SPEED_UP_MT_AUDIO] properties:[Properties:] address:xxxxxxxxxxxxxxx originalConnection: callId: TC@18_1 isExternal: N incoming: true state: DISCONNECTED post dial state: NOT_STARTED partOfConf:N confSupported:Y]
03-02 19:32:34.818  2481  2481 D Telephony-DisconnectCauseUtil: toTelecomDisconnectCauseTone + telephonyDisconnectCause=3
03-02 19:32:34.818  2481  2481 V Telephony-TelephonyConnection: onStateChanged, state: DISCONNECTED
03-02 19:32:34.818  2481  2481 V Telephony-TelephonyConnection: isValidRingingCall, ringing call is not in ringing state
03-02 19:32:34.819  2481  2481 V Telephony-TelephonyConferenceController: onStateChange triggered in Conf Controller : connection = [TelephonyConnection objId:103396133 telecomCallID:TC@18_1 type:gsm state:DISCONNECTED capabilities:[Capabilities: CAPABILITY_HOLD CAPABILITY_SUPPORT_HOLD CAPABILITY_MUTE CAPABILITY_CANNOT_DOWNGRADE_VIDEO_TO_AUDIO CAPABILITY_SPEED_UP_MT_AUDIO] properties:[Properties:] address:xxxxxxxxxxxxxxx originalConnection: callId: TC@18_1 isExternal: N incoming: true state: DISCONNECTED post dial state: NOT_STARTED partOfConf:N confSupported:Y] state = 6
03-02 19:32:34.819  2481  2481 D Telephony-TelephonyConferenceController: Recalculate conference calls null [].
03-02 19:32:34.819  2481  2481 D Telephony-TelephonyConferenceController: Is there a match for all connections in connection service true
03-02 19:32:34.820  1111 11767 I chatty  : uid=1000(system) Binder:1111_1E expire 13 lines
03-02 19:32:34.821  2481  2481 D Telephony-TelephonyConferenceController: not enough connections to be a conference!
03-02 19:32:34.821  2481  2481 V Telephony-TelephonyConferenceController: recalculateConferenceable : 1
03-02 19:32:34.821  2481  2481 D Telephony-TelephonyConferenceController: recalc - 6 [TelephonyConnection objId:103396133 telecomCallID:TC@18_1 type:gsm state:DISCONNECTED capabilities:[Capabilities: CAPABILITY_HOLD CAPABILITY_SUPPORT_HOLD CAPABILITY_MUTE CAPABILITY_CANNOT_DOWNGRADE_VIDEO_TO_AUDIO CAPABILITY_SPEED_UP_MT_AUDIO] properties:[Properties:] address:xxxxxxxxxxxxxxx originalConnection: callId: TC@18_1 isExternal: N incoming: true state: DISCONNECTED post dial state: NOT_STARTED partOfConf:N confSupported:Y] supportsConf? true
03-02 19:32:34.822  2481  2481 V Telephony-TelephonyConferenceController: conferenceable: 0
03-02 19:32:34.822  2481  2481 D Telephony-TelephonyConferenceController: Recalculate conference calls null [].
03-02 19:32:34.822  2481  2481 D Telephony-TelephonyConferenceController: Is there a match for all connections in connection service true
03-02 19:32:34.822  2481  2481 D Telephony-TelephonyConferenceController: not enough connections to be a conference!
03-02 19:32:34.822  2481  2481 V Telephony-TelephonyConferenceController: recalculateConferenceable : 1
03-02 19:32:34.822  2481  2481 D Telephony-TelephonyConferenceController: recalc - 6 [TelephonyConnection objId:103396133 telecomCallID:TC@18_1 type:gsm state:DISCONNECTED capabilities:[Capabilities: CAPABILITY_HOLD CAPABILITY_SUPPORT_HOLD CAPABILITY_MUTE CAPABILITY_CANNOT_DOWNGRADE_VIDEO_TO_AUDIO CAPABILITY_SPEED_UP_MT_AUDIO] properties:[Properties:] address:xxxxxxxxxxxxxxx originalConnection: callId: TC@18_1 isExternal: N incoming: true state: DISCONNECTED post dial state: NOT_STARTED partOfConf:N confSupported:Y] supportsConf? true
03-02 19:32:34.822  2481  2481 V Telephony-TelephonyConferenceController: conferenceable: 0
03-02 19:32:34.822  2481  2481 V Telephony-TelephonyConnection: close
03-02 19:32:34.822  2481  2481 I Telephony-TelephonyConnection: close session while phone state IDLE
03-02 19:32:34.822  2481  2481 I Telephony-TelephonyConnection: disable local call hold, if not already done by telecomm service
03-02 19:32:34.822  2481  2481 I Telephony-setLocalCallHold: lchStatus:0 phoneId:0 sLchState:[0, 0]
03-02 19:32:34.823  2481  2481 D Telephony-TelephonyConnection: clearOriginalConnection
03-02 19:32:34.823  2481  2481 D Telephony-TelephonyConferenceController: Recalculate conference calls null [].
03-02 19:32:34.823  2481  2481 D Telephony-TelephonyConferenceController: Is there a match for all connections in connection service true
03-02 19:32:34.823  2481  2481 D Telephony-TelephonyConferenceController: not enough connections to be a conference!
03-02 19:32:34.823  2481  2481 V Telephony-TelephonyConferenceController: recalculateConferenceable : 0
03-02 19:32:34.823  2481  2481 V Telephony-TelephonyConferenceController: conferenceable: 0
03-02 19:32:34.823  2481  2481 V Telephony-TelephonyConnection: isValidRingingCall, phone is null
03-02 19:32:34.823  2481  2481 V Telephony-TelephonyConnection: MSG_PRECISE_CALL_STATE_CHANGED
03-02 19:32:34.847  1111  2468 I chatty  : uid=1000(system) Binder:1111_6 expire 46 lines
03-02 19:32:34.868  1111  2581 I chatty  : uid=1000(system) BluetoothRouteM expire 2 lines
03-02 19:32:34.919  1111  4574 I chatty  : uid=1000 system_server expire 1 line
03-02 19:32:34.925  1111  2586 I chatty  : uid=1000(system) uteStateMachine expire 1 line
03-02 19:32:34.926  1111  2595 I chatty  : uid=1000(system) CallAudioModeSt expire 3 lines
03-02 19:32:34.935  1111  1462 I chatty  : uid=1000(system) ActivityManager expire 4 lines
03-02 19:32:34.939  1111  4575 I chatty  : uid=1000 system_server expire 1 line
03-02 19:32:34.940  1111  2581 I chatty  : uid=1000(system) BluetoothRouteM expire 4 lines
03-02 19:32:34.975  1111  4574 I chatty  : uid=1000 system_server expire 7 lines
03-02 19:32:34.988  1111  2468 I chatty  : uid=1000(system) Binder:1111_6 expire 19 lines
03-02 19:32:35.037  4577  4577 D ActivityThread: ActivityThread,attachApplication
03-02 19:32:35.038  1111  2478 I chatty  : uid=1000(system) Binder:1111_7 expire 10 lines
03-02 19:32:35.055  1111  2151 I chatty  : uid=1000(system) tworkPolicy.uid expire 6 lines
03-02 19:32:35.061  1111  2148 I chatty  : uid=1000(system) NetdConnector expire 12 lines
03-02 19:32:35.084  2404  2404 W ContextImpl: Calling a method in the system process without a qualified user: android.app.ContextImpl.sendBroadcast:1095 com.huawei.android.chr.ProtocolLogManager.setCallInfo2DbEx:1240 com.huawei.android.chr.ProtocolLogManager.setCSCallInfo2DbEx:1167 com.huawei.android.chr.callservice.ChrCallServiceTracker.handleCallLost:542 com.huawei.android.chr.callservice.ChrCallServiceTracker.-wrap0:0 
03-02 19:32:35.094  1111  2586 I chatty  : uid=1000(system) uteStateMachine expire 8 lines
03-02 19:32:35.140  1111  9658 I chatty  : uid=1000(system) Binder:1111_1B expire 10 lines
03-02 19:32:35.240  2481  2481 W SettingsEx: SettingsEx.Systemex.getString deprecated use Settings.System.getString instead ;callers=com.android.internal.telephony.gsm.HwCustGsmServiceStateManagerImpl.isMccForShowNetname:209 com.android.internal.telephony.gsm.HwCustGsmServiceStateManagerImpl.isShowNetnameByMcc:200 com.android.internal.telephony.gsm.HwCustGsmServiceStateManagerImpl.setOnsDisplayCustomization:151 
03-02 19:32:35.257  1111  1111 I chatty  : uid=1000 system_server expire 33 lines
03-02 19:32:35.265  1111  1462 I chatty  : uid=1000(system) ActivityManager expire 10 lines
03-02 19:32:35.305  2481  2481 D Telephony-TelecomAccountRegistry: onServiceStateChanged0 newState : 0, mServiceState : 0
03-02 19:32:35.306  1111  2595 I chatty  : uid=1000(system) CallAudioModeSt expire 3 lines
03-02 19:32:35.336  4609  4609 D ActivityThread: ActivityThread,attachApplication
03-02 19:32:35.336  1111 11767 I chatty  : uid=1000(system) Binder:1111_1E expire 15 lines
03-02 19:32:35.354  2630  2911 I HwNetworkPolicyManager: forceUpdatePolicy isRoaming = false
03-02 19:32:35.536  1111  2503 I chatty  : uid=1000(system) Binder:1111_9 expire 5 lines
03-02 19:32:35.597  1111  2177 I chatty  : uid=1000(system) AudioService expire 3 lines
03-02 19:32:35.618  2630  2911 I HwNetworkPolicyManager: forceUpdatePolicy isRoaming = false
03-02 19:32:35.686  2481  2481 D Telephony-TelecomAccountRegistry: onServiceStateChanged0 newState : 0, mServiceState : 0
03-02 19:32:35.743  1111  6442 I chatty  : uid=1000(system) Binder:1111_15 expire 8 lines
03-02 19:32:35.870  4643  4643 D ActivityThread: ActivityThread,attachApplication
03-02 19:32:35.927  1111  1548 I chatty  : uid=1000(system) android.io expire 5 lines
03-02 19:32:36.307  4661  4661 D ActivityThread: ActivityThread,attachApplication
03-02 19:32:36.584  4679  4679 D ActivityThread: ActivityThread,attachApplication
03-02 19:32:36.907  4717  4717 D ActivityThread: ActivityThread,attachApplication
03-02 19:32:38.365  2481  2481 W SettingsEx: SettingsEx.Systemex.getString deprecated use Settings.System.getString instead ;callers=com.android.internal.telephony.gsm.HwCustGsmServiceStateManagerImpl.isMccForShowNetname:209 com.android.internal.telephony.gsm.HwCustGsmServiceStateManagerImpl.isShowNetnameByMcc:200 com.android.internal.telephony.gsm.HwCustGsmServiceStateManagerImpl.setOnsDisplayCustomization:151 
03-02 19:32:38.475  2481  2481 W SettingsEx: SettingsEx.Systemex.getString deprecated use Settings.System.getString instead ;callers=com.android.internal.telephony.gsm.HwCustGsmServiceStateManagerImpl.isMccForShowNetname:209 com.android.internal.telephony.gsm.HwCustGsmServiceStateManagerImpl.isShowNetnameByMcc:200 com.android.internal.telephony.gsm.HwCustGsmServiceStateManagerImpl.setOnsDisplayCustomization:151 
03-02 19:32:38.482  2481  2481 D Telephony-TelecomAccountRegistry: onServiceStateChanged0 newState : 0, mServiceState : 0
03-02 19:32:38.486  2630  2911 I HwNetworkPolicyManager: forceUpdatePolicy isRoaming = false
03-02 19:32:38.741  1111  1463 I chatty  : uid=1000(system) android.ui expire 3 lines
03-02 19:32:41.611  1111  2094 I chatty  : uid=1000(system) UEventObserver expire 11 lines
03-02 19:32:43.248  1111  4377 I chatty  : uid=1000 system_server expire 16 lines
03-02 19:32:43.284  2445  2445 I HwCoreAppHelperService: LocalReceiver receives:android.intent.action.PACKAGE_RESTARTED,pkg:com.huawei.hidisk,uid:1001
03-02 19:32:43.286  1111  6896 I chatty  : uid=1000(system) Binder:1111_16 expire 1 line
03-02 19:32:43.287  1111  2168 I chatty  : uid=1000(system) ConnectivitySer expire 2 lines
03-02 19:32:45.336  1111  1579 I chatty  : uid=1000(system) PowerManagerSer expire 12 lines
03-02 19:32:45.606  1111  2233 I chatty  : uid=1000(system) PhotonicModulat expire 1 line
03-02 19:32:45.607  1111  1549 I chatty  : uid=1000(system) android.display expire 3 lines
03-02 19:32:45.627  1111  2814 I chatty  : uid=1000(system) Binder:1111_C expire 5 lines
03-02 19:32:45.630  1111  7729 I chatty  : uid=1000(system) Binder:1111_17 expire 1 line
03-02 19:32:45.649  1111  2165 I chatty  : uid=1000(system) WifiP2pService expire 4 lines
03-02 19:32:45.827  1111  1663 I chatty  : uid=1000(system) Binder:1111_3 expire 2 lines
03-02 19:32:45.970  2481  2481 W SettingsEx: SettingsEx.Systemex.getString deprecated use Settings.System.getString instead ;callers=com.android.internal.telephony.gsm.HwCustGsmServiceStateManagerImpl.isMccForShowNetname:209 com.android.internal.telephony.gsm.HwCustGsmServiceStateManagerImpl.isShowNetnameByMcc:200 com.android.internal.telephony.gsm.HwCustGsmServiceStateManagerImpl.setOnsDisplayCustomization:151 
03-02 19:32:45.982  1111  1111 I chatty  : uid=1000 system_server expire 13 lines
03-02 19:32:46.010  2630  2911 I HwNetworkPolicyManager: forceUpdatePolicy isRoaming = false
03-02 19:32:46.041  2481  2481 W SettingsEx: SettingsEx.Systemex.getString deprecated use Settings.System.getString instead ;callers=com.android.internal.telephony.gsm.HwCustGsmServiceStateManagerImpl.isMccForShowNetname:209 com.android.internal.telephony.gsm.HwCustGsmServiceStateManagerImpl.isShowNetnameByMcc:200 com.android.internal.telephony.gsm.HwCustGsmServiceStateManagerImpl.setOnsDisplayCustomization:151 
03-02 19:32:46.046  2481  2481 D Telephony-TelecomAccountRegistry: onServiceStateChanged0 newState : 0, mServiceState : 0
03-02 19:32:46.242  1111  5026 I chatty  : uid=1000(system) Binder:1111_10 expire 12 lines
03-02 19:32:46.291  4873  4873 D ActivityThread: ActivityThread,attachApplication
03-02 19:32:54.208  1111  2371 I chatty  : uid=1000(system) watchdog expire 1 line
03-02 19:33:06.049  4904  4904 D ActivityThread: ActivityThread,attachApplication
03-02 19:33:16.705  1111  2094 I chatty  : uid=1000(system) UEventObserver expire 6 lines
03-02 19:33:16.733  1111  1111 I chatty  : uid=1000 system_server expire 2 lines
03-02 19:33:16.749  1111  9658 I chatty  : uid=1000(system) Binder:1111_1B expire 10 lines
03-02 19:34:07.614  1111  5026 I chatty  : uid=1000(system) Binder:1111_10 expire 6 lines
03-02 19:34:07.624  1111  1111 I chatty  : uid=1000 system_server expire 11 lines
03-02 19:34:07.637  4936  4936 D ActivityThread: ActivityThread,attachApplication
03-02 19:34:07.638  1111  1663 I chatty  : uid=1000(system) Binder:1111_3 expire 3 lines
03-02 19:34:40.807  1111  2094 I chatty  : uid=1000(system) UEventObserver expire 19 lines
03-02 19:34:40.900  2481  2481 W SettingsEx: SettingsEx.Systemex.getString deprecated use Settings.System.getString instead ;callers=com.android.internal.telephony.gsm.HwCustGsmServiceStateManagerImpl.isMccForShowNetname:209 com.android.internal.telephony.gsm.HwCustGsmServiceStateManagerImpl.isShowNetnameByMcc:200 com.android.internal.telephony.gsm.HwCustGsmServiceStateManagerImpl.setOnsDisplayCustomization:151 
03-02 19:34:40.925  1111  1462 I chatty  : uid=1000(system) ActivityManager expire 6 lines
03-02 19:34:40.952  2481  2481 D Telephony-TelecomAccountRegistry: onServiceStateChanged0 newState : 0, mServiceState : 0
03-02 19:34:40.982  2630  2911 I HwNetworkPolicyManager: forceUpdatePolicy isRoaming = false
03-02 19:34:52.342  2481  2481 W SettingsEx: SettingsEx.Systemex.getString deprecated use Settings.System.getString instead ;callers=com.android.internal.telephony.gsm.HwCustGsmServiceStateManagerImpl.isMccForShowNetname:209 com.android.internal.telephony.gsm.HwCustGsmServiceStateManagerImpl.isShowNetnameByMcc:200 com.android.internal.telephony.gsm.HwCustGsmServiceStateManagerImpl.setOnsDisplayCustomization:151 
03-02 19:34:52.359  1111  1111 I chatty  : uid=1000 system_server expire 17 lines
03-02 19:34:52.438  2481  2481 D Telephony-TelecomAccountRegistry: onServiceStateChanged0 newState : 0, mServiceState : 0
03-02 19:34:52.452  1111  2814 I chatty  : uid=1000(system) Binder:1111_C expire 12 lines
03-02 19:35:01.306  2630  2911 I HwNetworkPolicyManager: forceUpdatePolicy isRoaming = false
03-02 19:35:46.394  1111  1459 I chatty  : uid=1000(system) android.bg expire 1 line
03-02 19:35:46.431  1111  2150 I chatty  : uid=1000(system) NetworkPolicy expire 2 lines
03-02 19:35:46.439  1111  2148 I chatty  : uid=1000(system) NetdConnector expire 10 lines
03-02 19:36:08.890  1111  1548 I chatty  : uid=1000(system) android.io expire 2 lines
03-02 19:37:05.120  1111  2140 I chatty  : uid=1000(system) InputReader expire 2 lines
03-02 19:37:05.121  1111  1579 I chatty  : uid=1000(system) PowerManagerSer expire 7 lines
03-02 19:37:05.197  1111  2086 I chatty  : uid=1000(system) android.anim expire 4 lines
03-02 19:37:05.197  5012  5012 D ActivityThread: ActivityThread,attachApplication
03-02 19:37:05.201  1111  2142 I chatty  : uid=1000(system) StorageManagerS expire 2 lines
03-02 19:37:05.203   448   453 I vold    : TrimTask running tasks: 0
03-02 19:37:05.205  1111  2145 I chatty  : uid=1000(system) VoldConnector expire 1 line
03-02 19:37:05.207  1111  1111 I chatty  : uid=1000 system_server expire 23 lines
03-02 19:37:05.212  1111  2233 I chatty  : uid=1000(system) PhotonicModulat expire 1 line
